
Discarded input sections

 .text          0x00000000        0x0 /tmp/ccRAdWvA.ltrans0.ltrans.o
 .data          0x00000000        0x0 /tmp/ccRAdWvA.ltrans0.ltrans.o
 .bss           0x00000000        0x0 /tmp/ccRAdWvA.ltrans0.ltrans.o
 .text.__puts_uart
                0x00000000       0x20 /tmp/ccRAdWvA.ltrans0.ltrans.o
 .text.vprintf  0x00000000       0x16 /tmp/ccRAdWvA.ltrans0.ltrans.o
 .text.mini_vsnprintf
                0x00000000       0x42 /tmp/ccRAdWvA.ltrans0.ltrans.o
 .text.snprintf
                0x00000000       0x20 /tmp/ccRAdWvA.ltrans0.ltrans.o
 .text.sprintf  0x00000000       0x2a /tmp/ccRAdWvA.ltrans0.ltrans.o
 .text.memset   0x00000000       0x12 /tmp/ccRAdWvA.ltrans0.ltrans.o
 .text.strcpy   0x00000000       0x14 /tmp/ccRAdWvA.ltrans0.ltrans.o
 .text.strncpy  0x00000000       0x1c /tmp/ccRAdWvA.ltrans0.ltrans.o
 .text.strcmp   0x00000000       0x1a /tmp/ccRAdWvA.ltrans0.ltrans.o
 .text.strncmp  0x00000000       0x2e /tmp/ccRAdWvA.ltrans0.ltrans.o
 .text.strchr   0x00000000       0x16 /tmp/ccRAdWvA.ltrans0.ltrans.o
 .text.strrchr  0x00000000       0x3c /tmp/ccRAdWvA.ltrans0.ltrans.o
 .text.memcmp   0x00000000       0x20 /tmp/ccRAdWvA.ltrans0.ltrans.o
 .text.memmove  0x00000000       0x5e /tmp/ccRAdWvA.ltrans0.ltrans.o
 .text.memchr   0x00000000       0x1a /tmp/ccRAdWvA.ltrans0.ltrans.o
 .text.strnlen  0x00000000       0x2a /tmp/ccRAdWvA.ltrans0.ltrans.o
 .text.twoway_strstr
                0x00000000      0x256 /tmp/ccRAdWvA.ltrans0.ltrans.o
 .text.strstr   0x00000000      0x118 /tmp/ccRAdWvA.ltrans0.ltrans.o
 .text.setjmp   0x00000000       0x38 /tmp/ccRAdWvA.ltrans0.ltrans.o
 .text.longjmp  0x00000000       0x3c /tmp/ccRAdWvA.ltrans0.ltrans.o
 .comment       0x00000000       0x34 /tmp/ccRAdWvA.ltrans0.ltrans.o
 .note.GNU-stack
                0x00000000        0x0 /tmp/ccRAdWvA.ltrans0.ltrans.o
 .comment       0x00000000       0x34 /tmp/ccKeTpk7.debug.temp.o
 .note.GNU-stack
                0x00000000        0x0 /tmp/ccKeTpk7.debug.temp.o
 .comment       0x00000000       0x34 /tmp/ccesaXWQ.debug.temp.o
 .note.GNU-stack
                0x00000000        0x0 /tmp/ccesaXWQ.debug.temp.o

Memory Configuration

Name             Origin             Length             Attributes
FLASH            0x00000000         0x0000f800         xr
RAM              0x20000000         0x00005000         xrw
*default*        0x00000000         0xffffffff

Linker script and memory map

LOAD /tmp/ccz8xrBg.o
LOAD /tmp/ccRAdWvA.ltrans0.ltrans.o
LOAD /tmp/ccKeTpk7.debug.temp.o
LOAD /tmp/ccesaXWQ.debug.temp.o
LOAD /tmp/ccVnRam9.o
LOAD /opt/xpack/riscv-none-elf-gcc/bin/../lib/gcc/riscv-none-elf/14.2.0/libgcc.a

.init           0x00000000       0xe0
                0x00000000                        _sinit = .
                0x00000000                        . = ALIGN (0x4)
 *(SORT_NONE(.init))
 .init          0x00000000       0xde /tmp/ccRAdWvA.ltrans0.ltrans.o
                0x00000000                InterruptVectorDefault
                0x00000000                InterruptVector
                0x000000e0                        . = ALIGN (0x4)
 *fill*         0x000000de        0x2 
                0x000000e0                        _einit = .

.text           0x000000e0     0x1298
                0x000000e0                        . = ALIGN (0x4)
 *(.text)
 *(.text.*)
 .text.mini_pad
                0x000000e0       0x8a /tmp/ccRAdWvA.ltrans0.ltrans.o
 .text._puts    0x0000016a       0x42 /tmp/ccRAdWvA.ltrans0.ltrans.o
 .text.mini_itoa.part.0
                0x000001ac       0x90 /tmp/ccRAdWvA.ltrans0.ltrans.o
 .text.USBFS_InternalFinishSetup
                0x0000023c       0xa8 /tmp/ccRAdWvA.ltrans0.ltrans.o
 .text.DelaySysTick.constprop.0
                0x000002e4       0x32 /tmp/ccRAdWvA.ltrans0.ltrans.o
 .text.handle_reset
                0x00000316       0x7a /tmp/ccRAdWvA.ltrans0.ltrans.o
                0x00000316                handle_reset
 .text.vector_handler
                0x00000390      0x6ae /tmp/ccRAdWvA.ltrans0.ltrans.o
                0x00000390                EXTI2_IRQHandler
                0x00000390                TIM8_TRG_COM_IRQHandler
                0x00000390                TIM8_CC_IRQHandler
                0x00000390                UART8_IRQHandler
                0x00000390                NFC_IRQHandler
                0x00000390                TIM1_CC_IRQHandler
                0x00000390                HardFault_Handler
                0x00000390                GPIOB_IRQHandler
                0x00000390                USBPD_IRQHandler
                0x00000390                TIM6_IRQHandler
                0x00000390                GPIOA_IRQHandler
                0x00000390                PVD_IRQHandler
                0x00000390                SDIO_IRQHandler
                0x00000390                TIM9_BRK_IRQHandler
                0x00000390                DMA2_Channel8_IRQHandler
                0x00000390                CAN2_RX1_IRQHandler
                0x00000390                EXTI3_IRQHandler
                0x00000390                UART1_IRQHandler
                0x00000390                USBHS_IRQHandler
                0x00000390                DMA2_Channel9_IRQHandler
                0x00000390                TIM10_CC_IRQHandler
                0x00000390                EXTI25_16_IRQHandler
                0x00000390                UART0_IRQHandler
                0x00000390                EXTI0_IRQHandler
                0x00000390                I2C2_EV_IRQHandler
                0x00000390                TIM10_TRG_COM_IRQHandler
                0x00000390                LPTIM_IRQHandler
                0x00000390                CAN2_SCE_IRQHandler
                0x00000390                ADC1_2_IRQHandler
                0x00000390                BB_IRQHandler
                0x00000390                Break_Point_Handler
                0x00000390                TIM2_CC_IRQHandler
                0x00000390                SPI1_IRQHandler
                0x00000390                TAMPER_IRQHandler
                0x00000390                TMR0_IRQHandler
                0x00000390                AWU_IRQHandler
                0x00000390                EXTI7_0_IRQHandler
                0x00000390                CAN2_RX0_IRQHandler
                0x00000390                OSCWakeUp_IRQHandler
                0x00000390                TIM8_UP_IRQHandler
                0x00000390                Ecall_M_Mode_Handler
                0x00000390                DMA2_Channel2_IRQHandler
                0x00000390                DMA1_Channel4_IRQHandler
                0x00000390                ADC1_IRQHandler
                0x00000390                TIM2_BRK_IRQHandler
                0x00000390                TIM9_UP_IRQHandler
                0x00000390                USART3_IRQHandler
                0x00000390                RTC_IRQHandler
                0x00000390                DMA1_Channel7_IRQHandler
                0x00000390                LED_IRQHandler
                0x00000390                CAN1_RX1_IRQHandler
                0x00000390                DVP_IRQHandler
                0x00000390                UART5_IRQHandler
                0x00000390                EXTI15_8_IRQHandler
                0x00000390                TIM4_IRQHandler
                0x00000390                DMA2_Channel1_IRQHandler
                0x00000390                USBPD_WKUP_IRQHandler
                0x00000390                I2C1_EV_IRQHandler
                0x00000390                UART2_IRQHandler
                0x00000390                USART4_IRQHandler
                0x00000390                PWMX_IRQHandler
                0x00000390                DMA1_Channel6_IRQHandler
                0x00000390                UART4_IRQHandler
                0x00000390                DMA2_Channel4_IRQHandler
                0x00000390                TIM3_IRQHandler
                0x00000390                RCC_IRQHandler
                0x00000390                TIM1_TRG_COM_IRQHandler
                0x00000390                DMA1_Channel1_IRQHandler
                0x00000390                DMA2_Channel7_IRQHandler
                0x00000390                EXTI15_10_IRQHandler
                0x00000390                ADC_IRQHandler
                0x00000390                DMA1_Channel8_IRQHandler
                0x00000390                TMR2_IRQHandler
                0x00000390                DefaultIRQHandler
                0x00000390                TIM7_IRQHandler
                0x00000390                CAN2_TX_IRQHandler
                0x00000390                TIM5_IRQHandler
                0x00000390                USB_IRQHandler
                0x00000390                EXTI9_5_IRQHandler
                0x00000390                PIOC_IRQHandler
                0x00000390                SPI2_IRQHandler
                0x00000390                OSC32KCal_IRQHandler
                0x00000390                I2C_IRQHandler
                0x00000390                TIM10_BRK_IRQHandler
                0x00000390                TIM9_CC_IRQHandler
                0x00000390                DMA2_Channel5_IRQHandler
                0x00000390                USB2_IRQHandler
                0x00000390                USBHSWakeUp_IRQHandler
                0x00000390                DMA1_Channel5_IRQHandler
                0x00000390                EXTI4_IRQHandler
                0x00000390                USB_LP_CAN1_RX0_IRQHandler
                0x00000390                RNG_IRQHandler
                0x00000390                USB_HP_CAN1_TX_IRQHandler
                0x00000390                LLE_IRQHandler
                0x00000390                CMPWakeUp_IRQHandler
                0x00000390                DMA1_Channel3_IRQHandler
                0x00000390                FSMC_IRQHandler
                0x00000390                ETH_IRQHandler
                0x00000390                TIM1_UP_IRQHandler
                0x00000390                LPTIMWakeUp_IRQHandler
                0x00000390                WWDG_IRQHandler
                0x00000390                DMA2_Channel11_IRQHandler
                0x00000390                WDOG_BAT_IRQHandler
                0x00000390                Ecall_U_Mode_Handler
                0x00000390                TMR3_IRQHandler
                0x00000390                DMA2_Channel6_IRQHandler
                0x00000390                TIM2_IRQHandler
                0x00000390                SW_Handler
                0x00000390                TIM1_BRK_IRQHandler
                0x00000390                OPA_IRQHandler
                0x00000390                DMA2_Channel10_IRQHandler
                0x00000390                EXTI1_IRQHandler
                0x00000390                SPI0_IRQHandler
                0x00000390                USB2_HOST_IRQHandler
                0x00000390                RTCAlarm_IRQHandler
                0x00000390                TIM10_UP_IRQHandler
                0x00000390                TIM9_TRG_COM_IRQHandler
                0x00000390                UART7_IRQHandler
                0x00000390                USART2_IRQHandler
                0x00000390                UART6_IRQHandler
                0x00000390                ETHWakeUp_IRQHandler
                0x00000390                I2C2_ER_IRQHandler
                0x00000390                DMA1_Channel2_IRQHandler
                0x00000390                TIM8_BRK_IRQHandler
                0x00000390                TIM2_TRG_IRQHandler
                0x00000390                CAN1_SCE_IRQHandler
                0x00000390                FLASH_IRQHandler
                0x00000390                USBFSWakeUp_IRQHandler
                0x00000390                USART1_IRQHandler
                0x00000390                OTG_FS_IRQHandler
                0x00000390                SPI3_IRQHandler
                0x00000390                USBFS_WakeUp_IRQHandler
                0x00000390                UART3_IRQHandler
                0x00000390                I2C1_ER_IRQHandler
                0x00000390                USB2_DEVICE_IRQHandler
                0x00000390                TMR1_IRQHandler
                0x00000390                USBWakeUp_IRQHandler
                0x00000390                DMA2_Channel3_IRQHandler
                0x00000392                NMI_Handler
                0x00000392                NMI_RCC_CSS_IRQHandler
 .text.strlen   0x00000a3e       0x12 /tmp/ccRAdWvA.ltrans0.ltrans.o
                0x00000a3e                strlen
 .text.mini_vpprintf
                0x00000a50      0x1d4 /tmp/ccRAdWvA.ltrans0.ltrans.o
 .text.memcpy   0x00000c24       0x1c /tmp/ccRAdWvA.ltrans0.ltrans.o
                0x00000c24                memcpy
 .text.__puts_cdc
                0x00000c40       0x5a /tmp/ccRAdWvA.ltrans0.ltrans.o
 .text.puts     0x00000c9a       0x38 /tmp/ccRAdWvA.ltrans0.ltrans.o
                0x00000c9a                puts
 .text.SystemInit
                0x00000cd2       0x22 /tmp/ccRAdWvA.ltrans0.ltrans.o
                0x00000cd2                SystemInit
 .text.printf   0x00000cf4       0x28 /tmp/ccRAdWvA.ltrans0.ltrans.o
                0x00000cf4                printf
 .text.startup.main
                0x00000d1c      0x3d2 /tmp/ccRAdWvA.ltrans0.ltrans.o
                0x00000d1c                main
 .text.SysTick_Handler
                0x000010ee       0x7c /tmp/ccRAdWvA.ltrans0.ltrans.o
 *(.rodata)
 *fill*         0x0000116a        0x2 
 .rodata        0x0000116c       0x48 /tmp/ccRAdWvA.ltrans0.ltrans.o
 *(.rodata*)
 .rodata.puts.str1.4
                0x000011b4       0xf2 /tmp/ccRAdWvA.ltrans0.ltrans.o
                                  0x2 (size before relaxing)
 .rodata.main.str1.4
                0x000012a6       0x44 /tmp/ccRAdWvA.ltrans0.ltrans.o
 .rodata.vector_handler.str1.4
                0x000012a6       0xaa /tmp/ccRAdWvA.ltrans0.ltrans.o
 *fill*         0x000012a6        0x2 
 .rodata.vector_handler
                0x000012a8       0x30 /tmp/ccRAdWvA.ltrans0.ltrans.o
 .rodata.config_descriptor
                0x000012d8       0x43 /tmp/ccRAdWvA.ltrans0.ltrans.o
 *fill*         0x0000131b        0x1 
 .rodata.device_descriptor
                0x0000131c       0x12 /tmp/ccRAdWvA.ltrans0.ltrans.o
 *fill*         0x0000132e        0x2 
 .rodata.descriptor_list
                0x00001330       0x48 /tmp/ccRAdWvA.ltrans0.ltrans.o
 *(.gnu.linkonce.t.*)
                0x00001378                        . = ALIGN (0x4)

.rela.dyn       0x00001378        0x0
 .rela.text.handle_reset
                0x00001378        0x0 /tmp/ccRAdWvA.ltrans0.ltrans.o

.fini           0x00001378        0x0
 *(SORT_NONE(.fini))
                0x00001378                        . = ALIGN (0x4)
                [!provide]                        PROVIDE (_etext = .)
                [!provide]                        PROVIDE (_eitcm = .)

.preinit_array  0x00001378        0x0
                [!provide]                        PROVIDE (__preinit_array_start = .)
 *(.preinit_array)
                [!provide]                        PROVIDE (__preinit_array_end = .)

.init_array     0x00001378        0x0
                [!provide]                        PROVIDE (__init_array_start = .)
 *(SORT_BY_INIT_PRIORITY(.init_array.*) SORT_BY_INIT_PRIORITY(.ctors.*))
 *(.init_array EXCLUDE_FILE(*crtend?.o *crtend.o *crtbegin?.o *crtbegin.o) .ctors)
                [!provide]                        PROVIDE (__init_array_end = .)

.fini_array     0x00001378        0x0
                [!provide]                        PROVIDE (__fini_array_start = .)
 *(SORT_BY_INIT_PRIORITY(.fini_array.*) SORT_BY_INIT_PRIORITY(.dtors.*))
 *(.fini_array EXCLUDE_FILE(*crtend?.o *crtend.o *crtbegin?.o *crtbegin.o) .dtors)
                [!provide]                        PROVIDE (__fini_array_end = .)

.ctors
 *crtbegin.o(.ctors)
 *crtbegin?.o(.ctors)
 *(EXCLUDE_FILE(*crtend?.o *crtend.o) .ctors)
 *(SORT_BY_NAME(.ctors.*))
 *(.ctors)

.dtors
 *crtbegin.o(.dtors)
 *crtbegin?.o(.dtors)
 *(EXCLUDE_FILE(*crtend?.o *crtend.o) .dtors)
 *(SORT_BY_NAME(.dtors.*))
 *(.dtors)

.dalign         0x20000000        0x0 load address 0x00001378
                0x20000000                        . = ALIGN (0x4)
                0x20000000                        PROVIDE (_data_vma = .)

.dlalign        0x00001378        0x0
                0x00001378                        . = ALIGN (0x4)
                0x00001378                        PROVIDE (_data_lma = .)

.data           0x20000000        0x0 load address 0x00001378
                0x20000000                        . = ALIGN (0x4)
                0x200003fc                        __global_pointer$ = (. + 0x3fc)
 *(.gnu.linkonce.r.*)
 *(.data .data.*)
 *(.gnu.linkonce.d.*)
                0x20000000                        . = ALIGN (0x8)
 *(.sdata .sdata.*)
 *(.sdata2*)
 *(.gnu.linkonce.s.*)
                0x20000000                        . = ALIGN (0x8)
 *(.srodata.cst16)
 *(.srodata.cst8)
 *(.srodata.cst4)
 *(.srodata.cst2)
 *(.srodata .srodata.*)
                0x20000000                        . = ALIGN (0x4)
                0x20000000                        PROVIDE (_edata = .)

.bss            0x20000000      0xd70 load address 0x00001378
                0x20000000                        . = ALIGN (0x4)
                0x20000000                        PROVIDE (_sbss = .)
 *(.sbss*)
 .sbss.millis_cnt
                0x20000000        0x8 /tmp/ccRAdWvA.ltrans0.ltrans.o
 .sbss.usb_debug
                0x20000008        0x1 /tmp/ccRAdWvA.ltrans0.ltrans.o
 *(.gnu.linkonce.sb.*)
 *(.bss*)
 *fill*         0x20000009        0x3 
 .bss.uart_rx_buffer
                0x2000000c      0x800 /tmp/ccRAdWvA.ltrans0.ltrans.o
 .bss.uart_tx_buffer
                0x2000080c      0x400 /tmp/ccRAdWvA.ltrans0.ltrans.o
 .bss.cdc       0x20000c0c       0x38 /tmp/ccRAdWvA.ltrans0.ltrans.o
 .bss.USBFSCTX  0x20000c44      0x12c /tmp/ccRAdWvA.ltrans0.ltrans.o
 *(.gnu.linkonce.b.*)
 *(COMMON*)
                0x20000d70                        . = ALIGN (0x4)
                0x20000d70                        PROVIDE (_ebss = .)
                [!provide]                        PROVIDE (_end = _ebss)
                [!provide]                        PROVIDE (end = .)
                0x20005000                        PROVIDE (_eusrstack = (ORIGIN (RAM) + LENGTH (RAM)))

/DISCARD/
 *(.note .note.*)
 *(.eh_frame .eh_frame.*)
 *(.comment .comment.*)
 *(.ARM.extab* .gnu.linkonce.armextab.*)
 *(.ARM.exidx*)
OUTPUT(main.elf elf32-littleriscv)

.riscv.attributes
                0x00000000       0x4b
 .riscv.attributes
                0x00000000       0x4b /tmp/ccRAdWvA.ltrans0.ltrans.o

.debug_info     0x00000000     0x3955
 .debug_info    0x00000000     0x1578 /tmp/ccRAdWvA.ltrans0.ltrans.o
 .debug_info    0x00001578      0xead /tmp/ccKeTpk7.debug.temp.o
                0x00001578                ch32fun.c.9f36c09d
 .debug_info    0x00002425     0x1530 /tmp/ccesaXWQ.debug.temp.o
                0x00002425                main.c.7dc03427

.debug_abbrev   0x00000000      0x890
 .debug_abbrev  0x00000000      0x1cd /tmp/ccRAdWvA.ltrans0.ltrans.o
 .debug_abbrev  0x000001cd      0x285 /tmp/ccKeTpk7.debug.temp.o
 .debug_abbrev  0x00000452      0x43e /tmp/ccesaXWQ.debug.temp.o

.debug_loclists
                0x00000000     0x1911
 .debug_loclists
                0x00000000     0x1911 /tmp/ccRAdWvA.ltrans0.ltrans.o

.debug_aranges  0x00000000      0x150
 .debug_aranges
                0x00000000      0x150 /tmp/ccRAdWvA.ltrans0.ltrans.o

.debug_rnglists
                0x00000000      0x271
 .debug_rnglists
                0x00000000      0x271 /tmp/ccRAdWvA.ltrans0.ltrans.o

.debug_line     0x00000000     0x3ad9
 .debug_line    0x00000000     0x39ce /tmp/ccRAdWvA.ltrans0.ltrans.o
 .debug_line    0x000039ce       0x76 /tmp/ccKeTpk7.debug.temp.o
 .debug_line    0x00003a44       0x95 /tmp/ccesaXWQ.debug.temp.o

.debug_str      0x00000000     0x12b1
 .debug_str     0x00000000     0x12b1 /tmp/ccRAdWvA.ltrans0.ltrans.o
                                0x167 (size before relaxing)
 .debug_str     0x000012b1      0x5cd /tmp/ccKeTpk7.debug.temp.o
 .debug_str     0x000012b1      0xf97 /tmp/ccesaXWQ.debug.temp.o

.debug_line_str
                0x00000000      0x22e
 .debug_line_str
                0x00000000      0x22e /tmp/ccRAdWvA.ltrans0.ltrans.o
                                0x11d (size before relaxing)
 .debug_line_str
                0x0000022e      0x1d8 /tmp/ccKeTpk7.debug.temp.o
 .debug_line_str
                0x0000022e      0x1ee /tmp/ccesaXWQ.debug.temp.o

.debug_frame    0x00000000      0x484
 .debug_frame   0x00000000      0x484 /tmp/ccRAdWvA.ltrans0.ltrans.o
