
main.elf:     file format elf32-littleriscv


Disassembly of section .init:

00000000 <InterruptVector>:
	void InterruptVector()         __attribute__((naked)) __attribute((section(".init"))) __attribute((weak,alias("InterruptVectorDefault"))) __attribute((naked));
	void InterruptVectorDefault()  __attribute__((naked)) __attribute((section(".init"))) __attribute((naked));
	void InterruptVectorDefault( void )
	{
		#if !defined(FUNCONF_TINYVECTOR) || !FUNCONF_TINYVECTOR
			asm volatile( DEFAULT_INTERRUPT_VECTOR_CONTENTS );
   0:	3020006f          	j	302 <handle_reset>
   4:	00000000          	.word	0x00000000
   8:	0000037a          	.word	0x0000037a
   c:	00000378          	.word	0x00000378
  10:	00000000          	.word	0x00000000
  14:	00000378          	.word	0x00000378
	...
  20:	00000378          	.word	0x00000378
  24:	00000378          	.word	0x00000378
	...
  30:	00001058          	.word	0x00001058
  34:	00000000          	.word	0x00000000
  38:	00000378          	.word	0x00000378
  3c:	00000000          	.word	0x00000000
  40:	00000378          	.word	0x00000378
  44:	00000378          	.word	0x00000378
  48:	00000378          	.word	0x00000378
  4c:	00000378          	.word	0x00000378
  50:	00000378          	.word	0x00000378
  54:	00000378          	.word	0x00000378
  58:	00000378          	.word	0x00000378
  5c:	00000378          	.word	0x00000378
  60:	00000378          	.word	0x00000378
  64:	00000378          	.word	0x00000378
  68:	00000378          	.word	0x00000378
  6c:	00000378          	.word	0x00000378
  70:	00000378          	.word	0x00000378
  74:	00000378          	.word	0x00000378
  78:	00000378          	.word	0x00000378
  7c:	00000378          	.word	0x00000378
  80:	00000378          	.word	0x00000378
  84:	00000378          	.word	0x00000378
  88:	00000378          	.word	0x00000378
  8c:	00000378          	.word	0x00000378
  90:	00000378          	.word	0x00000378
  94:	00000378          	.word	0x00000378
  98:	00000378          	.word	0x00000378
  9c:	00000378          	.word	0x00000378
  a0:	00000378          	.word	0x00000378
  a4:	00000378          	.word	0x00000378
  a8:	00000378          	.word	0x00000378
  ac:	00000378          	.word	0x00000378
  b0:	00000378          	.word	0x00000378
  b4:	00000388          	.word	0x00000388
  b8:	00000378          	.word	0x00000378
  bc:	00000378          	.word	0x00000378
  c0:	00000378          	.word	0x00000378
  c4:	00000378          	.word	0x00000378
  c8:	00000378          	.word	0x00000378
  cc:	00000378          	.word	0x00000378
  d0:	00000378          	.word	0x00000378
  d4:	00000378          	.word	0x00000378
  d8:	00000378          	.word	0x00000378
  dc:	0000                	.insn	2, 0x
	...

Disassembly of section .text:

000000e0 <mini_pad>:
	if(pad_to == 0) pad_to = len;
      e0:	c699                	beqz	a3,ee <mini_pad+0xe>
	int overflow = 0;
      e2:	4801                	li	a6,0
	if(len > pad_to) {
      e4:	00b6d763          	bge	a3,a1,f2 <mini_pad+0x12>
		len = pad_to;
      e8:	85b6                	mv	a1,a3
		overflow = 1;
      ea:	4805                	li	a6,1
      ec:	a019                	j	f2 <mini_pad+0x12>
	int overflow = 0;
      ee:	4801                	li	a6,0
	if(pad_to == 0) pad_to = len;
      f0:	86ae                	mv	a3,a1
	for(i = pad_to - len; i > 0; i --) {
      f2:	8e8d                	sub	a3,a3,a1
	char * pbuffer = buffer;
      f4:	87ba                	mv	a5,a4
      f6:	00e68333          	add	t1,a3,a4
	for(i = pad_to - len; i > 0; i --) {
      fa:	40f308b3          	sub	a7,t1,a5
      fe:	05104a63          	bgtz	a7,152 <mini_pad+0x72>
     102:	fff6c793          	not	a5,a3
     106:	87fd                	srai	a5,a5,0x1f
     108:	8efd                	and	a3,a3,a5
     10a:	96ba                	add	a3,a3,a4
     10c:	4781                	li	a5,0
	for(i = len; i > 0; i --) {
     10e:	40f58633          	sub	a2,a1,a5
     112:	00f688b3          	add	a7,a3,a5
     116:	04c04263          	bgtz	a2,15a <mini_pad+0x7a>
     11a:	fff5c793          	not	a5,a1
     11e:	87fd                	srai	a5,a5,0x1f
     120:	8dfd                	and	a1,a1,a5
     122:	95b6                	add	a1,a1,a3
	len = pbuffer - buffer;
     124:	40e58533          	sub	a0,a1,a4
	if(overflow) {
     128:	02080463          	beqz	a6,150 <mini_pad+0x70>
		for (i = 0; i < 3 && pbuffer > buffer; i ++) {
     12c:	02b77263          	bgeu	a4,a1,150 <mini_pad+0x70>
			*(pbuffer-- - 1) = '*';
     130:	02a00793          	li	a5,42
     134:	fef58fa3          	sb	a5,-1(a1)
     138:	fff58693          	addi	a3,a1,-1
		for (i = 0; i < 3 && pbuffer > buffer; i ++) {
     13c:	00d77a63          	bgeu	a4,a3,150 <mini_pad+0x70>
			*(pbuffer-- - 1) = '*';
     140:	fef58f23          	sb	a5,-2(a1)
     144:	ffe58693          	addi	a3,a1,-2
		for (i = 0; i < 3 && pbuffer > buffer; i ++) {
     148:	00d77463          	bgeu	a4,a3,150 <mini_pad+0x70>
			*(pbuffer-- - 1) = '*';
     14c:	fef58ea3          	sb	a5,-3(a1)
}
     150:	8082                	ret
		*(pbuffer++) = pad_char;
     152:	0785                	addi	a5,a5,1
     154:	fec78fa3          	sb	a2,-1(a5)
	for(i = pad_to - len; i > 0; i --) {
     158:	b74d                	j	fa <mini_pad+0x1a>
		*(pbuffer++) = *(ptr++);
     15a:	00f50633          	add	a2,a0,a5
     15e:	00064603          	lbu	a2,0(a2)
     162:	0785                	addi	a5,a5,1
     164:	00c88023          	sb	a2,0(a7)
	for(i = len; i > 0; i --) {
     168:	b75d                	j	10e <mini_pad+0x2e>

0000016a <_puts>:
{
     16a:	86aa                	mv	a3,a0
     16c:	852e                	mv	a0,a1
	if(!buf) return len;
     16e:	ce01                	beqz	a2,186 <_puts+0x1c>
	char * p0 = b->buffer;
     170:	00062883          	lw	a7,0(a2)
	for (i = 0; i < len; i++) {
     174:	4701                	li	a4,0
		if(b->pbuffer == b->buffer + b->buffer_len - 1) {
     176:	425c                	lw	a5,4(a2)
	for (i = 0; i < len; i++) {
     178:	00a74863          	blt	a4,a0,188 <_puts+0x1e>
	*(b->pbuffer) = 0;
     17c:	00078023          	sb	zero,0(a5)
	return b->pbuffer - p0;
     180:	4248                	lw	a0,4(a2)
     182:	41150533          	sub	a0,a0,a7
}
     186:	8082                	ret
		if(b->pbuffer == b->buffer + b->buffer_len - 1) {
     188:	00862803          	lw	a6,8(a2)
     18c:	420c                	lw	a1,0(a2)
     18e:	187d                	addi	a6,a6,-1
     190:	95c2                	add	a1,a1,a6
     192:	feb785e3          	beq	a5,a1,17c <_puts+0x12>
		*(b->pbuffer ++) = s[i];
     196:	00178593          	addi	a1,a5,1
     19a:	c24c                	sw	a1,4(a2)
     19c:	00e685b3          	add	a1,a3,a4
     1a0:	0005c583          	lbu	a1,0(a1)
	for (i = 0; i < len; i++) {
     1a4:	0705                	addi	a4,a4,1
		*(b->pbuffer ++) = s[i];
     1a6:	00b78023          	sb	a1,0(a5)
	for (i = 0; i < len; i++) {
     1aa:	b7f1                	j	176 <_puts+0xc>

000001ac <DelaySysTick>:
{
#if defined(CH32V003) || defined(CH32V00x)
	uint32_t targend = SysTick->CNT + n;
	while( ((int32_t)( SysTick->CNT - targend )) < 0 );
#elif defined(CH32V20x) || defined(CH32V30x) || defined(CH32X03x) || defined(CH32L103) || defined(CH582_CH583) || defined(CH591_CH592)
	uint64_t targend = SysTick->CNT + n;
     1ac:	e000f837          	lui	a6,0xe000f
     1b0:	00882703          	lw	a4,8(a6) # e000f008 <_eusrstack+0xc000a008>
     1b4:	00c82783          	lw	a5,12(a6)
     1b8:	00e505b3          	add	a1,a0,a4
     1bc:	00a5b533          	sltu	a0,a1,a0
     1c0:	953e                	add	a0,a0,a5
	while( ((int64_t)( SysTick->CNT - targend )) < 0 );
     1c2:	00882603          	lw	a2,8(a6)
     1c6:	00c82683          	lw	a3,12(a6)
     1ca:	40b60733          	sub	a4,a2,a1
     1ce:	00e63733          	sltu	a4,a2,a4
     1d2:	40a687b3          	sub	a5,a3,a0
     1d6:	8f99                	sub	a5,a5,a4
     1d8:	fe07c5e3          	bltz	a5,1c2 <DelaySysTick+0x16>
	uint64_t targend = SysTick->CNT - n;
	while( ((int64_t)( SysTick->CNT - targend )) > 0 );
#else
	#error DelaySysTick not defined.
#endif
}
     1dc:	8082                	ret

000001de <mini_itoa.part.0>:
	int	negative = 0;
     1de:	4881                	li	a7,0
	if (value < 0 && !unsig) {
     1e0:	00055663          	bgez	a0,1ec <mini_itoa.part.0+0xe>
     1e4:	e681                	bnez	a3,1ec <mini_itoa.part.0+0xe>
		value = -value;
     1e6:	40a00533          	neg	a0,a0
		negative = 1;
     1ea:	4885                	li	a7,1
     1ec:	8a05                	andi	a2,a2,1
     1ee:	06100793          	li	a5,97
     1f2:	c219                	beqz	a2,1f8 <mini_itoa.part.0+0x1a>
     1f4:	04100793          	li	a5,65
	int	negative = 0;
     1f8:	883a                	mv	a6,a4
		*(pbuffer++) = (digit < 10 ? '0' + digit : (uppercase ? 'A' : 'a') + digit - 10);
     1fa:	4e25                	li	t3,9
     1fc:	ff678613          	addi	a2,a5,-10
		int digit = value % radix;
     200:	02b577b3          	remu	a5,a0,a1
     204:	832a                	mv	t1,a0
		*(pbuffer++) = (digit < 10 ? '0' + digit : (uppercase ? 'A' : 'a') + digit - 10);
     206:	0ff7f693          	zext.b	a3,a5
     20a:	04fe6463          	bltu	t3,a5,252 <mini_itoa.part.0+0x74>
     20e:	03068693          	addi	a3,a3,48
     212:	0ff6f693          	zext.b	a3,a3
     216:	00d80023          	sb	a3,0(a6)
     21a:	00180793          	addi	a5,a6,1
		value /= radix;
     21e:	02b55533          	divu	a0,a0,a1
	} while (value > 0);
     222:	02b37663          	bgeu	t1,a1,24e <mini_itoa.part.0+0x70>
	if (negative)
     226:	00088863          	beqz	a7,236 <mini_itoa.part.0+0x58>
		*(pbuffer++) = '-';
     22a:	02d00693          	li	a3,45
     22e:	00d78023          	sb	a3,0(a5)
     232:	00280793          	addi	a5,a6,2
	len = (pbuffer - buffer);
     236:	40e78533          	sub	a0,a5,a4
	for (i = 0; i < len / 2; i++) {
     23a:	4609                	li	a2,2
	*(pbuffer) = '\0';
     23c:	00078023          	sb	zero,0(a5)
	for (i = 0; i < len / 2; i++) {
     240:	4681                	li	a3,0
     242:	02c54633          	div	a2,a0,a2
     246:	17fd                	addi	a5,a5,-1
     248:	00c6c763          	blt	a3,a2,256 <mini_itoa.part.0+0x78>
}
     24c:	8082                	ret
		*(pbuffer++) = (digit < 10 ? '0' + digit : (uppercase ? 'A' : 'a') + digit - 10);
     24e:	883e                	mv	a6,a5
     250:	bf45                	j	200 <mini_itoa.part.0+0x22>
     252:	96b2                	add	a3,a3,a2
     254:	bf7d                	j	212 <mini_itoa.part.0+0x34>
		char j = buffer[i];
     256:	00d705b3          	add	a1,a4,a3
		buffer[i] = buffer[len-i-1];
     25a:	0007c883          	lbu	a7,0(a5)
		char j = buffer[i];
     25e:	0005c803          	lbu	a6,0(a1)
	for (i = 0; i < len / 2; i++) {
     262:	0685                	addi	a3,a3,1
		buffer[i] = buffer[len-i-1];
     264:	01158023          	sb	a7,0(a1)
		buffer[len-i-1] = j;
     268:	01078023          	sb	a6,0(a5)
	for (i = 0; i < len / 2; i++) {
     26c:	bfe9                	j	246 <mini_itoa.part.0+0x68>

0000026e <USBFS_InternalFinishSetup>:

void USBFS_InternalFinishSetup()
{

#if FUSB_EP1_MODE
	USBFSCTX.endpoint_mode[1] = FUSB_EP1_MODE;
     26e:	04418613          	addi	a2,gp,68 # 20000440 <USBFSCTX>
     272:	10060693          	addi	a3,a2,256
     276:	4585                	li	a1,1
     278:	cacc                	sw	a1,20(a3)
#if FUSB_EP1_MODE > 0 
	USBFS->UEP4_1_MOD = USBFS_UEP1_TX_EN;
     27a:	40023737          	lui	a4,0x40023
     27e:	04000513          	li	a0,64
     282:	40a70623          	sb	a0,1036(a4) # 4002340c <_eusrstack+0x2001e40c>
	USBFS->UEP4_1_MOD |= USBFS_UEP4_RX_EN;
#endif
#endif

#if FUSB_EP2_MODE
	USBFSCTX.endpoint_mode[2] = FUSB_EP2_MODE;
     286:	557d                	li	a0,-1
     288:	ce88                	sw	a0,24(a3)
#if FUSB_EP2_MODE > 0 
	USBFS->UEP2_3_MOD = USBFS_UEP2_TX_EN;
#else
	USBFS->UEP2_3_MOD = USBFS_UEP2_RX_EN;
     28a:	4521                	li	a0,8
     28c:	40a706a3          	sb	a0,1037(a4)
#endif
#endif
#if FUSB_EP3_MODE
	USBFSCTX.endpoint_mode[3] = FUSB_EP3_MODE;
     290:	cecc                	sw	a1,28(a3)
#if FUSB_EP3_MODE > 0 
	USBFS->UEP2_3_MOD |= USBFS_UEP3_TX_EN;
     292:	40d74683          	lbu	a3,1037(a4)
     296:	04418793          	addi	a5,gp,68 # 20000440 <USBFSCTX>
     29a:	0406e693          	ori	a3,a3,64
     29e:	40d706a3          	sb	a3,1037(a4)
#error You must have at least EP0!
#endif

	for( int i = 0; i < FUSB_CONFIG_EPS; i++ )
	{
		UEP_DMA(i) = (uintptr_t)USBFSCTX.ENDPOINTS[i];
     2a2:	400236b7          	lui	a3,0x40023
     2a6:	05418713          	addi	a4,gp,84 # 20000450 <USBFSCTX+0x10>
     2aa:	40e6a823          	sw	a4,1040(a3) # 40023410 <_eusrstack+0x2001e410>
     2ae:	09418713          	addi	a4,gp,148 # 20000490 <USBFSCTX+0x50>
     2b2:	40e6aa23          	sw	a4,1044(a3)
     2b6:	0d418713          	addi	a4,gp,212 # 200004d0 <USBFSCTX+0x90>
     2ba:	40e6ac23          	sw	a4,1048(a3)
     2be:	11418713          	addi	a4,gp,276 # 20000510 <USBFSCTX+0xd0>
     2c2:	40e6ae23          	sw	a4,1052(a3)
	}
	
#if defined (CH5xx) || defined (CH32X03x) || defined (CH32V10x)
	UEP_CTRL_TX(0) = USBFS_UEP_T_RES_NAK | USBFS_UEP_R_RES_ACK | CHECK_USBFS_UEP_T_AUTO_TOG;
     2c6:	8736                	mv	a4,a3
     2c8:	46c9                	li	a3,18
     2ca:	42d71123          	sh	a3,1058(a4)

	for( int i = 1; i < FUSB_CONFIG_EPS; i++ )
	{
		if( USBFSCTX.endpoint_mode[i] > 0 )
		{
			UEP_CTRL_TX(i) = USBFS_UEP_T_RES_NAK;
     2ce:	4689                	li	a3,2
     2d0:	42d71323          	sh	a3,1062(a4)
			UEP_CTRL_TX(i) = USBFS_UEP_R_RES_ACK;
#else
			UEP_CTRL_RX(i) = USBFS_UEP_R_RES_ACK;
#endif
		}
		USBFSCTX.USBFS_Endp_Busy[i] = 0;
     2d4:	120602a3          	sb	zero,293(a2)
			UEP_CTRL_TX(i) = USBFS_UEP_R_RES_ACK;
     2d8:	42071523          	sh	zero,1066(a4)
		if( USBFSCTX.endpoint_mode[i] > 0 )
     2dc:	11c7a703          	lw	a4,284(a5)
		USBFSCTX.USBFS_Endp_Busy[i] = 0;
     2e0:	12078323          	sb	zero,294(a5)
		if( USBFSCTX.endpoint_mode[i] > 0 )
     2e4:	00e05963          	blez	a4,2f6 <USBFS_InternalFinishSetup+0x88>
			UEP_CTRL_TX(i) = USBFS_UEP_T_RES_NAK;
     2e8:	40023737          	lui	a4,0x40023
     2ec:	42d71723          	sh	a3,1070(a4) # 4002342e <_eusrstack+0x2001e42e>
		USBFSCTX.USBFS_Endp_Busy[i] = 0;
     2f0:	120783a3          	sb	zero,295(a5)
	}
}
     2f4:	8082                	ret
		else if( USBFSCTX.endpoint_mode[i] < 0 )
     2f6:	df6d                	beqz	a4,2f0 <USBFS_InternalFinishSetup+0x82>
			UEP_CTRL_TX(i) = USBFS_UEP_R_RES_ACK;
     2f8:	40023737          	lui	a4,0x40023
     2fc:	42071723          	sh	zero,1070(a4) # 4002342e <_eusrstack+0x2001e42e>
     300:	bfc5                	j	2f0 <USBFS_InternalFinishSetup+0x82>

00000302 <handle_reset>:
	asm volatile( "\n\
     302:	20000197          	auipc	gp,0x20000
     306:	0fa18193          	addi	gp,gp,250 # 200003fc <__global_pointer$>
     30a:	20005117          	auipc	sp,0x20005
     30e:	cf610113          	addi	sp,sp,-778 # 20005000 <_eusrstack>
     312:	6509                	lui	a0,0x2
     314:	88050513          	addi	a0,a0,-1920 # 1880 <ch32fun.c.9f36c09d+0x439>
     318:	30051073          	csrw	mstatus,a0
     31c:	468d                	li	a3,3
     31e:	00000517          	auipc	a0,0x0
     322:	ce250513          	addi	a0,a0,-798 # 0 <InterruptVector>
     326:	8d55                	or	a0,a0,a3
     328:	30551073          	csrw	mtvec,a0
asm volatile(
     32c:	c0418513          	addi	a0,gp,-1020 # 20000000 <millis_cnt>
     330:	17018593          	addi	a1,gp,368 # 2000056c <_ebss>
     334:	4601                	li	a2,0
     336:	00b55663          	bge	a0,a1,342 <handle_reset+0x40>
     33a:	c110                	sw	a2,0(a0)
     33c:	0511                	addi	a0,a0,4
     33e:	feb54ee3          	blt	a0,a1,33a <handle_reset+0x38>
     342:	00001517          	auipc	a0,0x1
     346:	fee50513          	addi	a0,a0,-18 # 1330 <_data_lma>
     34a:	c0418593          	addi	a1,gp,-1020 # 20000000 <millis_cnt>
     34e:	c0418613          	addi	a2,gp,-1020 # 20000000 <millis_cnt>
     352:	00c58863          	beq	a1,a2,362 <handle_reset+0x60>
     356:	4114                	lw	a3,0(a0)
     358:	c194                	sw	a3,0(a1)
     35a:	0511                	addi	a0,a0,4
     35c:	0591                	addi	a1,a1,4
     35e:	fec59ae3          	bne	a1,a2,352 <handle_reset+0x50>
	SysTick->CTLR = 5;
     362:	e000f7b7          	lui	a5,0xe000f
     366:	4715                	li	a4,5
     368:	c398                	sw	a4,0(a5)
asm volatile(
     36a:	6785                	lui	a5,0x1
     36c:	d9878793          	addi	a5,a5,-616 # d98 <main>
     370:	34179073          	csrw	mepc,a5
     374:	30200073          	mret

00000378 <ADC1_2_IRQHandler>:
	asm volatile( "1: j 1b" );
     378:	a001                	j	378 <ADC1_2_IRQHandler>

0000037a <NMI_Handler>:
	RCC->INTR |= RCC_CSSC;	// clear the clock security int flag
     37a:	40021737          	lui	a4,0x40021
     37e:	471c                	lw	a5,8(a4)
     380:	008006b7          	lui	a3,0x800
     384:	8fd5                	or	a5,a5,a3
     386:	c71c                	sw	a5,8(a4)

00000388 <USBFS_IRQHandler>:
{
     388:	7159                	addi	sp,sp,-112
     38a:	c0be                	sw	a5,64(sp)
	uint16_t intfgst = *(uint16_t*)(&USBFS->INT_FG);
     38c:	400237b7          	lui	a5,0x40023
{
     390:	cc66                	sw	s9,24(sp)
	uint16_t intfgst = *(uint16_t*)(&USBFS->INT_FG);
     392:	4067dc83          	lhu	s9,1030(a5) # 40023406 <_eusrstack+0x2001e406>
{
     396:	c86e                	sw	s11,16(sp)
     398:	d686                	sw	ra,108(sp)
     39a:	d496                	sw	t0,104(sp)
     39c:	d29a                	sw	t1,100(sp)
     39e:	d09e                	sw	t2,96(sp)
     3a0:	cea2                	sw	s0,92(sp)
     3a2:	cca6                	sw	s1,88(sp)
     3a4:	caaa                	sw	a0,84(sp)
     3a6:	c8ae                	sw	a1,80(sp)
     3a8:	c6b2                	sw	a2,76(sp)
     3aa:	c4b6                	sw	a3,72(sp)
     3ac:	c2ba                	sw	a4,68(sp)
     3ae:	de42                	sw	a6,60(sp)
     3b0:	dc46                	sw	a7,56(sp)
     3b2:	da4a                	sw	s2,52(sp)
     3b4:	d84e                	sw	s3,48(sp)
     3b6:	d652                	sw	s4,44(sp)
     3b8:	d456                	sw	s5,40(sp)
     3ba:	d25a                	sw	s6,36(sp)
     3bc:	d05e                	sw	s7,32(sp)
     3be:	ce62                	sw	s8,28(sp)
     3c0:	ca6a                	sw	s10,20(sp)
     3c2:	c672                	sw	t3,12(sp)
     3c4:	c476                	sw	t4,8(sp)
     3c6:	c27a                	sw	t5,4(sp)
     3c8:	c07e                	sw	t6,0(sp)
	if( intfgst & CRB_UIF_TRANSFER )
     3ca:	002cf793          	andi	a5,s9,2
     3ce:	5a078c63          	beqz	a5,986 <USBFS_IRQHandler+0x5fe>
		if( usb_debug ) printf("[USB] TRANSFER, token = %02x, ep = %d, bmRequestType = %02x, bRequest = %02x\n", token, ep, pUSBFS_SetupReqPak->bmRequestType, pUSBFS_SetupReqPak->bRequest);
     3d2:	c0c1c783          	lbu	a5,-1012(gp) # 20000008 <usb_debug>
		int token = ( intfgst & CMASK_UIS_TOKEN) >> 12;
     3d6:	40ccd413          	srai	s0,s9,0xc
		int ep = ( intfgst & CMASK_UIS_ENDP ) >> 8;
     3da:	408cdb13          	srai	s6,s9,0x8
		int token = ( intfgst & CMASK_UIS_TOKEN) >> 12;
     3de:	880d                	andi	s0,s0,3
		int ep = ( intfgst & CMASK_UIS_ENDP ) >> 8;
     3e0:	00fb7493          	andi	s1,s6,15
		if( usb_debug ) printf("[USB] TRANSFER, token = %02x, ep = %d, bmRequestType = %02x, bRequest = %02x\n", token, ep, pUSBFS_SetupReqPak->bmRequestType, pUSBFS_SetupReqPak->bRequest);
     3e4:	cf91                	beqz	a5,400 <USBFS_IRQHandler+0x78>
     3e6:	04418793          	addi	a5,gp,68 # 20000440 <USBFSCTX>
     3ea:	0117c703          	lbu	a4,17(a5)
     3ee:	0107c683          	lbu	a3,16(a5)
     3f2:	6505                	lui	a0,0x1
     3f4:	8626                	mv	a2,s1
     3f6:	85a2                	mv	a1,s0
     3f8:	11850513          	addi	a0,a0,280 # 1118 <language+0x4>
     3fc:	0e5000ef          	jal	ce0 <printf>
		switch ( token )
     400:	4609                	li	a2,2
     402:	04c40f63          	beq	s0,a2,460 <USBFS_IRQHandler+0xd8>
     406:	400237b7          	lui	a5,0x40023
     40a:	470d                	li	a4,3
     40c:	40078793          	addi	a5,a5,1024 # 40023400 <_eusrstack+0x2001e400>
     410:	28e40363          	beq	s0,a4,696 <USBFS_IRQHandler+0x30e>
     414:	14040b63          	beqz	s0,56a <USBFS_IRQHandler+0x1e2>
		USBFS->INT_FG = CRB_UIF_TRANSFER;
     418:	400237b7          	lui	a5,0x40023
     41c:	4709                	li	a4,2
     41e:	40e78323          	sb	a4,1030(a5) # 40023406 <_eusrstack+0x2001e406>
}
     422:	4476                	lw	s0,92(sp)
     424:	50b6                	lw	ra,108(sp)
     426:	52a6                	lw	t0,104(sp)
     428:	5316                	lw	t1,100(sp)
     42a:	5386                	lw	t2,96(sp)
     42c:	44e6                	lw	s1,88(sp)
     42e:	4556                	lw	a0,84(sp)
     430:	45c6                	lw	a1,80(sp)
     432:	4636                	lw	a2,76(sp)
     434:	46a6                	lw	a3,72(sp)
     436:	4716                	lw	a4,68(sp)
     438:	4786                	lw	a5,64(sp)
     43a:	5872                	lw	a6,60(sp)
     43c:	58e2                	lw	a7,56(sp)
     43e:	5952                	lw	s2,52(sp)
     440:	59c2                	lw	s3,48(sp)
     442:	5a32                	lw	s4,44(sp)
     444:	5aa2                	lw	s5,40(sp)
     446:	5b12                	lw	s6,36(sp)
     448:	5b82                	lw	s7,32(sp)
     44a:	4c72                	lw	s8,28(sp)
     44c:	4ce2                	lw	s9,24(sp)
     44e:	4d52                	lw	s10,20(sp)
     450:	4dc2                	lw	s11,16(sp)
     452:	4e32                	lw	t3,12(sp)
     454:	4ea2                	lw	t4,8(sp)
     456:	4f12                	lw	t5,4(sp)
     458:	4f82                	lw	t6,0(sp)
     45a:	6165                	addi	sp,sp,112
     45c:	30200073          	mret
			if( ep )
     460:	c8a1                	beqz	s1,4b0 <USBFS_IRQHandler+0x128>
				if( ep < FUSB_CONFIG_EPS )
     462:	00cb7b13          	andi	s6,s6,12
     466:	fa0b19e3          	bnez	s6,418 <USBFS_IRQHandler+0x90>

int HandleInRequest( struct _USBState * ctx, int endp, uint8_t * data, int len )
{
	int ret = 0;  // Just NAK
	// if (usb_debug) printf("HandleInRequest - EP%d\n", endp);
	switch (endp)
     46a:	478d                	li	a5,3
     46c:	00f49663          	bne	s1,a5,478 <USBFS_IRQHandler+0xf0>
	{
		case 1:
			// ret = -1; // Just ACK
			break;
		case 3:
			cdc.rxing = 0;
     470:	01018793          	addi	a5,gp,16 # 2000040c <cdc>
     474:	00078623          	sb	zero,12(a5)
					UEP_CTRL_TX(ep) ^= USBFS_UEP_T_TOG;
     478:	400237b7          	lui	a5,0x40023
     47c:	42278793          	addi	a5,a5,1058 # 40023422 <_eusrstack+0x2001e422>
     480:	00249713          	slli	a4,s1,0x2
     484:	973e                	add	a4,a4,a5
     486:	00075783          	lhu	a5,0(a4) # 40021000 <_eusrstack+0x2001c000>
     48a:	0407c793          	xori	a5,a5,64
     48e:	00f71023          	sh	a5,0(a4)
						UEP_CTRL_TX(ep) = ( UEP_CTRL_TX(ep) & ~USBFS_UEP_T_RES_MASK ) | USBFS_UEP_T_RES_NAK;
     492:	00075783          	lhu	a5,0(a4)
     496:	07c2                	slli	a5,a5,0x10
     498:	83c1                	srli	a5,a5,0x10
     49a:	9bf1                	andi	a5,a5,-4
     49c:	0027e793          	ori	a5,a5,2
     4a0:	00f71023          	sh	a5,0(a4)
					ctx->USBFS_Endp_Busy[ ep ] = 0;
     4a4:	04418793          	addi	a5,gp,68 # 20000440 <USBFSCTX>
     4a8:	97a6                	add	a5,a5,s1
     4aa:	12078223          	sb	zero,292(a5)
     4ae:	b7ad                	j	418 <USBFS_IRQHandler+0x90>
				if( ctx->USBFS_SetupReqLen == 0 )
     4b0:	04418793          	addi	a5,gp,68 # 20000440 <USBFSCTX>
     4b4:	0027d783          	lhu	a5,2(a5)
     4b8:	04418413          	addi	s0,gp,68 # 20000440 <USBFSCTX>
     4bc:	e799                	bnez	a5,4ca <USBFS_IRQHandler+0x142>
					UEP_CTRL_TX(0) = USBFS_UEP_R_RES_ACK | USBFS_UEP_R_TOG;
     4be:	400237b7          	lui	a5,0x40023
     4c2:	08000713          	li	a4,128
     4c6:	42e79123          	sh	a4,1058(a5) # 40023422 <_eusrstack+0x2001e422>
				if( ctx->pCtrlPayloadPtr )
     4ca:	00c42983          	lw	s3,12(s0)
				ctx->USBFS_errata_dont_send_endpoint_in_window = 0;
     4ce:	12040423          	sb	zero,296(s0)
				if( ctx->pCtrlPayloadPtr )
     4d2:	04098863          	beqz	s3,522 <USBFS_IRQHandler+0x19a>
					len = ctx->USBFS_SetupReqLen >= DEF_USBD_UEP0_SIZE ? DEF_USBD_UEP0_SIZE : ctx->USBFS_SetupReqLen;
     4d6:	00245483          	lhu	s1,2(s0)
     4da:	04000793          	li	a5,64
     4de:	8926                	mv	s2,s1
     4e0:	0097f363          	bgeu	a5,s1,4e6 <USBFS_IRQHandler+0x15e>
     4e4:	893e                	mv	s2,a5
     4e6:	0942                	slli	s2,s2,0x10
     4e8:	01095913          	srli	s2,s2,0x10
					ctx->USBFS_SetupReqLen -= len;
     4ec:	412484b3          	sub	s1,s1,s2
     4f0:	04c2                	slli	s1,s1,0x10
					copyBuffer( ctrl0buff, ctx->pCtrlPayloadPtr, len ); // FYI -> Would need to do this if using DMA
     4f2:	864a                	mv	a2,s2
     4f4:	85ce                	mv	a1,s3
     4f6:	05418513          	addi	a0,gp,84 # 20000450 <USBFSCTX+0x10>
					ctx->USBFS_SetupReqLen -= len;
     4fa:	80c1                	srli	s1,s1,0x10
					copyBuffer( ctrl0buff, ctx->pCtrlPayloadPtr, len ); // FYI -> Would need to do this if using DMA
     4fc:	2729                	jal	c06 <memcpy>
					ctx->USBFS_SetupReqLen -= len;
     4fe:	00941123          	sh	s1,2(s0)
						ctx->pCtrlPayloadPtr = 0;
     502:	4781                	li	a5,0
					if( ctx->USBFS_SetupReqLen > 0 )
     504:	c099                	beqz	s1,50a <USBFS_IRQHandler+0x182>
						ctx->pCtrlPayloadPtr += len;
     506:	012987b3          	add	a5,s3,s2
     50a:	c45c                	sw	a5,12(s0)
					UEP_CTRL_LEN(0) = len;
     50c:	400237b7          	lui	a5,0x40023
     510:	43279023          	sh	s2,1056(a5) # 40023420 <_eusrstack+0x2001e420>
						UEP_CTRL_TX(0) ^= USBFS_UEP_T_TOG;
     514:	4227d703          	lhu	a4,1058(a5)
     518:	04074713          	xori	a4,a4,64
			UEP_CTRL_TX(0) = USBFS_UEP_T_TOG | USBFS_UEP_T_RES_STALL | USBFS_UEP_R_TOG | USBFS_UEP_R_RES_STALL;
     51c:	42e79123          	sh	a4,1058(a5)
     520:	bde5                	j	418 <USBFS_IRQHandler+0x90>
				else if ( ( ctx->USBFS_SetupReqType & USB_REQ_TYP_MASK ) != USB_REQ_TYP_STANDARD )
     522:	00144783          	lbu	a5,1(s0)
     526:	0607f793          	andi	a5,a5,96
     52a:	cf99                	beqz	a5,548 <USBFS_IRQHandler+0x1c0>
					if( len && USBFSCTX.USBFS_SetupReqCode != HID_GET_REPORT )
     52c:	00245783          	lhu	a5,2(s0)
     530:	ee0784e3          	beqz	a5,418 <USBFS_IRQHandler+0x90>
     534:	00044703          	lbu	a4,0(s0)
     538:	4785                	li	a5,1
     53a:	ecf70fe3          	beq	a4,a5,418 <USBFS_IRQHandler+0x90>
						UEP_CTRL_LEN(0) = len;
     53e:	400237b7          	lui	a5,0x40023
     542:	42079023          	sh	zero,1056(a5) # 40023420 <_eusrstack+0x2001e420>
     546:	b7f9                	j	514 <USBFS_IRQHandler+0x18c>
					switch( USBFSCTX.USBFS_SetupReqCode )
     548:	00044703          	lbu	a4,0(s0)
     54c:	4795                	li	a5,5
     54e:	ecf715e3          	bne	a4,a5,418 <USBFS_IRQHandler+0x90>
							USBFS->DEV_ADDR = ( USBFS->DEV_ADDR & USBFS_UDA_GP_BIT ) | ctx->USBFS_DevAddr;
     552:	400237b7          	lui	a5,0x40023
     556:	4037c683          	lbu	a3,1027(a5) # 40023403 <_eusrstack+0x2001e403>
     55a:	00944703          	lbu	a4,9(s0)
     55e:	0806f693          	andi	a3,a3,128
     562:	8f55                	or	a4,a4,a3
     564:	40e781a3          	sb	a4,1027(a5)
							break;
     568:	bd45                	j	418 <USBFS_IRQHandler+0x90>
			len = USBFS->RX_LEN;
     56a:	0087d703          	lhu	a4,8(a5)
			switch( ep )
     56e:	e8a1                	bnez	s1,5be <USBFS_IRQHandler+0x236>
					if( intfgst & CRB_UIS_TOG_OK )
     570:	011c9793          	slli	a5,s9,0x11
     574:	ea07d2e3          	bgez	a5,418 <USBFS_IRQHandler+0x90>
						if ( ctx->USBFS_SetupReqCode != HID_SET_REPORT )
     578:	04418713          	addi	a4,gp,68 # 20000440 <USBFSCTX>
     57c:	00074603          	lbu	a2,0(a4)
     580:	46a5                	li	a3,9
     582:	04418793          	addi	a5,gp,68 # 20000440 <USBFSCTX>
     586:	02d60263          	beq	a2,a3,5aa <USBFS_IRQHandler+0x222>
void HandleDataOut( struct _USBState * ctx, int endp, uint8_t * data, int len )
{
	// if (usb_debug) printf("HandleDataOut - EP%d\n", endp);
	if( endp == 0 )
	{
		ctx->USBFS_SetupReqLen = 0; // To ACK
     58a:	00079123          	sh	zero,2(a5)
							if ( ( ctx->USBFS_SetupReqType & USB_REQ_TYP_IN ) == 0 )
     58e:	00178703          	lb	a4,1(a5)
     592:	00074563          	bltz	a4,59c <USBFS_IRQHandler+0x214>
								ctx->USBFS_errata_dont_send_endpoint_in_window = 1;
     596:	4705                	li	a4,1
     598:	12e78423          	sb	a4,296(a5)
							UEP_CTRL_LEN(0) = 0;
     59c:	400237b7          	lui	a5,0x40023
     5a0:	42079023          	sh	zero,1056(a5) # 40023420 <_eusrstack+0x2001e420>
							UEP_CTRL_TX(0) = USBFS_UEP_T_TOG | CHECK_USBFS_UEP_T_AUTO_TOG | USBFS_UEP_T_RES_ACK;
     5a4:	05000713          	li	a4,80
     5a8:	bf95                	j	51c <USBFS_IRQHandler+0x194>
						if( ctx->USBFS_SetupReqLen == 0 )
     5aa:	00275703          	lhu	a4,2(a4)
     5ae:	d365                	beqz	a4,58e <USBFS_IRQHandler+0x206>
							UEP_CTRL_TX(0) ^= USBFS_UEP_R_TOG;
     5b0:	400237b7          	lui	a5,0x40023
     5b4:	4227d703          	lhu	a4,1058(a5) # 40023422 <_eusrstack+0x2001e422>
     5b8:	08074713          	xori	a4,a4,128
     5bc:	b785                	j	51c <USBFS_IRQHandler+0x194>
					UEP_CTRL_TX(ep) ^= USBFS_UEP_R_TOG;
     5be:	400236b7          	lui	a3,0x40023
     5c2:	42268693          	addi	a3,a3,1058 # 40023422 <_eusrstack+0x2001e422>
     5c6:	00249713          	slli	a4,s1,0x2
     5ca:	9736                	add	a4,a4,a3
     5cc:	00075683          	lhu	a3,0(a4)
     5d0:	0806c693          	xori	a3,a3,128
     5d4:	00d71023          	sh	a3,0(a4)
			// cdc.uart->stop_bits = CTRL0BUFF[4];
			// cdc.uart->parity = CTRL0BUFF[5];
			// cdc.uart->word_length = CTRL0BUFF[6];
		}
	}
	if( endp == 2 )
     5d8:	e4c490e3          	bne	s1,a2,418 <USBFS_IRQHandler+0x90>
	{
		if( cdc.tx_stop )
     5dc:	01018693          	addi	a3,gp,16 # 2000040c <cdc>
     5e0:	0306c603          	lbu	a2,48(a3)
     5e4:	01018713          	addi	a4,gp,16 # 2000040c <cdc>
     5e8:	c601                	beqz	a2,5f0 <USBFS_IRQHandler+0x268>
		{
			cdc.tx_stop = 0;
     5ea:	02068823          	sb	zero,48(a3)
			return;
     5ee:	b52d                	j	418 <USBFS_IRQHandler+0x90>
		}
		// printf("cdc_tx_buffer: 0=%c, 1=%c, 2=%c, 3=%c\n", cdc_tx_buffer[uart.tx_pos], cdc_tx_buffer[uart.tx_pos + 1], cdc_tx_buffer[uart.tx_pos + 2], cdc_tx_buffer[uart.tx_pos + 3]);
		int pad = 4 - USBFS->RX_LEN;
     5f0:	0087d683          	lhu	a3,8(a5)
		if( pad < 0 ) pad = 0;
		uint32_t write_pos = cdc.tx_pos + cdc.tx_remain + USBFS->RX_LEN;
     5f4:	5714                	lw	a3,40(a4)
     5f6:	534c                	lw	a1,36(a4)
     5f8:	0087d783          	lhu	a5,8(a5)
     5fc:	97ae                	add	a5,a5,a1
     5fe:	97b6                	add	a5,a5,a3
		if( write_pos > cdc.tx_wrap_pos ) write_pos -= cdc.tx_wrap_pos;
     600:	5754                	lw	a3,44(a4)
     602:	00f6f363          	bgeu	a3,a5,608 <USBFS_IRQHandler+0x280>
     606:	8f95                	sub	a5,a5,a3
		if( write_pos & 0x3 )
     608:	0037f693          	andi	a3,a5,3
     60c:	c28d                	beqz	a3,62e <USBFS_IRQHandler+0x2a6>

static inline int USBFS_SendNAK( int endp, int tx )
{
	if( tx ) UEP_CTRL_TX( endp ) = ( UEP_CTRL_TX( endp ) & ~USBFS_UEP_T_RES_MASK ) | USBFS_UEP_T_RES_NAK;
#if defined (CH5xx) || defined (CH32X03x) || defined (CH32V10x)
	else UEP_CTRL_TX(endp) = ( UEP_CTRL_TX(endp) & ~USBFS_UEP_R_RES_MASK ) | USBFS_UEP_R_RES_NAK;
     60e:	40023637          	lui	a2,0x40023
     612:	42a65683          	lhu	a3,1066(a2) # 4002342a <_eusrstack+0x2001e42a>
		{
			write_pos = (write_pos + 4) & ~0x3;
     616:	0791                	addi	a5,a5,4
     618:	9bf1                	andi	a5,a5,-4
     61a:	06c2                	slli	a3,a3,0x10
     61c:	82c1                	srli	a3,a3,0x10
     61e:	9acd                	andi	a3,a3,-13
     620:	0086e693          	ori	a3,a3,8
     624:	42d61523          	sh	a3,1066(a2)
			USBFS_SendNAK( 2, 0 );
			// USBFS->UEP2_RX_CTRL &= ~USBFS_UEP_R_RES_MASK;
			// USBFS->UEP2_RX_CTRL |= USBFS_UEP_R_RES_NAK;
			cdc.tx_stop = 1;
     628:	4685                	li	a3,1
     62a:	02d70823          	sb	a3,48(a4)
		}
		// printf("[HandleDatOut] write_pos = %d, tx_pos = %d, tx_remain = %d, USBFS->RX_LEN = %d \n", write_pos, cdc.tx_pos, cdc.tx_remain, USBFS->RX_LEN);
		// if( write_pos >= uart.tx_wrap_pos) write_pos = uart.tx_remain - (uart.tx_wrap_pos - uart.tx_pos);
		// if( write_pos < uart.tx_pos && write_pos + 64 >= uart.tx_pos ) goto buffer_overflow;
		if( write_pos > ( UART_TX_BUF_SIZE - 64) )
     62e:	3c000693          	li	a3,960
     632:	00f6fd63          	bgeu	a3,a5,64c <USBFS_IRQHandler+0x2c4>
		{
			// printf("WRAP -> write_pos = %d > 960, 961 = %c\n", write_pos, cdc_tx_buffer[961]);
			cdc.tx_wrap_pos = cdc.tx_pos + cdc.tx_remain + USBFS->RX_LEN;
     636:	400237b7          	lui	a5,0x40023
     63a:	40078793          	addi	a5,a5,1024 # 40023400 <_eusrstack+0x2001e400>
     63e:	5714                	lw	a3,40(a4)
     640:	0087d783          	lhu	a5,8(a5)
     644:	97ae                	add	a5,a5,a1
     646:	97b6                	add	a5,a5,a3
     648:	d75c                	sw	a5,44(a4)
			write_pos = 0;
     64a:	4781                	li	a5,0
		// if( write_pos + len > UART_TX_BUF_SIZE - 1 )
		// {
		//   uart.tx_wrap_pos = write_pos;
		//   write_pos = 0;
		// }
		USBFS->UEP2_DMA = (uint32_t)(cdc_tx_buffer + write_pos);
     64c:	c1018693          	addi	a3,gp,-1008 # 2000000c <cdc_tx_buffer>
     650:	97b6                	add	a5,a5,a3
     652:	400236b7          	lui	a3,0x40023
     656:	40068693          	addi	a3,a3,1024 # 40023400 <_eusrstack+0x2001e400>
     65a:	ce9c                	sw	a5,24(a3)
		// printf("USBFS->UEP2_DMA = %08x\n", USBFS->UEP2_DMA);
		
		if( cdc.tx_remain >= ( UART_TX_BUF_SIZE ) )
     65c:	5714                	lw	a3,40(a4)
     65e:	3ff00793          	li	a5,1023
     662:	02d7f063          	bgeu	a5,a3,682 <USBFS_IRQHandler+0x2fa>
     666:	400236b7          	lui	a3,0x40023
     66a:	42a6d783          	lhu	a5,1066(a3) # 4002342a <_eusrstack+0x2001e42a>
     66e:	07c2                	slli	a5,a5,0x10
     670:	83c1                	srli	a5,a5,0x10
     672:	9bcd                	andi	a5,a5,-13
     674:	0087e793          	ori	a5,a5,8
     678:	42f69523          	sh	a5,1066(a3)
		{
			// if( usb_debug ) printf("Buffer overflow, %c\n", cdc_tx_buffer[961]);
			USBFS_SendNAK( 2, 0 );
			// USBFS->UEP2_RX_CTRL &= ~USBFS_UEP_R_RES_MASK;
			// USBFS->UEP2_RX_CTRL |= USBFS_UEP_R_RES_NAK;
			cdc.tx_stop = 1;
     67c:	4785                	li	a5,1
     67e:	02f70823          	sb	a5,48(a4)
		}
		cdc.tx_remain += USBFS->RX_LEN;
     682:	400237b7          	lui	a5,0x40023
     686:	40078793          	addi	a5,a5,1024 # 40023400 <_eusrstack+0x2001e400>
     68a:	0087d783          	lhu	a5,8(a5)
     68e:	5714                	lw	a3,40(a4)
     690:	97b6                	add	a5,a5,a3
     692:	d71c                	sw	a5,40(a4)
     694:	b351                	j	418 <USBFS_IRQHandler+0x90>
			if (!(USBFS->INT_ST & 0x80)) goto replycomplete;
     696:	0077c783          	lbu	a5,7(a5)
     69a:	07e2                	slli	a5,a5,0x18
     69c:	87e1                	srai	a5,a5,0x18
     69e:	d607dde3          	bgez	a5,418 <USBFS_IRQHandler+0x90>
			UEP_CTRL_TX(0) = USBFS_UEP_T_RES_NAK | USBFS_UEP_T_TOG | USBFS_UEP_R_RES_NAK | USBFS_UEP_R_TOG | CHECK_USBFS_UEP_AUTO_TOG;
     6a2:	400237b7          	lui	a5,0x40023
     6a6:	0da00713          	li	a4,218
     6aa:	42e79123          	sh	a4,1058(a5) # 40023422 <_eusrstack+0x2001e422>
			int USBFS_SetupReqType = USBFSCTX.USBFS_SetupReqType  = pUSBFS_SetupReqPak->bmRequestType;
     6ae:	04418793          	addi	a5,gp,68 # 20000440 <USBFSCTX>
			int USBFS_SetupReqCode = USBFSCTX.USBFS_SetupReqCode  = pUSBFS_SetupReqPak->bRequest;
     6b2:	0107d703          	lhu	a4,16(a5)
     6b6:	0147d983          	lhu	s3,20(a5)
			int USBFS_SetupReqLen = USBFSCTX.USBFS_SetupReqLen    = pUSBFS_SetupReqPak->wLength;
     6ba:	0167dc03          	lhu	s8,22(a5)
			int USBFS_SetupReqCode = USBFSCTX.USBFS_SetupReqCode  = pUSBFS_SetupReqPak->bRequest;
     6be:	00875693          	srli	a3,a4,0x8
     6c2:	0722                	slli	a4,a4,0x8
     6c4:	8f55                	or	a4,a4,a3
     6c6:	04e19223          	sh	a4,68(gp) # 20000440 <USBFSCTX>
     6ca:	0127d703          	lhu	a4,18(a5)
     6ce:	01099a13          	slli	s4,s3,0x10
			int USBFS_SetupReqType = USBFSCTX.USBFS_SetupReqType  = pUSBFS_SetupReqPak->bmRequestType;
     6d2:	0107cb83          	lbu	s7,16(a5)
			int USBFS_SetupReqCode = USBFSCTX.USBFS_SetupReqCode  = pUSBFS_SetupReqPak->bRequest;
     6d6:	00ea6a33          	or	s4,s4,a4
     6da:	0117c903          	lbu	s2,17(a5)
			int USBFS_SetupReqLen = USBFSCTX.USBFS_SetupReqLen    = pUSBFS_SetupReqPak->wLength;
     6de:	01879123          	sh	s8,2(a5)
			int USBFS_IndexValue = USBFSCTX.USBFS_IndexValue = ( pUSBFS_SetupReqPak->wIndex << 16 ) | pUSBFS_SetupReqPak->wValue;
     6e2:	0147a223          	sw	s4,4(a5)
			if( usb_debug ) printf( "[USB] SETUP: %02x %02x %02d %02x %04x\n", USBFS_SetupReqType, USBFS_SetupReqCode, USBFS_SetupReqLen, USBFS_SetupReqIndex, USBFS_IndexValue );
     6e6:	c0c1c783          	lbu	a5,-1012(gp) # 20000008 <usb_debug>
			int USBFS_SetupReqLen = USBFSCTX.USBFS_SetupReqLen    = pUSBFS_SetupReqPak->wLength;
     6ea:	8ae2                	mv	s5,s8
			if( usb_debug ) printf( "[USB] SETUP: %02x %02x %02d %02x %04x\n", USBFS_SetupReqType, USBFS_SetupReqCode, USBFS_SetupReqLen, USBFS_SetupReqIndex, USBFS_IndexValue );
     6ec:	04418413          	addi	s0,gp,68 # 20000440 <USBFSCTX>
     6f0:	cb91                	beqz	a5,704 <USBFS_IRQHandler+0x37c>
     6f2:	6505                	lui	a0,0x1
     6f4:	87d2                	mv	a5,s4
     6f6:	874e                	mv	a4,s3
     6f8:	86e2                	mv	a3,s8
     6fa:	864a                	mv	a2,s2
     6fc:	85de                	mv	a1,s7
     6fe:	16850513          	addi	a0,a0,360 # 1168 <language+0x54>
     702:	2bf9                	jal	ce0 <printf>
			if( ( USBFS_SetupReqType & USB_REQ_TYP_MASK ) != USB_REQ_TYP_STANDARD )
     704:	060bf793          	andi	a5,s7,96
     708:	cbe1                	beqz	a5,7d8 <USBFS_IRQHandler+0x450>
				if( ( USBFS_SetupReqType & USB_REQ_TYP_MASK ) == USB_REQ_TYP_CLASS )
     70a:	02000713          	li	a4,32
     70e:	10e79563          	bne	a5,a4,818 <USBFS_IRQHandler+0x490>
}

int HandleSetupCustom( struct _USBState * ctx, int setup_code)
{
	int ret = -1;
	if( ctx->USBFS_SetupReqType & USB_REQ_TYP_CLASS )
     712:	00144983          	lbu	s3,1(s0)
     716:	00e9f733          	and	a4,s3,a4
     71a:	c755                	beqz	a4,7c6 <USBFS_IRQHandler+0x43e>
	{
		switch( setup_code )
     71c:	02200713          	li	a4,34
     720:	06e90663          	beq	s2,a4,78c <USBFS_IRQHandler+0x404>
     724:	01276d63          	bltu	a4,s2,73e <USBFS_IRQHandler+0x3b6>
     728:	00f90f63          	beq	s2,a5,746 <USBFS_IRQHandler+0x3be>
     72c:	02100793          	li	a5,33
     730:	06f90a63          	beq	s2,a5,7a4 <USBFS_IRQHandler+0x41c>
			UEP_CTRL_TX(0) = USBFS_UEP_T_TOG | USBFS_UEP_T_RES_STALL | USBFS_UEP_R_TOG | USBFS_UEP_R_RES_STALL;
     734:	400237b7          	lui	a5,0x40023
     738:	0cf00713          	li	a4,207
     73c:	b3c5                	j	51c <USBFS_IRQHandler+0x194>
     73e:	02300793          	li	a5,35
     742:	fef919e3          	bne	s2,a5,734 <USBFS_IRQHandler+0x3ac>
					cdc.DTR_state = 0;
				}

			case CDC_SET_LINE_CODING:
			case CDC_SEND_BREAK:
				ret = (ctx->USBFS_SetupReqLen)?ctx->USBFS_SetupReqLen:-1;
     746:	00245483          	lhu	s1,2(s0)
     74a:	e0bd                	bnez	s1,7b0 <USBFS_IRQHandler+0x428>
									ctx->USBFS_SetupReqLen = 0;
     74c:	00041123          	sh	zero,2(s0)
									len = 0;
     750:	4481                	li	s1,0
								if( ctx->USBFS_SetupReqType & DEF_UEP_IN || ctx->USBFS_SetupReqLen == 0)
     752:	09e2                	slli	s3,s3,0x18
     754:	4189d993          	srai	s3,s3,0x18
     758:	0009c563          	bltz	s3,762 <USBFS_IRQHandler+0x3da>
     75c:	00245783          	lhu	a5,2(s0)
     760:	e7bd                	bnez	a5,7ce <USBFS_IRQHandler+0x446>
									len = len >= DEF_USBD_UEP0_SIZE ? DEF_USBD_UEP0_SIZE : len;
     762:	04000793          	li	a5,64
     766:	0097d363          	bge	a5,s1,76c <USBFS_IRQHandler+0x3e4>
     76a:	84be                	mv	s1,a5
									UEP_CTRL_LEN(0) = len;
     76c:	04c2                	slli	s1,s1,0x10
     76e:	400237b7          	lui	a5,0x40023
     772:	80c1                	srli	s1,s1,0x10
     774:	42979023          	sh	s1,1056(a5) # 40023420 <_eusrstack+0x2001e420>
									UEP_CTRL_TX(0) = USBFS_UEP_T_TOG|USBFS_UEP_T_RES_ACK;
     778:	04000713          	li	a4,64
     77c:	42e79123          	sh	a4,1058(a5)
									ctx->USBFS_SetupReqLen -= len;
     780:	00245783          	lhu	a5,2(s0)
     784:	8f85                	sub	a5,a5,s1
     786:	00f41123          	sh	a5,2(s0)
     78a:	b179                	j	418 <USBFS_IRQHandler+0x90>
				if (wValue&0x01)
     78c:	4058                	lw	a4,4(s0)
     78e:	01018793          	addi	a5,gp,16 # 2000040c <cdc>
     792:	8b05                	andi	a4,a4,1
     794:	c709                	beqz	a4,79e <USBFS_IRQHandler+0x416>
					cdc.DTR_state = 1;
     796:	4705                	li	a4,1
     798:	02e78923          	sb	a4,50(a5)
     79c:	b76d                	j	746 <USBFS_IRQHandler+0x3be>
					cdc.DTR_state = 0;
     79e:	02078923          	sb	zero,50(a5)
     7a2:	b755                	j	746 <USBFS_IRQHandler+0x3be>

				break;
			case CDC_GET_LINE_CODING:
				ctx->pCtrlPayloadPtr = cdc.cdc_cfg;
				ret = ctx->USBFS_SetupReqLen;
     7a4:	00245483          	lhu	s1,2(s0)
				ctx->pCtrlPayloadPtr = cdc.cdc_cfg;
     7a8:	01018793          	addi	a5,gp,16 # 2000040c <cdc>
     7ac:	c45c                	sw	a5,12(s0)
							if( len )
     7ae:	d0d9                	beqz	s1,734 <USBFS_IRQHandler+0x3ac>
									copyBuffer( ctrl0buff, ctx->pCtrlPayloadPtr, len );
     7b0:	00c42903          	lw	s2,12(s0)
     7b4:	8626                	mv	a2,s1
     7b6:	85ca                	mv	a1,s2
     7b8:	05418513          	addi	a0,gp,84 # 20000450 <USBFSCTX+0x10>
									ctx->pCtrlPayloadPtr += len;
     7bc:	9926                	add	s2,s2,s1
									copyBuffer( ctrl0buff, ctx->pCtrlPayloadPtr, len );
     7be:	21a1                	jal	c06 <memcpy>
									ctx->pCtrlPayloadPtr += len;
     7c0:	01242623          	sw	s2,12(s0)
     7c4:	b779                	j	752 <USBFS_IRQHandler+0x3ca>
			default:
				ret = 0;
				break;
		}
	}
	else if( ctx->USBFS_SetupReqType & USB_REQ_TYP_VENDOR )
     7c6:	0409f793          	andi	a5,s3,64
     7ca:	d7ad                	beqz	a5,734 <USBFS_IRQHandler+0x3ac>
     7cc:	b741                	j	74c <USBFS_IRQHandler+0x3c4>
								else UEP_CTRL_TX(0)= USBFS_UEP_R_TOG|USBFS_UEP_R_RES_ACK;
     7ce:	400237b7          	lui	a5,0x40023
     7d2:	08000713          	li	a4,128
     7d6:	b399                	j	51c <USBFS_IRQHandler+0x194>
				switch( USBFS_SetupReqCode )
     7d8:	47ad                	li	a5,11
     7da:	f527ede3          	bltu	a5,s2,734 <USBFS_IRQHandler+0x3ac>
     7de:	6785                	lui	a5,0x1
     7e0:	26078793          	addi	a5,a5,608 # 1260 <language+0x14c>
     7e4:	090a                	slli	s2,s2,0x2
     7e6:	993e                	add	s2,s2,a5
     7e8:	00092783          	lw	a5,0(s2)
     7ec:	8782                	jr	a5
						const struct descriptor_list_struct * e = descriptor_list;
     7ee:	6785                	lui	a5,0x1
     7f0:	2e878793          	addi	a5,a5,744 # 12e8 <descriptor_list>
						for( ; e != e_end; e++ )
     7f4:	6685                	lui	a3,0x1
							if( e->lIndexValue == USBFS_IndexValue )
     7f6:	4398                	lw	a4,0(a5)
     7f8:	05471463          	bne	a4,s4,840 <USBFS_IRQHandler+0x4b8>
								ctx->pCtrlPayloadPtr = (uint8_t*)e->addr;
     7fc:	43d8                	lw	a4,4(a5)
								len = e->length;
     7fe:	0087c783          	lbu	a5,8(a5)
						ctx->USBFS_SetupReqLen = len;
     802:	04418d13          	addi	s10,gp,68 # 20000440 <USBFSCTX>
								ctx->pCtrlPayloadPtr = (uint8_t*)e->addr;
     806:	c458                	sw	a4,12(s0)
						if( len > USBFS_SetupReqLen )
     808:	00fc5363          	bge	s8,a5,80e <USBFS_IRQHandler+0x486>
     80c:	87e2                	mv	a5,s8
						ctx->USBFS_SetupReqLen = len;
     80e:	00fd1123          	sh	a5,2(s10)
						ctx->USBFS_DevAddr = (uint8_t)( ctx->USBFS_IndexValue & 0xFF );
     812:	405c                	lw	a5,4(s0)
     814:	00f404a3          	sb	a5,9(s0)
				if( USBFS_SetupReqType & DEF_UEP_IN )
     818:	018b9593          	slli	a1,s7,0x18
     81c:	85e1                	srai	a1,a1,0x18
     81e:	1405d363          	bgez	a1,964 <USBFS_IRQHandler+0x5dc>
					len = ( USBFS_SetupReqLen > DEF_USBD_UEP0_SIZE )? DEF_USBD_UEP0_SIZE : USBFS_SetupReqLen;
     822:	04000793          	li	a5,64
     826:	0157d363          	bge	a5,s5,82c <USBFS_IRQHandler+0x4a4>
     82a:	8abe                	mv	s5,a5
					UEP_CTRL_LEN(0) = len;
     82c:	0ac2                	slli	s5,s5,0x10
     82e:	400237b7          	lui	a5,0x40023
     832:	010ada93          	srli	s5,s5,0x10
     836:	43579023          	sh	s5,1056(a5) # 40023420 <_eusrstack+0x2001e420>
					UEP_CTRL_TX(0) = USBFS_UEP_T_RES_ACK;
     83a:	42079123          	sh	zero,1058(a5)
     83e:	bee9                	j	418 <USBFS_IRQHandler+0x90>
						for( ; e != e_end; e++ )
     840:	07b1                	addi	a5,a5,12
     842:	33068713          	addi	a4,a3,816 # 1330 <_data_lma>
     846:	fae798e3          	bne	a5,a4,7f6 <USBFS_IRQHandler+0x46e>
     84a:	b5ed                	j	734 <USBFS_IRQHandler+0x3ac>
						ctrl0buff[0] = ctx->USBFS_DevConfig;
     84c:	00844783          	lbu	a5,8(s0)
						if( ctx->USBFS_SetupReqLen > 1 )
     850:	00245703          	lhu	a4,2(s0)
						ctrl0buff[0] = ctx->USBFS_DevConfig;
     854:	00f40823          	sb	a5,16(s0)
						if( ctx->USBFS_SetupReqLen > 1 )
     858:	4785                	li	a5,1
     85a:	fae7ffe3          	bgeu	a5,a4,818 <USBFS_IRQHandler+0x490>
							ctx->USBFS_SetupReqLen = 1;
     85e:	00f41123          	sh	a5,2(s0)
     862:	bf5d                	j	818 <USBFS_IRQHandler+0x490>
						ctx->USBFS_DevConfig = (uint8_t)( ctx->USBFS_IndexValue & 0xFF );
     864:	405c                	lw	a5,4(s0)
     866:	00f40423          	sb	a5,8(s0)
						ctx->USBFS_DevEnumStatus = 0x01;
     86a:	4785                	li	a5,1
     86c:	00f405a3          	sb	a5,11(s0)
						break;
     870:	b765                	j	818 <USBFS_IRQHandler+0x490>
						if( ( USBFS_SetupReqType & USB_REQ_RECIP_MASK ) == USB_REQ_RECIP_ENDP )
     872:	01fbf713          	andi	a4,s7,31
     876:	4789                	li	a5,2
     878:	eaf71ee3          	bne	a4,a5,734 <USBFS_IRQHandler+0x3ac>
							if( (uint8_t)( USBFS_IndexValue & 0xFF ) == USB_REQ_FEAT_ENDP_HALT )
     87c:	0ffa7a13          	zext.b	s4,s4
     880:	ea0a1ae3          	bnez	s4,734 <USBFS_IRQHandler+0x3ac>
								if( ep < FUSB_CONFIG_EPS ) 
     884:	00cb7b13          	andi	s6,s6,12
     888:	ea0b16e3          	bnez	s6,734 <USBFS_IRQHandler+0x3ac>
									if( USBFS_SetupReqIndex & DEF_UEP_IN  && ctx->endpoint_mode[ep] == -1 ) UEP_CTRL_TX(ep) = USBFS_UEP_T_RES_NAK;
     88c:	0809f993          	andi	s3,s3,128
     890:	ea0982e3          	beqz	s3,734 <USBFS_IRQHandler+0x3ac>
     894:	04448793          	addi	a5,s1,68
     898:	078a                	slli	a5,a5,0x2
     89a:	97a2                	add	a5,a5,s0
     89c:	4394                	lw	a3,0(a5)
     89e:	57fd                	li	a5,-1
     8a0:	e8f69ae3          	bne	a3,a5,734 <USBFS_IRQHandler+0x3ac>
     8a4:	400237b7          	lui	a5,0x40023
     8a8:	048a                	slli	s1,s1,0x2
     8aa:	42278793          	addi	a5,a5,1058 # 40023422 <_eusrstack+0x2001e422>
     8ae:	94be                	add	s1,s1,a5
     8b0:	00e49023          	sh	a4,0(s1)
						break;
     8b4:	b795                	j	818 <USBFS_IRQHandler+0x490>
						else if( ( USBFS_SetupReqType & USB_REQ_RECIP_MASK ) == USB_REQ_RECIP_ENDP )
     8b6:	01fbf793          	andi	a5,s7,31
     8ba:	4709                	li	a4,2
     8bc:	e6e79ce3          	bne	a5,a4,734 <USBFS_IRQHandler+0x3ac>
							if( (uint8_t)( USBFS_IndexValue & 0xFF ) == USB_REQ_FEAT_ENDP_HALT )
     8c0:	0ffa7a13          	zext.b	s4,s4
     8c4:	e60a18e3          	bnez	s4,734 <USBFS_IRQHandler+0x3ac>
								if( ep < FUSB_CONFIG_EPS )
     8c8:	00acd793          	srli	a5,s9,0xa
     8cc:	8b8d                	andi	a5,a5,3
     8ce:	f7a9                	bnez	a5,818 <USBFS_IRQHandler+0x490>
									if( (USBFS_SetupReqIndex & DEF_UEP_IN) && ctx->endpoint_mode[ep] == -1 )UEP_CTRL_TX(ep) = ( UEP_CTRL_TX(ep) & ~USBFS_UEP_T_RES_MASK ) | USBFS_UEP_T_RES_STALL;
     8d0:	0809f993          	andi	s3,s3,128
     8d4:	e60980e3          	beqz	s3,734 <USBFS_IRQHandler+0x3ac>
     8d8:	04448793          	addi	a5,s1,68
     8dc:	078a                	slli	a5,a5,0x2
     8de:	97a2                	add	a5,a5,s0
     8e0:	4398                	lw	a4,0(a5)
     8e2:	57fd                	li	a5,-1
     8e4:	e4f718e3          	bne	a4,a5,734 <USBFS_IRQHandler+0x3ac>
     8e8:	400237b7          	lui	a5,0x40023
     8ec:	42278793          	addi	a5,a5,1058 # 40023422 <_eusrstack+0x2001e422>
     8f0:	048a                	slli	s1,s1,0x2
     8f2:	94be                	add	s1,s1,a5
     8f4:	0004d783          	lhu	a5,0(s1)
     8f8:	0037e793          	ori	a5,a5,3
     8fc:	00f49023          	sh	a5,0(s1)
     900:	bf21                	j	818 <USBFS_IRQHandler+0x490>
						ctrl0buff[0] = 0x00;
     902:	00040823          	sb	zero,16(s0)
						if( USBFS_SetupReqLen > 1 ) USBFS_SetupReqLen = 1;
     906:	f18059e3          	blez	s8,818 <USBFS_IRQHandler+0x490>
     90a:	4a85                	li	s5,1
     90c:	b731                	j	818 <USBFS_IRQHandler+0x490>
						ctrl0buff[0] = 0x00;
     90e:	00041823          	sh	zero,16(s0)
						if( ( USBFS_SetupReqType & USB_REQ_RECIP_MASK ) == USB_REQ_RECIP_DEVICE )
     912:	01fbf793          	andi	a5,s7,31
     916:	c3b1                	beqz	a5,95a <USBFS_IRQHandler+0x5d2>
						else if( ( USBFS_SetupReqType & USB_REQ_RECIP_MASK ) == USB_REQ_RECIP_ENDP )
     918:	4709                	li	a4,2
     91a:	e0e79de3          	bne	a5,a4,734 <USBFS_IRQHandler+0x3ac>
							if( ep < FUSB_CONFIG_EPS )
     91e:	00cb7b13          	andi	s6,s6,12
     922:	e00b19e3          	bnez	s6,734 <USBFS_IRQHandler+0x3ac>
								if( USBFS_SetupReqIndex & DEF_UEP_IN && ctx->endpoint_mode[ep] == -1 ) ctrl0buff[0] = ( UEP_CTRL_TX(ep) & USBFS_UEP_T_RES_MASK ) == USBFS_UEP_T_RES_STALL;
     926:	0809f993          	andi	s3,s3,128
     92a:	e00985e3          	beqz	s3,734 <USBFS_IRQHandler+0x3ac>
     92e:	04448793          	addi	a5,s1,68
     932:	078a                	slli	a5,a5,0x2
     934:	97a2                	add	a5,a5,s0
     936:	4398                	lw	a4,0(a5)
     938:	57fd                	li	a5,-1
     93a:	def71de3          	bne	a4,a5,734 <USBFS_IRQHandler+0x3ac>
     93e:	400237b7          	lui	a5,0x40023
     942:	42278793          	addi	a5,a5,1058 # 40023422 <_eusrstack+0x2001e422>
     946:	048a                	slli	s1,s1,0x2
     948:	94be                	add	s1,s1,a5
     94a:	0004d783          	lhu	a5,0(s1)
     94e:	8b8d                	andi	a5,a5,3
     950:	17f5                	addi	a5,a5,-3
     952:	0017b793          	seqz	a5,a5
     956:	00f40823          	sb	a5,16(s0)
						if( USBFS_SetupReqLen > 2 )
     95a:	4789                	li	a5,2
     95c:	eb87dee3          	bge	a5,s8,818 <USBFS_IRQHandler+0x490>
     960:	8abe                	mv	s5,a5
     962:	bd5d                	j	818 <USBFS_IRQHandler+0x490>
					if( USBFS_SetupReqLen == 0 )
     964:	400237b7          	lui	a5,0x40023
     968:	42278793          	addi	a5,a5,1058 # 40023422 <_eusrstack+0x2001e422>
						UEP_CTRL_TX(0) = CHECK_USBFS_UEP_T_AUTO_TOG | USBFS_UEP_R_RES_ACK | USBFS_UEP_R_TOG;
     96c:	09000713          	li	a4,144
					if( USBFS_SetupReqLen == 0 )
     970:	000a9863          	bnez	s5,980 <USBFS_IRQHandler+0x5f8>
						UEP_CTRL_LEN(0) = 0;
     974:	40023737          	lui	a4,0x40023
     978:	42071023          	sh	zero,1056(a4) # 40023420 <_eusrstack+0x2001e420>
						UEP_CTRL_TX(0) = USBFS_UEP_T_RES_ACK | USBFS_UEP_T_TOG;
     97c:	04000713          	li	a4,64
						UEP_CTRL_TX(0) = CHECK_USBFS_UEP_T_AUTO_TOG | USBFS_UEP_R_RES_ACK | USBFS_UEP_R_TOG;
     980:	00e79023          	sh	a4,0(a5)
     984:	bc51                	j	418 <USBFS_IRQHandler+0x90>
	else if( intfgst & CRB_UIF_BUS_RST )
     986:	001cf793          	andi	a5,s9,1
     98a:	cb8d                	beqz	a5,9bc <USBFS_IRQHandler+0x634>
		if( usb_debug ) printf("[USB] RESET\n");
     98c:	c0c1c783          	lbu	a5,-1012(gp) # 20000008 <usb_debug>
     990:	c789                	beqz	a5,99a <USBFS_IRQHandler+0x612>
     992:	6505                	lui	a0,0x1
     994:	19050513          	addi	a0,a0,400 # 1190 <language+0x7c>
     998:	2e21                	jal	cb0 <puts>
		ctx->USBFS_DevConfig = 0;
     99a:	04418793          	addi	a5,gp,68 # 20000440 <USBFSCTX>
     99e:	00079423          	sh	zero,8(a5)
		ctx->USBFS_DevSleepStatus = 0;
     9a2:	00078523          	sb	zero,10(a5)
		ctx->USBFS_DevEnumStatus = 0;
     9a6:	000785a3          	sb	zero,11(a5)
		USBFS->DEV_ADDR = 0;
     9aa:	40023437          	lui	s0,0x40023
     9ae:	400401a3          	sb	zero,1027(s0) # 40023403 <_eusrstack+0x2001e403>
		USBFS_InternalFinishSetup();
     9b2:	3875                	jal	26e <USBFS_InternalFinishSetup>
		USBFS->INT_FG = CRB_UIF_BUS_RST;
     9b4:	4785                	li	a5,1
     9b6:	40f40323          	sb	a5,1030(s0)
     9ba:	b4a5                	j	422 <USBFS_IRQHandler+0x9a>
	else if( intfgst & CRB_UIF_SUSPEND )
     9bc:	004cf793          	andi	a5,s9,4
     9c0:	c3a1                	beqz	a5,a00 <USBFS_IRQHandler+0x678>
		if( usb_debug ) printf("[USB] SUSPEND\n");
     9c2:	c0c1c783          	lbu	a5,-1012(gp) # 20000008 <usb_debug>
     9c6:	c789                	beqz	a5,9d0 <USBFS_IRQHandler+0x648>
     9c8:	6505                	lui	a0,0x1
     9ca:	19c50513          	addi	a0,a0,412 # 119c <language+0x88>
     9ce:	24cd                	jal	cb0 <puts>
		USBFS->INT_FG = USBFS_UMS_SUSPEND;
     9d0:	4791                	li	a5,4
     9d2:	40023437          	lui	s0,0x40023
     9d6:	40f40323          	sb	a5,1030(s0) # 40023406 <_eusrstack+0x2001e406>
		Delay_Us(10);
     9da:	1e000513          	li	a0,480
     9de:	fceff0ef          	jal	1ac <DelaySysTick>
		if( USBFS->MIS_ST & USBFS_UMS_SUSPEND )
     9e2:	40544683          	lbu	a3,1029(s0)
			ctx->USBFS_DevSleepStatus |= 0x02;
     9e6:	04418713          	addi	a4,gp,68 # 20000440 <USBFSCTX>
		if( USBFS->MIS_ST & USBFS_UMS_SUSPEND )
     9ea:	8a91                	andi	a3,a3,4
			ctx->USBFS_DevSleepStatus |= 0x02;
     9ec:	00a74783          	lbu	a5,10(a4)
		if( USBFS->MIS_ST & USBFS_UMS_SUSPEND )
     9f0:	c691                	beqz	a3,9fc <USBFS_IRQHandler+0x674>
			ctx->USBFS_DevSleepStatus |= 0x02;
     9f2:	0027e793          	ori	a5,a5,2
			ctx->USBFS_DevSleepStatus &= ~0x02;
     9f6:	00f70523          	sb	a5,10(a4)
     9fa:	b425                	j	422 <USBFS_IRQHandler+0x9a>
     9fc:	9bf5                	andi	a5,a5,-3
     9fe:	bfe5                	j	9f6 <USBFS_IRQHandler+0x66e>
			USBFS->INT_FG = intfgst & 0xff;
     a00:	400237b7          	lui	a5,0x40023
     a04:	0ffcf713          	zext.b	a4,s9
     a08:	40e78323          	sb	a4,1030(a5) # 40023406 <_eusrstack+0x2001e406>
			if( usb_debug) printf("[USB] intfgst = %04x\n",intfgst);
     a0c:	c0c1c783          	lbu	a5,-1012(gp) # 20000008 <usb_debug>
     a10:	a00789e3          	beqz	a5,422 <USBFS_IRQHandler+0x9a>
     a14:	6505                	lui	a0,0x1
     a16:	85e6                	mv	a1,s9
     a18:	1ac50513          	addi	a0,a0,428 # 11ac <language+0x98>
     a1c:	24d1                	jal	ce0 <printf>
}
     a1e:	b411                	j	422 <USBFS_IRQHandler+0x9a>

00000a20 <strlen>:
	for (; *s; s++);
     a20:	87aa                	mv	a5,a0
     a22:	0007c703          	lbu	a4,0(a5)
     a26:	e701                	bnez	a4,a2e <strlen+0xe>
}
     a28:	40a78533          	sub	a0,a5,a0
     a2c:	8082                	ret
	for (; *s; s++);
     a2e:	0785                	addi	a5,a5,1
     a30:	bfcd                	j	a22 <strlen+0x2>

00000a32 <mini_vpprintf>:
{
     a32:	7175                	addi	sp,sp,-144
     a34:	c522                	sw	s0,136(sp)
     a36:	d2e6                	sw	s9,100(sp)
     a38:	c706                	sw	ra,140(sp)
     a3a:	c326                	sw	s1,132(sp)
     a3c:	c14a                	sw	s2,128(sp)
     a3e:	dece                	sw	s3,124(sp)
     a40:	dcd2                	sw	s4,120(sp)
     a42:	dad6                	sw	s5,116(sp)
     a44:	d8da                	sw	s6,112(sp)
     a46:	d6de                	sw	s7,108(sp)
     a48:	d4e2                	sw	s8,104(sp)
     a4a:	d0ea                	sw	s10,96(sp)
     a4c:	ceee                	sw	s11,92(sp)
     a4e:	8432                	mv	s0,a2
     a50:	8cb6                	mv	s9,a3
	if(puts == (void*)0) {
     a52:	e131                	bnez	a0,a96 <mini_vpprintf+0x64>
		puts = _puts; buf = (void*)0;
     a54:	4901                	li	s2,0
     a56:	16a00493          	li	s1,362
	int n = 0;
     a5a:	4981                	li	s3,0
		if (ch!='%') {
     a5c:	02500a93          	li	s5,37
			if (ch == '0') pad_char = '0';
     a60:	03000a13          	li	s4,48
			while (ch >= '0' && ch <= '9') {
     a64:	4b25                	li	s6,9
				pad_to = pad_to * 10 + (ch - '0');
     a66:	4ba9                	li	s7,10
	while ((ch=*(fmt++))) {
     a68:	00044783          	lbu	a5,0(s0)
     a6c:	00140d13          	addi	s10,s0,1
     a70:	00f10fa3          	sb	a5,31(sp)
     a74:	e785                	bnez	a5,a9c <mini_vpprintf+0x6a>
}
     a76:	40ba                	lw	ra,140(sp)
     a78:	442a                	lw	s0,136(sp)
     a7a:	449a                	lw	s1,132(sp)
     a7c:	490a                	lw	s2,128(sp)
     a7e:	5a66                	lw	s4,120(sp)
     a80:	5ad6                	lw	s5,116(sp)
     a82:	5b46                	lw	s6,112(sp)
     a84:	5bb6                	lw	s7,108(sp)
     a86:	5c26                	lw	s8,104(sp)
     a88:	5c96                	lw	s9,100(sp)
     a8a:	5d06                	lw	s10,96(sp)
     a8c:	4df6                	lw	s11,92(sp)
     a8e:	854e                	mv	a0,s3
     a90:	59f6                	lw	s3,124(sp)
     a92:	6149                	addi	sp,sp,144
     a94:	8082                	ret
     a96:	84aa                	mv	s1,a0
     a98:	892e                	mv	s2,a1
     a9a:	b7c1                	j	a5a <mini_vpprintf+0x28>
		if (ch!='%') {
     a9c:	01578c63          	beq	a5,s5,ab4 <mini_vpprintf+0x82>
			len = puts(&ch, len, buf);
     aa0:	864a                	mv	a2,s2
     aa2:	4585                	li	a1,1
     aa4:	01f10513          	addi	a0,sp,31
     aa8:	9482                	jalr	s1
     aaa:	8c66                	mv	s8,s9
	while ((ch=*(fmt++))) {
     aac:	846a                	mv	s0,s10
		n = n + len;
     aae:	99aa                	add	s3,s3,a0
     ab0:	8ce2                	mv	s9,s8
     ab2:	bf5d                	j	a68 <mini_vpprintf+0x36>
			ch=*(fmt++);
     ab4:	00144703          	lbu	a4,1(s0)
     ab8:	00240793          	addi	a5,s0,2
			if (ch == '0') pad_char = '0';
     abc:	8d52                	mv	s10,s4
			ch=*(fmt++);
     abe:	00e10fa3          	sb	a4,31(sp)
			if (ch == '0') pad_char = '0';
     ac2:	07471e63          	bne	a4,s4,b3e <mini_vpprintf+0x10c>
				ch=*(fmt++);
     ac6:	843e                	mv	s0,a5
     ac8:	4681                	li	a3,0
     aca:	4781                	li	a5,0
     acc:	a801                	j	adc <mini_vpprintf+0xaa>
				pad_to = pad_to * 10 + (ch - '0');
     ace:	037787b3          	mul	a5,a5,s7
				ch=*(fmt++);
     ad2:	00044703          	lbu	a4,0(s0)
     ad6:	0405                	addi	s0,s0,1
     ad8:	4685                	li	a3,1
				pad_to = pad_to * 10 + (ch - '0');
     ada:	97b2                	add	a5,a5,a2
			while (ch >= '0' && ch <= '9') {
     adc:	fd070613          	addi	a2,a4,-48
     ae0:	0ff67593          	zext.b	a1,a2
     ae4:	febb75e3          	bgeu	s6,a1,ace <mini_vpprintf+0x9c>
     ae8:	c299                	beqz	a3,aee <mini_vpprintf+0xbc>
     aea:	00e10fa3          	sb	a4,31(sp)
			if(pad_to > (signed int) sizeof(bf)) {
     aee:	46e1                	li	a3,24
     af0:	8dbe                	mv	s11,a5
     af2:	00f6d363          	bge	a3,a5,af8 <mini_vpprintf+0xc6>
     af6:	8db6                	mv	s11,a3
			if (ch == 'l') {
     af8:	06c00693          	li	a3,108
			char l = 0;
     afc:	4601                	li	a2,0
			if (ch == 'l') {
     afe:	00d71863          	bne	a4,a3,b0e <mini_vpprintf+0xdc>
				ch=*(fmt++);
     b02:	00044703          	lbu	a4,0(s0)
				l = 1;
     b06:	4605                	li	a2,1
				ch=*(fmt++);
     b08:	0405                	addi	s0,s0,1
     b0a:	00e10fa3          	sb	a4,31(sp)
			switch (ch) {
     b0e:	01f14683          	lbu	a3,31(sp)
     b12:	06400713          	li	a4,100
     b16:	06e68363          	beq	a3,a4,b7c <mini_vpprintf+0x14a>
     b1a:	02d76563          	bltu	a4,a3,b44 <mini_vpprintf+0x112>
     b1e:	05800793          	li	a5,88
     b22:	0af68063          	beq	a3,a5,bc2 <mini_vpprintf+0x190>
     b26:	06300793          	li	a5,99
     b2a:	0af68e63          	beq	a3,a5,be6 <mini_vpprintf+0x1b4>
     b2e:	d6a1                	beqz	a3,a76 <mini_vpprintf+0x44>
					len = puts(&ch, len, buf);
     b30:	864a                	mv	a2,s2
     b32:	4585                	li	a1,1
     b34:	01f10513          	addi	a0,sp,31
     b38:	9482                	jalr	s1
					break;
     b3a:	8c66                	mv	s8,s9
     b3c:	bf8d                	j	aae <mini_vpprintf+0x7c>
			char pad_char = ' ';
     b3e:	02000d13          	li	s10,32
     b42:	b751                	j	ac6 <mini_vpprintf+0x94>
			switch (ch) {
     b44:	07500713          	li	a4,117
     b48:	02e68a63          	beq	a3,a4,b7c <mini_vpprintf+0x14a>
     b4c:	07800713          	li	a4,120
     b50:	06e68963          	beq	a3,a4,bc2 <mini_vpprintf+0x190>
     b54:	07300713          	li	a4,115
     b58:	fce69ce3          	bne	a3,a4,b30 <mini_vpprintf+0xfe>
					ptr = va_arg(va, char*);
     b5c:	004c8c13          	addi	s8,s9,4
     b60:	000cac83          	lw	s9,0(s9)
     b64:	c63e                	sw	a5,12(sp)
					len = mini_strlen(ptr);
     b66:	8566                	mv	a0,s9
     b68:	3d65                	jal	a20 <strlen>
					if (pad_to > 0) {
     b6a:	47b2                	lw	a5,12(sp)
					len = mini_strlen(ptr);
     b6c:	85aa                	mv	a1,a0
					if (pad_to > 0) {
     b6e:	08f05963          	blez	a5,c00 <mini_vpprintf+0x1ce>
						len = mini_pad(ptr, len, pad_char, pad_to, bf);
     b72:	1838                	addi	a4,sp,56
     b74:	86ee                	mv	a3,s11
     b76:	866a                	mv	a2,s10
     b78:	8566                	mv	a0,s9
     b7a:	a025                	j	ba2 <mini_vpprintf+0x170>
						len = mini_itoa(va_arg(va, unsigned long), 10, 0, (ch=='u'), bf2);
     b7c:	004c8c13          	addi	s8,s9,4
					if(l) {
     b80:	ca05                	beqz	a2,bb0 <mini_vpprintf+0x17e>
						len = mini_itoa(va_arg(va, unsigned long), 10, 0, (ch=='u'), bf2);
     b82:	f8b68693          	addi	a3,a3,-117
     b86:	1018                	addi	a4,sp,32
     b88:	0016b693          	seqz	a3,a3
     b8c:	000ca503          	lw	a0,0(s9)
     b90:	4601                	li	a2,0
     b92:	45a9                	li	a1,10
     b94:	e4aff0ef          	jal	1de <mini_itoa.part.0>
					len = mini_pad(bf2, len, pad_char, pad_to, bf);
     b98:	1838                	addi	a4,sp,56
     b9a:	86ee                	mv	a3,s11
     b9c:	866a                	mv	a2,s10
     b9e:	85aa                	mv	a1,a0
					len = mini_pad(bf2, len, pad_char, pad_to, bf);
     ba0:	1008                	addi	a0,sp,32
     ba2:	d3eff0ef          	jal	e0 <mini_pad>
     ba6:	85aa                	mv	a1,a0
					len = puts(bf, len, buf);
     ba8:	864a                	mv	a2,s2
     baa:	1828                	addi	a0,sp,56
     bac:	9482                	jalr	s1
					break;
     bae:	b701                	j	aae <mini_vpprintf+0x7c>
						if(ch == 'u') {
     bb0:	07500793          	li	a5,117
     bb4:	1018                	addi	a4,sp,32
     bb6:	00f69463          	bne	a3,a5,bbe <mini_vpprintf+0x18c>
	if (radix > 16)
     bba:	4685                	li	a3,1
     bbc:	bfc1                	j	b8c <mini_vpprintf+0x15a>
     bbe:	4681                	li	a3,0
     bc0:	b7f1                	j	b8c <mini_vpprintf+0x15a>
					if(l) {
     bc2:	000ca503          	lw	a0,0(s9)
						len = mini_itoa(va_arg(va, unsigned long), 16, (ch=='X'), 1, bf2);
     bc6:	fa868613          	addi	a2,a3,-88
     bca:	1018                	addi	a4,sp,32
     bcc:	4685                	li	a3,1
     bce:	00163613          	seqz	a2,a2
     bd2:	45c1                	li	a1,16
     bd4:	e0aff0ef          	jal	1de <mini_itoa.part.0>
						len = mini_itoa(va_arg(va, unsigned long), 10, 0, (ch=='u'), bf2);
     bd8:	004c8c13          	addi	s8,s9,4
	if (radix > 16)
     bdc:	85aa                	mv	a1,a0
					len = mini_pad(bf2, len, pad_char, pad_to, bf);
     bde:	1838                	addi	a4,sp,56
     be0:	86ee                	mv	a3,s11
     be2:	866a                	mv	a2,s10
     be4:	bf75                	j	ba0 <mini_vpprintf+0x16e>
					ch = (char)(va_arg(va, int));
     be6:	000ca783          	lw	a5,0(s9)
     bea:	004c8c13          	addi	s8,s9,4
					len = mini_pad(&ch, 1, pad_char, pad_to, bf);
     bee:	1838                	addi	a4,sp,56
					ch = (char)(va_arg(va, int));
     bf0:	00f10fa3          	sb	a5,31(sp)
					len = mini_pad(&ch, 1, pad_char, pad_to, bf);
     bf4:	86ee                	mv	a3,s11
     bf6:	866a                	mv	a2,s10
     bf8:	4585                	li	a1,1
     bfa:	01f10513          	addi	a0,sp,31
     bfe:	b755                	j	ba2 <mini_vpprintf+0x170>
						len = puts(ptr, len, buf);
     c00:	864a                	mv	a2,s2
     c02:	8566                	mv	a0,s9
     c04:	b765                	j	bac <mini_vpprintf+0x17a>

00000c06 <memcpy>:
	for (; n; n--) *d++ = *s++;
     c06:	4781                	li	a5,0
     c08:	00f61363          	bne	a2,a5,c0e <memcpy+0x8>
}
     c0c:	8082                	ret
	for (; n; n--) *d++ = *s++;
     c0e:	00f58733          	add	a4,a1,a5
     c12:	00074683          	lbu	a3,0(a4)
     c16:	00f50733          	add	a4,a0,a5
     c1a:	0785                	addi	a5,a5,1
     c1c:	00d70023          	sb	a3,0(a4)
     c20:	b7e5                	j	c08 <memcpy+0x2>

00000c22 <write_cdc>:
	return ret;
}


void write_cdc(const uint8_t* data, size_t len)
{
     c22:	1141                	addi	sp,sp,-16
     c24:	c422                	sw	s0,8(sp)
     c26:	c606                	sw	ra,12(sp)
     c28:	c226                	sw	s1,4(sp)
     c2a:	842e                	mv	s0,a1
	if( USBFSCTX.USBFS_errata_dont_send_endpoint_in_window || USBFSCTX.USBFS_Endp_Busy[ endp ] ) return -1;
     c2c:	04418713          	addi	a4,gp,68 # 20000440 <USBFSCTX>
     c30:	12874703          	lbu	a4,296(a4)
     c34:	04418493          	addi	s1,gp,68 # 20000440 <USBFSCTX>
     c38:	fb75                	bnez	a4,c2c <write_cdc+0xa>
     c3a:	1274c703          	lbu	a4,295(s1)
     c3e:	f77d                	bnez	a4,c2c <write_cdc+0xa>
	if( USBFSCTX.USBFS_SetupReqLen > 0 ) return USBFSCTX.USBFS_SetupReqLen;
     c40:	0024d783          	lhu	a5,2(s1)
     c44:	e7b9                	bnez	a5,c92 <write_cdc+0x70>
	if( (USBFS->INT_ST & 0x80) ) return -3;
     c46:	400237b7          	lui	a5,0x40023
     c4a:	40078793          	addi	a5,a5,1024 # 40023400 <_eusrstack+0x2001e400>
     c4e:	0077c783          	lbu	a5,7(a5)
     c52:	07e2                	slli	a5,a5,0x18
     c54:	87e1                	srai	a5,a5,0x18
     c56:	0207ce63          	bltz	a5,c92 <write_cdc+0x70>
	if ( len )
     c5a:	cc01                	beqz	s0,c72 <write_cdc+0x50>
			UEP_DMA( endp ) = (uintptr_t)USBFSCTX.ENDPOINTS[endp];
     c5c:	11418693          	addi	a3,gp,276 # 20000510 <USBFSCTX+0xd0>
     c60:	40023737          	lui	a4,0x40023
			copyBuffer( USBFSCTX.ENDPOINTS[endp], data, len );
     c64:	85aa                	mv	a1,a0
			UEP_DMA( endp ) = (uintptr_t)USBFSCTX.ENDPOINTS[endp];
     c66:	40d72e23          	sw	a3,1052(a4) # 4002341c <_eusrstack+0x2001e41c>
			copyBuffer( USBFSCTX.ENDPOINTS[endp], data, len );
     c6a:	8622                	mv	a2,s0
     c6c:	11418513          	addi	a0,gp,276 # 20000510 <USBFSCTX+0xd0>
     c70:	3f59                	jal	c06 <memcpy>
	UEP_CTRL_LEN( endp ) = len;
     c72:	0442                	slli	s0,s0,0x10
     c74:	400237b7          	lui	a5,0x40023
     c78:	8041                	srli	s0,s0,0x10
     c7a:	42879623          	sh	s0,1068(a5) # 4002342c <_eusrstack+0x2001e42c>
	UEP_CTRL_TX( endp ) = ( UEP_CTRL_TX( endp ) & ~USBFS_UEP_T_RES_MASK ) | USBFS_UEP_T_RES_ACK;
     c7e:	42e7d703          	lhu	a4,1070(a5)
     c82:	66c1                	lui	a3,0x10
     c84:	16f1                	addi	a3,a3,-4 # fffc <main.c.e1821afc+0xdd08>
     c86:	8f75                	and	a4,a4,a3
     c88:	42e79723          	sh	a4,1070(a5)
	USBFSCTX.USBFS_Endp_Busy[ endp ] = 1;
     c8c:	4785                	li	a5,1
     c8e:	12f483a3          	sb	a5,295(s1)
	{
		while(USBFS_SendEndpointNEW(3, (uint8_t*)data, len, 1) == -1); 
	}
	
	// NVIC_EnableIRQ(USB_IRQn);
}
     c92:	40b2                	lw	ra,12(sp)
     c94:	4422                	lw	s0,8(sp)
     c96:	4492                	lw	s1,4(sp)
     c98:	0141                	addi	sp,sp,16
     c9a:	8082                	ret

00000c9c <__puts_cdc>:
	write_cdc((uint8_t*)&c, 1);
	return 1;
}

static int __puts_cdc( char *s, int len, void *buf )
{
     c9c:	1141                	addi	sp,sp,-16
     c9e:	c422                	sw	s0,8(sp)
     ca0:	c606                	sw	ra,12(sp)
     ca2:	842e                	mv	s0,a1
	(void)buf;//To zawiera wskaźnika na oryginalny string z printf

	write_cdc((uint8_t*)s, len);
     ca4:	3fbd                	jal	c22 <write_cdc>
	return len;
}
     ca6:	40b2                	lw	ra,12(sp)
     ca8:	8522                	mv	a0,s0
     caa:	4422                	lw	s0,8(sp)
     cac:	0141                	addi	sp,sp,16
     cae:	8082                	ret

00000cb0 <puts>:
{
     cb0:	1141                	addi	sp,sp,-16
     cb2:	c606                	sw	ra,12(sp)
	int sl = strlen( s );
     cb4:	33b5                	jal	a20 <strlen>
}
     cb6:	40b2                	lw	ra,12(sp)
     cb8:	0505                	addi	a0,a0,1
     cba:	0141                	addi	sp,sp,16
     cbc:	8082                	ret

00000cbe <SystemInit>:
		FLASH->ACTLR = FLASH_ACTLR_LATENCY_1;
	#else
		FLASH->ACTLR = FLASH_ACTLR_LATENCY_0;
	#endif
#elif defined(CH32X03x)
	FLASH->ACTLR = FLASH_ACTLR_LATENCY_2;                   // +2 Cycle Latency (Recommended per TRM)
     cbe:	400227b7          	lui	a5,0x40022
     cc2:	4709                	li	a4,2
     cc4:	c398                	sw	a4,0(a5)
	#endif
	#if defined(FUNCONF_USE_PLL) && FUNCONF_USE_PLL
		RCC->CFGR0 = BASE_CFGR0;
		RCC->CTLR  = BASE_CTLR | RCC_HSION | RCC_PLLON; 			// Use HSI, enable PLL.
	#else
		RCC->CFGR0 = RCC_HPRE_DIV1;                               	// PLLCLK = HCLK = SYSCLK = APB1
     cc6:	400217b7          	lui	a5,0x40021
		RCC->CTLR  = BASE_CTLR | RCC_HSION;     					// Use HSI, Only.
     cca:	00080737          	lui	a4,0x80
		RCC->CFGR0 = RCC_HPRE_DIV1;                               	// PLLCLK = HCLK = SYSCLK = APB1
     cce:	0007a223          	sw	zero,4(a5) # 40021004 <_eusrstack+0x2001c004>
		RCC->CTLR  = BASE_CTLR | RCC_HSION;     					// Use HSI, Only.
     cd2:	08170713          	addi	a4,a4,129 # 80081 <main.c.e1821afc+0x7dd8d>
     cd6:	c398                	sw	a4,0(a5)
		FLASH->ACTLR = FLASH_ACTLR_LATENCY_0;
	#endif
#endif

#ifndef CH5xx
	RCC->INTR  = 0x009F0000;                               // Clear PLL, CSSC, HSE, HSI and LSI ready flags.
     cd8:	009f0737          	lui	a4,0x9f0
     cdc:	c798                	sw	a4,8(a5)
	SetupDebugPrintf();
#endif
#if defined(FUNCONF_SUPPORT_CONSTRUCTORS) && FUNCONF_SUPPORT_CONSTRUCTORS
	CallConstructors();
#endif
}
     cde:	8082                	ret

00000ce0 <printf>:

int printf( const char* format, ... )
{
     ce0:	7139                	addi	sp,sp,-64
     ce2:	d432                	sw	a2,40(sp)
	va_list args;
	va_start( args, format );
	int ret_status = mini_vpprintf(__puts_cdc, 0, format, args);
     ce4:	862a                	mv	a2,a0
     ce6:	6505                	lui	a0,0x1
{
     ce8:	d22e                	sw	a1,36(sp)
     cea:	d636                	sw	a3,44(sp)
	int ret_status = mini_vpprintf(__puts_cdc, 0, format, args);
     cec:	4581                	li	a1,0
	va_start( args, format );
     cee:	1054                	addi	a3,sp,36
	int ret_status = mini_vpprintf(__puts_cdc, 0, format, args);
     cf0:	c9c50513          	addi	a0,a0,-868 # c9c <__puts_cdc>
{
     cf4:	ce06                	sw	ra,28(sp)
     cf6:	d83a                	sw	a4,48(sp)
     cf8:	da3e                	sw	a5,52(sp)
     cfa:	dc42                	sw	a6,56(sp)
     cfc:	de46                	sw	a7,60(sp)
	va_start( args, format );
     cfe:	c636                	sw	a3,12(sp)
	int ret_status = mini_vpprintf(__puts_cdc, 0, format, args);
     d00:	3b0d                	jal	a32 <mini_vpprintf>
	va_end( args );
	return ret_status;
}
     d02:	40f2                	lw	ra,28(sp)
     d04:	6121                	addi	sp,sp,64
     d06:	8082                	ret

00000d08 <spi_write_read>:
    SPI1->CTLR1 |= CTLR1_SPE_Set;            // Bit 6     - Enable SPI

}

uint8_t spi_write_read(uint8_t tx_data)
{
     d08:	1101                	addi	sp,sp,-32
     d0a:	cc22                	sw	s0,24(sp)
     d0c:	ca26                	sw	s1,20(sp)
     d0e:	c84a                	sw	s2,16(sp)
     d10:	c64e                	sw	s3,12(sp)
     d12:	ce06                	sw	ra,28(sp)
     d14:	84aa                	mv	s1,a0
	//TX empty status data can be send
	uint8_t counter = 0;
     d16:	4401                	li	s0,0
	while((SPI1->STATR & SPI_I2S_FLAG_TXE) == 0 && counter < 100) {Delay_Ms( 1 );counter++;}
     d18:	40013937          	lui	s2,0x40013
     d1c:	06400993          	li	s3,100
     d20:	00895783          	lhu	a5,8(s2) # 40013008 <_eusrstack+0x2000e008>
     d24:	8b89                	andi	a5,a5,2
     d26:	eb85                	bnez	a5,d56 <spi_write_read+0x4e>
     d28:	01341e63          	bne	s0,s3,d44 <spi_write_read+0x3c>
	if(counter >=100)
	{
		printf("TX empty not set, timeout reached\n\r");
     d2c:	6505                	lui	a0,0x1
     d2e:	1c450513          	addi	a0,a0,452 # 11c4 <language+0xb0>

	counter =0;
	while((SPI1->STATR & SPI_I2S_FLAG_RXNE) != 0) {Delay_Ms( 1 );counter++;}
	if(counter >=100)
	{
		printf("RX not empty not set, timeout reached\n\r");
     d32:	377d                	jal	ce0 <printf>
		return 0;
     d34:	4501                	li	a0,0
		return 0;
	}
	uint16_t rx_data = SPI1->DATAR;
	return (uint8_t)rx_data;
}
     d36:	40f2                	lw	ra,28(sp)
     d38:	4462                	lw	s0,24(sp)
     d3a:	44d2                	lw	s1,20(sp)
     d3c:	4942                	lw	s2,16(sp)
     d3e:	49b2                	lw	s3,12(sp)
     d40:	6105                	addi	sp,sp,32
     d42:	8082                	ret
	while((SPI1->STATR & SPI_I2S_FLAG_TXE) == 0 && counter < 100) {Delay_Ms( 1 );counter++;}
     d44:	6531                	lui	a0,0xc
     d46:	b8050513          	addi	a0,a0,-1152 # bb80 <main.c.e1821afc+0x988c>
     d4a:	0405                	addi	s0,s0,1
     d4c:	c60ff0ef          	jal	1ac <DelaySysTick>
     d50:	0ff47413          	zext.b	s0,s0
     d54:	b7f1                	j	d20 <spi_write_read+0x18>
	if(counter >=100)
     d56:	fd340be3          	beq	s0,s3,d2c <spi_write_read+0x24>
	SPI1->DATAR = tx_data;
     d5a:	00991623          	sh	s1,12(s2)
	counter =0;
     d5e:	4401                	li	s0,0
	while((SPI1->STATR & SPI_I2S_FLAG_RXNE) != 0) {Delay_Ms( 1 );counter++;}
     d60:	400134b7          	lui	s1,0x40013
     d64:	0084d783          	lhu	a5,8(s1) # 40013008 <_eusrstack+0x2000e008>
     d68:	8b85                	andi	a5,a5,1
     d6a:	eb89                	bnez	a5,d7c <spi_write_read+0x74>
	if(counter >=100)
     d6c:	06300793          	li	a5,99
     d70:	0087ff63          	bgeu	a5,s0,d8e <spi_write_read+0x86>
		printf("RX not empty not set, timeout reached\n\r");
     d74:	6505                	lui	a0,0x1
     d76:	1e850513          	addi	a0,a0,488 # 11e8 <language+0xd4>
     d7a:	bf65                	j	d32 <spi_write_read+0x2a>
	while((SPI1->STATR & SPI_I2S_FLAG_RXNE) != 0) {Delay_Ms( 1 );counter++;}
     d7c:	6531                	lui	a0,0xc
     d7e:	b8050513          	addi	a0,a0,-1152 # bb80 <main.c.e1821afc+0x988c>
     d82:	0405                	addi	s0,s0,1
     d84:	c28ff0ef          	jal	1ac <DelaySysTick>
     d88:	0ff47413          	zext.b	s0,s0
     d8c:	bfe1                	j	d64 <spi_write_read+0x5c>
	uint16_t rx_data = SPI1->DATAR;
     d8e:	00c4d503          	lhu	a0,12(s1)
	return (uint8_t)rx_data;
     d92:	0ff57513          	zext.b	a0,a0
     d96:	b745                	j	d36 <spi_write_read+0x2e>

00000d98 <main>:
}

char print_buffer[255];

int main()
{
     d98:	7179                	addi	sp,sp,-48
     d9a:	d606                	sw	ra,44(sp)
     d9c:	d422                	sw	s0,40(sp)
     d9e:	d226                	sw	s1,36(sp)
     da0:	d04a                	sw	s2,32(sp)
     da2:	ce4e                	sw	s3,28(sp)
     da4:	cc52                	sw	s4,24(sp)
     da6:	ca56                	sw	s5,20(sp)
     da8:	c85a                	sw	s6,16(sp)
     daa:	c65e                	sw	s7,12(sp)
     dac:	c462                	sw	s8,8(sp)
     dae:	c266                	sw	s9,4(sp)
	SystemInit();
     db0:	3739                	jal	cbe <SystemInit>
volatile uint64_t millis_cnt = 0;

void systick_init(void)
{

	SysTick->CTLR = 0;
     db2:	e000f7b7          	lui	a5,0xe000f
	SysTick->CMP = DELAY_MS_TIME - 1;
     db6:	6631                	lui	a2,0xc
	SysTick->CTLR = 0;
     db8:	0007a023          	sw	zero,0(a5) # e000f000 <_eusrstack+0xc000a000>
	SysTick->CMP = DELAY_MS_TIME - 1;
     dbc:	b7f60613          	addi	a2,a2,-1153 # bb7f <main.c.e1821afc+0x988b>
     dc0:	cb90                	sw	a2,16(a5)
     dc2:	4681                	li	a3,0
     dc4:	cbd4                	sw	a3,20(a5)
	SysTick->CNT = 0;
     dc6:	4601                	li	a2,0
     dc8:	c790                	sw	a2,8(a5)
     dca:	4681                	li	a3,0
     dcc:	c7d4                	sw	a3,12(a5)
	SysTick->CTLR |= SYSTICK_CTLR_STE |  // Enable Counter
     dce:	4398                	lw	a4,0(a5)
     dd0:	00776713          	ori	a4,a4,7
     dd4:	c398                	sw	a4,0(a5)
                  SYSTICK_CTLR_STIE |  // Enable Interrupts
                  SYSTICK_CTLR_STCLK;  // Set Clock Source to HCLK/1
	
	cdc.rx_timeout = 0;
	cdc.usb_timeout = 0;
	millis_cnt = 0;
     dd6:	c0c1a223          	sw	a2,-1020(gp) # 20000000 <millis_cnt>
	cdc.rx_timeout = 0;
     dda:	01018793          	addi	a5,gp,16 # 2000040c <cdc>
	millis_cnt = 0;
     dde:	c0d1a423          	sw	a3,-1016(gp) # 20000004 <millis_cnt+0x4>
	cdc.rx_timeout = 0;
     de2:	0007ae23          	sw	zero,28(a5)
	cdc.usb_timeout = 0;
     de6:	0007a423          	sw	zero,8(a5)
}

// Enable Interrupt (by interrupt number)
RV_STATIC_INLINE void NVIC_EnableIRQ(IRQn_Type IRQn)
{
	NVIC->IENR[((uint32_t)(IRQn) >> 5)] = (1 << ((uint32_t)(IRQn) & 0x1F));
     dea:	e000eab7          	lui	s5,0xe000e
     dee:	6705                	lui	a4,0x1
     df0:	10eaa023          	sw	a4,256(s5) # e000e100 <_eusrstack+0xc0009100>
	systick_init();

	funGpioInitAll();
     df4:	400214b7          	lui	s1,0x40021
     df8:	4c98                	lw	a4,24(s1)
	USBFS->UEP2_DMA = (uintptr_t)cdc_tx_buffer;
     dfa:	40023437          	lui	s0,0x40023
     dfe:	40040413          	addi	s0,s0,1024 # 40023400 <_eusrstack+0x2001e400>
     e02:	01d76713          	ori	a4,a4,29
     e06:	cc98                	sw	a4,24(s1)
	RCC->AHBPCENR = RCC_AHBPeriph_SRAM | RCC_AHBPeriph_DMA1;
     e08:	4715                	li	a4,5
     e0a:	c8d8                	sw	a4,20(s1)
	cdc.tx_wrap_pos = UART_TX_BUF_SIZE;
     e0c:	40000713          	li	a4,1024
     e10:	d7d8                	sw	a4,44(a5)
	cdc.cdc_cfg[0] = (uint8_t)(UART_DEFALT_BAUD);
     e12:	6771                	lui	a4,0x1c
     e14:	20070713          	addi	a4,a4,512 # 1c200 <main.c.e1821afc+0x19f0c>
     e18:	00e1a823          	sw	a4,16(gp) # 2000040c <cdc>
	cdc.cdc_cfg[4] = UART_DEFAULT_STOPB;
     e1c:	1e080737          	lui	a4,0x1e080
     e20:	c3d8                	sw	a4,4(a5)
	USBFS->UEP2_DMA = (uintptr_t)cdc_tx_buffer;
     e22:	c1018793          	addi	a5,gp,-1008 # 2000000c <cdc_tx_buffer>
     e26:	cc1c                	sw	a5,24(s0)
	RCC->APB2PCENR |= RCC_APB2Periph_AFIO | RCC_APB2Periph_GPIOC;
     e28:	4c9c                	lw	a5,24(s1)
	AFIO->CTLR = (AFIO->CTLR & ~(UDP_PUE_MASK | UDM_PUE_MASK )) | USB_PHY_V33 | UDP_PUE_1K5 | USB_IOEN;
     e2a:	40010737          	lui	a4,0x40010
	Delay_Us(10);
     e2e:	1e000513          	li	a0,480
	RCC->APB2PCENR |= RCC_APB2Periph_AFIO | RCC_APB2Periph_GPIOC;
     e32:	0117e793          	ori	a5,a5,17
     e36:	cc9c                	sw	a5,24(s1)
	AFIO->CTLR = (AFIO->CTLR & ~(UDP_PUE_MASK | UDM_PUE_MASK )) | USB_PHY_V33 | UDP_PUE_1K5 | USB_IOEN;
     e38:	4f1c                	lw	a5,24(a4)
	USBFS->INT_EN    = USBFS_UIE_SUSPEND | USBFS_UIE_TRANSFER | USBFS_UIE_BUS_RST;
     e3a:	4a1d                	li	s4,7
     e3c:	01018993          	addi	s3,gp,16 # 2000040c <cdc>
	AFIO->CTLR = (AFIO->CTLR & ~(UDP_PUE_MASK | UDM_PUE_MASK )) | USB_PHY_V33 | UDP_PUE_1K5 | USB_IOEN;
     e40:	f307f793          	andi	a5,a5,-208
     e44:	0cc7e793          	ori	a5,a5,204
     e48:	cf1c                	sw	a5,24(a4)
	GPIOC->CFGXR = 	( GPIOC->CFGXR & ~( (0xf<<(4*0)) | (0xf<<(4*1)) ) )  |
     e4a:	40011737          	lui	a4,0x40011
     e4e:	4f5c                	lw	a5,28(a4)
     e50:	f007f793          	andi	a5,a5,-256
     e54:	0847e793          	ori	a5,a5,132
     e58:	cf5c                	sw	a5,28(a4)
	GPIOC->BSXR = 1<<1; // PC17 on.
     e5a:	4789                	li	a5,2
     e5c:	d31c                	sw	a5,32(a4)
	RCC->AHBPCENR |= RCC_USBFS | RCC_AHBPeriph_DMA1;
     e5e:	48dc                	lw	a5,20(s1)
     e60:	6705                	lui	a4,0x1
     e62:	0705                	addi	a4,a4,1 # 1001 <main+0x269>
     e64:	8fd9                	or	a5,a5,a4
     e66:	c8dc                	sw	a5,20(s1)
	USBFS->BASE_CTRL = USBFS_UC_RESET_SIE | USBFS_UC_CLR_ALL;
     e68:	4799                	li	a5,6
     e6a:	00f40023          	sb	a5,0(s0)
	USBFS->BASE_CTRL = 0x00;
     e6e:	00040023          	sb	zero,0(s0)
	Delay_Us(10);
     e72:	b3aff0ef          	jal	1ac <DelaySysTick>
	USBFS->INT_EN    = USBFS_UIE_SUSPEND | USBFS_UIE_TRANSFER | USBFS_UIE_BUS_RST;
     e76:	01440123          	sb	s4,2(s0)
	USBFS->DEV_ADDR  = 0x00;
     e7a:	000401a3          	sb	zero,3(s0)
	USBFS->BASE_CTRL = USBFS_UC_INT_BUSY | USBFS_UC_DMA_EN | USBFS_UC_DEV_PU_EN;
     e7e:	02900793          	li	a5,41
     e82:	00f40023          	sb	a5,0(s0)
	USBFS->INT_FG    = 0xff;
     e86:	57fd                	li	a5,-1
     e88:	00f40323          	sb	a5,6(s0)
	USBFS_InternalFinishSetup();
     e8c:	be2ff0ef          	jal	26e <USBFS_InternalFinishSetup>
	USBFS->UDEV_CTRL = USBFS_UD_PD_DIS | USBFS_UD_PORT_EN;
     e90:	f8100793          	li	a5,-127
     e94:	00f400a3          	sb	a5,1(s0)
     e98:	6789                	lui	a5,0x2
     e9a:	10faa223          	sw	a5,260(s5)
    RCC->APB2PCENR |= RCC_APB2Periph_GPIOC | RCC_APB2Periph_GPIOA| RCC_APB2Periph_GPIOB | RCC_APB2Periph_SPI1;
     e9e:	4c9c                	lw	a5,24(s1)
     ea0:	6705                	lui	a4,0x1
     ea2:	0771                	addi	a4,a4,28 # 101c <main+0x284>
     ea4:	8fd9                	or	a5,a5,a4
     ea6:	cc9c                	sw	a5,24(s1)
    GPIOB->CFGLR &= ~(0xf << (PIN_CS << 2));
     ea8:	400117b7          	lui	a5,0x40011
     eac:	c0078793          	addi	a5,a5,-1024 # 40010c00 <_eusrstack+0x2000bc00>
     eb0:	4394                	lw	a3,0(a5)
     eb2:	10000737          	lui	a4,0x10000
     eb6:	177d                	addi	a4,a4,-1 # fffffff <main.c.e1821afc+0xfffdd0b>
     eb8:	8ef9                	and	a3,a3,a4
     eba:	c394                	sw	a3,0(a5)
    GPIOB->CFGLR |= (GPIO_CNF_OUT_PP | GPIO_Speed_50MHz) << (PIN_CS << 2);
     ebc:	4394                	lw	a3,0(a5)
     ebe:	30000637          	lui	a2,0x30000
	int last_delay = millis_cnt;
	funPinMode( PA9,     GPIO_CFGLR_OUT_10Mhz_PP ); // Set PIN_1 to output
	int state_led = 0;
	while(cdc.DTR_state == 0)
	{
		if((millis_cnt - last_delay) > 100)
     ec2:	06400593          	li	a1,100
    GPIOB->CFGLR |= (GPIO_CNF_OUT_PP | GPIO_Speed_50MHz) << (PIN_CS << 2);
     ec6:	8ed1                	or	a3,a3,a2
     ec8:	c394                	sw	a3,0(a5)
    GPIOA->CFGLR &= ~(0xf << (PIN_MISO << 2));
     eca:	400117b7          	lui	a5,0x40011
     ece:	80078793          	addi	a5,a5,-2048 # 40010800 <_eusrstack+0x2000b800>
     ed2:	4394                	lw	a3,0(a5)
     ed4:	f1000637          	lui	a2,0xf1000
     ed8:	167d                	addi	a2,a2,-1 # f0ffffff <_eusrstack+0xd0ffafff>
     eda:	8ef1                	and	a3,a3,a2
     edc:	c394                	sw	a3,0(a5)
    GPIOA->CFGLR |= (GPIO_CNF_IN_FLOATING) << (PIN_MISO << 2);
     ede:	4394                	lw	a3,0(a5)
     ee0:	04000637          	lui	a2,0x4000
     ee4:	8ed1                	or	a3,a3,a2
     ee6:	c394                	sw	a3,0(a5)
    GPIOA->CFGLR &= ~(0xf << (SPI_SCLK << 2));
     ee8:	4394                	lw	a3,0(a5)
     eea:	ff100637          	lui	a2,0xff100
     eee:	167d                	addi	a2,a2,-1 # ff0fffff <_eusrstack+0xdf0fafff>
     ef0:	8ef1                	and	a3,a3,a2
     ef2:	c394                	sw	a3,0(a5)
    GPIOA->CFGLR |= (GPIO_CNF_OUT_PP_AF | GPIO_Speed_50MHz) << (SPI_SCLK << 2);
     ef4:	4394                	lw	a3,0(a5)
     ef6:	00b00637          	lui	a2,0xb00
     efa:	8ed1                	or	a3,a3,a2
     efc:	c394                	sw	a3,0(a5)
    GPIOA->CFGLR &= ~(0xf << (SPI_MOSI << 2));
     efe:	4394                	lw	a3,0(a5)
     f00:	8f75                	and	a4,a4,a3
     f02:	c398                	sw	a4,0(a5)
    GPIOA->CFGLR |= (GPIO_CNF_OUT_PP_AF | GPIO_Speed_50MHz) << (SPI_MOSI << 2);
     f04:	4398                	lw	a4,0(a5)
     f06:	b00006b7          	lui	a3,0xb0000
     f0a:	8f55                	or	a4,a4,a3
     f0c:	c398                	sw	a4,0(a5)
    SPI1->CTLR1 = SPI_CPHA_1Edge             // Bit 0     - Clock PHAse, data sampling starts from first clock edge
     f0e:	400137b7          	lui	a5,0x40013
     f12:	30400713          	li	a4,772
     f16:	00e79023          	sh	a4,0(a5) # 40013000 <_eusrstack+0x2000e000>
    SPI1->CRCR = 7;                          // CRC
     f1a:	01479823          	sh	s4,16(a5)
    SPI1->CTLR1 |= CTLR1_SPE_Set;            // Bit 6     - Enable SPI
     f1e:	0007d703          	lhu	a4,0(a5)
     f22:	04076713          	ori	a4,a4,64
     f26:	00e79023          	sh	a4,0(a5)
	funPinMode( PA9,     GPIO_CFGLR_OUT_10Mhz_PP ); // Set PIN_1 to output
     f2a:	40011737          	lui	a4,0x40011
     f2e:	80470713          	addi	a4,a4,-2044 # 40010804 <_eusrstack+0x2000b804>
	int last_delay = millis_cnt;
     f32:	c041a403          	lw	s0,-1020(gp) # 20000000 <millis_cnt>
     f36:	c081a483          	lw	s1,-1016(gp) # 20000004 <millis_cnt+0x4>
	funPinMode( PA9,     GPIO_CFGLR_OUT_10Mhz_PP ); // Set PIN_1 to output
     f3a:	431c                	lw	a5,0(a4)
	int state_led = 0;
     f3c:	4481                	li	s1,0
	funPinMode( PA9,     GPIO_CFGLR_OUT_10Mhz_PP ); // Set PIN_1 to output
     f3e:	f0f7f793          	andi	a5,a5,-241
     f42:	0107e793          	ori	a5,a5,16
     f46:	c31c                	sw	a5,0(a4)
		if((millis_cnt - last_delay) > 100)
     f48:	41f45613          	srai	a2,s0,0x1f
	while(cdc.DTR_state == 0)
     f4c:	0329c783          	lbu	a5,50(s3)
     f50:	0a078e63          	beqz	a5,100c <main+0x274>
     f54:	40011a37          	lui	s4,0x40011
	GPIOB->BCR |= 1 << PIN_CS;
     f58:	400119b7          	lui	s3,0x40011
		}
	}

	while(1)
	{
		if((millis_cnt - last_delay) > 1000)
     f5c:	3e800b93          	li	s7,1000
     f60:	800a0a13          	addi	s4,s4,-2048 # 40010800 <_eusrstack+0x2000b800>
				funDigitalWrite( PA9,     FUN_HIGH );
			}
			else
			{
				state_led = 0;
				funDigitalWrite( PA9,     FUN_LOW );
     f64:	02000c37          	lui	s8,0x2000
				funDigitalWrite( PA9,     FUN_HIGH );
     f68:	20000c93          	li	s9,512
	GPIOB->BCR |= 1 << PIN_CS;
     f6c:	c0098993          	addi	s3,s3,-1024 # 40010c00 <_eusrstack+0x2000bc00>
		if((millis_cnt - last_delay) > 1000)
     f70:	41f45613          	srai	a2,s0,0x1f
     f74:	c041a783          	lw	a5,-1020(gp) # 20000000 <millis_cnt>
     f78:	c081a803          	lw	a6,-1016(gp) # 20000004 <millis_cnt+0x4>
     f7c:	408786b3          	sub	a3,a5,s0
     f80:	00d7b733          	sltu	a4,a5,a3
     f84:	40c807b3          	sub	a5,a6,a2
     f88:	00e79463          	bne	a5,a4,f90 <main+0x1f8>
     f8c:	fedbf4e3          	bgeu	s7,a3,f74 <main+0x1dc>
			last_delay = millis_cnt;
     f90:	c041a703          	lw	a4,-1020(gp) # 20000000 <millis_cnt>
     f94:	c081a783          	lw	a5,-1016(gp) # 20000004 <millis_cnt+0x4>
     f98:	843a                	mv	s0,a4
			if (state_led == 0)
     f9a:	e8dd                	bnez	s1,1050 <main+0x2b8>
				funDigitalWrite( PA9,     FUN_HIGH );
     f9c:	019a2823          	sw	s9,16(s4)
				state_led = 1;
     fa0:	4485                	li	s1,1
	GPIOB->BCR |= 1 << PIN_CS;
     fa2:	0149a783          	lw	a5,20(s3)
	spi_write_read(0x90);
     fa6:	09000513          	li	a0,144
	GPIOB->BCR |= 1 << PIN_CS;
     faa:	0807e793          	ori	a5,a5,128
     fae:	00f9aa23          	sw	a5,20(s3)
	spi_write_read(0x90);
     fb2:	3b99                	jal	d08 <spi_write_read>
	spi_write_read(0);
     fb4:	4501                	li	a0,0
     fb6:	3b89                	jal	d08 <spi_write_read>
	spi_write_read(0);
     fb8:	4501                	li	a0,0
     fba:	33b9                	jal	d08 <spi_write_read>
	spi_write_read(0);
     fbc:	4501                	li	a0,0
     fbe:	33a9                	jal	d08 <spi_write_read>
	uint8_t manuf_id = spi_write_read(0);
     fc0:	4501                	li	a0,0
     fc2:	3399                	jal	d08 <spi_write_read>
     fc4:	8b2a                	mv	s6,a0
	uint8_t device_id = spi_write_read(0);
     fc6:	4501                	li	a0,0
     fc8:	3381                	jal	d08 <spi_write_read>
	GPIOB->BSHR |= 1 << PIN_CS;
     fca:	0109a783          	lw	a5,16(s3)
	uint8_t device_id = spi_write_read(0);
     fce:	8aaa                	mv	s5,a0
	printf("Manuf ID: 0x%x", manuf_id);
     fd0:	6505                	lui	a0,0x1
	GPIOB->BSHR |= 1 << PIN_CS;
     fd2:	0807e793          	ori	a5,a5,128
     fd6:	00f9a823          	sw	a5,16(s3)
	printf("Manuf ID: 0x%x", manuf_id);
     fda:	85da                	mv	a1,s6
     fdc:	21050513          	addi	a0,a0,528 # 1210 <language+0xfc>
     fe0:	3301                	jal	ce0 <printf>
	printf(" Device ID: 0x%x\n\r", device_id);
     fe2:	6505                	lui	a0,0x1
     fe4:	85d6                	mv	a1,s5
     fe6:	22050513          	addi	a0,a0,544 # 1220 <language+0x10c>
     fea:	39dd                	jal	ce0 <printf>
	if(manuf_id == 0xef && device_id == 0x16)
     fec:	0ef00793          	li	a5,239
     ff0:	00fb1963          	bne	s6,a5,1002 <main+0x26a>
     ff4:	47d9                	li	a5,22
     ff6:	00fa9663          	bne	s5,a5,1002 <main+0x26a>
		printf("W25Q64FV 64Mbit(8MB)\n\r");
     ffa:	6505                	lui	a0,0x1
     ffc:	23450513          	addi	a0,a0,564 # 1234 <language+0x120>
    1000:	31c5                	jal	ce0 <printf>
			// int len = sprintf(print_buffer, "hello\n\r");
			// int len = sprintf(print_buffer, "Before flash read\n\r");
			// write_cdc((uint8_t*)print_buffer, len);
			// printf("Before flash read\n\r");
			flash_read_info();
			printf("Hello after read\n\r");
    1002:	6505                	lui	a0,0x1
    1004:	24c50513          	addi	a0,a0,588 # 124c <language+0x138>
    1008:	39e1                	jal	ce0 <printf>
    100a:	b79d                	j	f70 <main+0x1d8>
		if((millis_cnt - last_delay) > 100)
    100c:	c041a783          	lw	a5,-1020(gp) # 20000000 <millis_cnt>
    1010:	c081a803          	lw	a6,-1016(gp) # 20000004 <millis_cnt+0x4>
    1014:	408786b3          	sub	a3,a5,s0
    1018:	00d7b733          	sltu	a4,a5,a3
    101c:	40c807b3          	sub	a5,a6,a2
    1020:	00e79463          	bne	a5,a4,1028 <main+0x290>
    1024:	f2d5f4e3          	bgeu	a1,a3,f4c <main+0x1b4>
			last_delay = millis_cnt;
    1028:	c041a703          	lw	a4,-1020(gp) # 20000000 <millis_cnt>
    102c:	c081a783          	lw	a5,-1016(gp) # 20000004 <millis_cnt+0x4>
    1030:	400117b7          	lui	a5,0x40011
    1034:	843a                	mv	s0,a4
			if (state_led == 0)
    1036:	80078793          	addi	a5,a5,-2048 # 40010800 <_eusrstack+0x2000b800>
    103a:	e491                	bnez	s1,1046 <main+0x2ae>
				funDigitalWrite( PA9,     FUN_HIGH );
    103c:	20000713          	li	a4,512
    1040:	cb98                	sw	a4,16(a5)
				state_led = 1;
    1042:	4485                	li	s1,1
    1044:	b711                	j	f48 <main+0x1b0>
				funDigitalWrite( PA9,     FUN_LOW );
    1046:	02000737          	lui	a4,0x2000
    104a:	cb98                	sw	a4,16(a5)
				state_led = 0;
    104c:	4481                	li	s1,0
    104e:	bded                	j	f48 <main+0x1b0>
				funDigitalWrite( PA9,     FUN_LOW );
    1050:	018a2823          	sw	s8,16(s4)
				state_led = 0;
    1054:	4481                	li	s1,0
    1056:	b7b1                	j	fa2 <main+0x20a>

00001058 <SysTick_Handler>:
	NVIC_EnableIRQ(SysTick_IRQn);
}

void SysTick_Handler(void) __attribute__((interrupt));
void SysTick_Handler(void)
{
    1058:	1101                	addi	sp,sp,-32
    105a:	c63a                	sw	a4,12(sp)
	SysTick->CMP += DELAY_MS_TIME;
    105c:	e000f737          	lui	a4,0xe000f
{
    1060:	c242                	sw	a6,4(sp)
	SysTick->CMP += DELAY_MS_TIME;
    1062:	01072803          	lw	a6,16(a4) # e000f010 <_eusrstack+0xc000a010>
{
    1066:	c43e                	sw	a5,8(sp)
	SysTick->CMP += DELAY_MS_TIME;
    1068:	67b1                	lui	a5,0xc
{
    106a:	c046                	sw	a7,0(sp)
	SysTick->CMP += DELAY_MS_TIME;
    106c:	b8078793          	addi	a5,a5,-1152 # bb80 <main.c.e1821afc+0x988c>
    1070:	01472883          	lw	a7,20(a4)
    1074:	97c2                	add	a5,a5,a6
{
    1076:	ce2a                	sw	a0,28(sp)
    1078:	cc2e                	sw	a1,24(sp)
    107a:	ca32                	sw	a2,20(sp)
    107c:	c836                	sw	a3,16(sp)
	SysTick->CMP += DELAY_MS_TIME;
    107e:	0107b533          	sltu	a0,a5,a6
    1082:	cb1c                	sw	a5,16(a4)
    1084:	011506b3          	add	a3,a0,a7
    1088:	cb54                	sw	a3,20(a4)
	SysTick->SR = 0;
    108a:	00072223          	sw	zero,4(a4)

	cdc.rx_timeout++;
    108e:	01018793          	addi	a5,gp,16 # 2000040c <cdc>
    1092:	4fd8                	lw	a4,28(a5)
	cdc.usb_timeout++;
	millis_cnt++;
    1094:	c041a803          	lw	a6,-1020(gp) # 20000000 <millis_cnt>
	cdc.rx_timeout++;
    1098:	0705                	addi	a4,a4,1
    109a:	cfd8                	sw	a4,28(a5)
	cdc.usb_timeout++;
    109c:	4798                	lw	a4,8(a5)
	millis_cnt++;
    109e:	c081a883          	lw	a7,-1016(gp) # 20000004 <millis_cnt+0x4>
    10a2:	00180513          	addi	a0,a6,1
    10a6:	01053633          	sltu	a2,a0,a6
	cdc.usb_timeout++;
    10aa:	0705                	addi	a4,a4,1
	millis_cnt++;
    10ac:	c0a1a223          	sw	a0,-1020(gp) # 20000000 <millis_cnt>
	cdc.usb_timeout++;
    10b0:	c798                	sw	a4,8(a5)
	millis_cnt++;
    10b2:	011607b3          	add	a5,a2,a7
    10b6:	c0f1a423          	sw	a5,-1016(gp) # 20000004 <millis_cnt+0x4>
    10ba:	4572                	lw	a0,28(sp)
    10bc:	45e2                	lw	a1,24(sp)
    10be:	4652                	lw	a2,20(sp)
    10c0:	46c2                	lw	a3,16(sp)
    10c2:	4732                	lw	a4,12(sp)
    10c4:	47a2                	lw	a5,8(sp)
    10c6:	4812                	lw	a6,4(sp)
    10c8:	4882                	lw	a7,0(sp)
    10ca:	6105                	addi	sp,sp,32
    10cc:	30200073          	mret

000010d0 <string3>:
    10d0:	00300308 00370030 00000000              ..0.0.7.....

000010dc <string2>:
    10dc:	00550320 00420053 0073002d 00720065      .U.S.B.-.s.e.r.
    10ec:	00610069 0020006c 0069006c 006b006e     i.a.l. .l.i.n.k.
    10fc:	00000000                                ....

00001100 <string1>:
    1100:	00630310 00330068 00660032 006e0075     ..c.h.3.2.f.u.n.
    1110:	00000000                                ....

00001114 <language>:
    1114:	04090304 4253555b 5254205d 46534e41     ....[USB] TRANSF
    1124:	202c5245 656b6f74 203d206e 78323025     ER, token = %02x
    1134:	7065202c 25203d20 62202c64 7165526d     , ep = %d, bmReq
    1144:	74736575 65707954 25203d20 2c783230     uestType = %02x,
    1154:	65526220 73657571 203d2074 78323025      bRequest = %02x
    1164:	0000000a 4253555b 4553205d 3a505554     ....[USB] SETUP:
    1174:	32302520 30252078 25207832 20643230      %02x %02x %02d 
    1184:	78323025 34302520 00000a78 4253555b     %02x %04x...[USB
    1194:	4552205d 00544553 4253555b 5553205d     ] RESET.[USB] SU
    11a4:	4e455053 00000044 4253555b 6e69205d     SPEND...[USB] in
    11b4:	73676674 203d2074 78343025 0000000a     tfgst = %04x....
    11c4:	65205854 7974706d 746f6e20 74657320     TX empty not set
    11d4:	6974202c 756f656d 65722074 65686361     , timeout reache
    11e4:	000d0a64 6e205852 6520746f 7974706d     d...RX not empty
    11f4:	746f6e20 74657320 6974202c 756f656d      not set, timeou
    1204:	65722074 65686361 000d0a64 756e614d     t reached...Manu
    1214:	44492066 7830203a 00007825 76654420     f ID: 0x%x.. Dev
    1224:	20656369 203a4449 78257830 00000d0a     ice ID: 0x%x....
    1234:	51353257 56463436 4d343620 28746962     W25Q64FV 64Mbit(
    1244:	29424d38 00000d0a 6c6c6548 6661206f     8MB)....Hello af
    1254:	20726574 64616572 00000d0a 0000090e     ter read........
    1264:	00000872 00000734 000008b6 00000734     r...4.......4...
    1274:	00000812 000007ee 00000734 0000084c     ........4...L...
    1284:	00000864 00000902 00000818              d...........

00001290 <config_descriptor>:
    1290:	00430209 80000102 00040932 02020100     ..C.....2.......
    12a0:	24050001 05011000 01000124 02022404     ...$....$....$..
    12b0:	00062405 81050701 01004003 00010409     .$.......@......
    12c0:	00000a02 02050700 00004002 02830507     .........@......
    12d0:	00000040                                @...

000012d4 <device_descriptor>:
    12d4:	01100112 40000002 d0351209 02010007     .......@..5.....
    12e4:	00000103                                ....

000012e8 <descriptor_list>:
    12e8:	00000100 000012d4 00000012 00000200     ................
    12f8:	00001290 00000043 00000300 00001114     ....C...........
    1308:	00000004 04090301 00001100 00000010     ................
    1318:	04090302 000010dc 00000020 04090303     ........ .......
    1328:	000010d0 00000008                       ........
