
Discarded input sections

 .text          0x00000000        0x0 /tmp/ccf283Ys.ltrans0.ltrans.o
 .data          0x00000000        0x0 /tmp/ccf283Ys.ltrans0.ltrans.o
 .bss           0x00000000        0x0 /tmp/ccf283Ys.ltrans0.ltrans.o
 .text.vprintf  0x00000000       0x16 /tmp/ccf283Ys.ltrans0.ltrans.o
 .text.mini_vsnprintf
                0x00000000       0x42 /tmp/ccf283Ys.ltrans0.ltrans.o
 .text.snprintf
                0x00000000       0x20 /tmp/ccf283Ys.ltrans0.ltrans.o
 .text.sprintf  0x00000000       0x2a /tmp/ccf283Ys.ltrans0.ltrans.o
 .text.memset   0x00000000       0x12 /tmp/ccf283Ys.ltrans0.ltrans.o
 .text.strcpy   0x00000000       0x14 /tmp/ccf283Ys.ltrans0.ltrans.o
 .text.strncpy  0x00000000       0x1c /tmp/ccf283Ys.ltrans0.ltrans.o
 .text.strcmp   0x00000000       0x1a /tmp/ccf283Ys.ltrans0.ltrans.o
 .text.strncmp  0x00000000       0x2e /tmp/ccf283Ys.ltrans0.ltrans.o
 .text.strchr   0x00000000       0x16 /tmp/ccf283Ys.ltrans0.ltrans.o
 .text.strrchr  0x00000000       0x3c /tmp/ccf283Ys.ltrans0.ltrans.o
 .text.memcmp   0x00000000       0x20 /tmp/ccf283Ys.ltrans0.ltrans.o
 .text.memmove  0x00000000       0x5e /tmp/ccf283Ys.ltrans0.ltrans.o
 .text.memchr   0x00000000       0x1a /tmp/ccf283Ys.ltrans0.ltrans.o
 .text.strnlen  0x00000000       0x2a /tmp/ccf283Ys.ltrans0.ltrans.o
 .text.twoway_strstr
                0x00000000      0x256 /tmp/ccf283Ys.ltrans0.ltrans.o
 .text.strstr   0x00000000      0x118 /tmp/ccf283Ys.ltrans0.ltrans.o
 .text.setjmp   0x00000000       0x38 /tmp/ccf283Ys.ltrans0.ltrans.o
 .text.longjmp  0x00000000       0x3c /tmp/ccf283Ys.ltrans0.ltrans.o
 .text.putchar  0x00000000       0x68 /tmp/ccf283Ys.ltrans0.ltrans.o
 .sbss.terminal_input
                0x00000000        0x1 /tmp/ccf283Ys.ltrans0.ltrans.o
 .comment       0x00000000       0x34 /tmp/ccf283Ys.ltrans0.ltrans.o
 .note.GNU-stack
                0x00000000        0x0 /tmp/ccf283Ys.ltrans0.ltrans.o
 .comment       0x00000000       0x34 /tmp/ccxpmUU7.debug.temp.o
 .note.GNU-stack
                0x00000000        0x0 /tmp/ccxpmUU7.debug.temp.o
 .comment       0x00000000       0x34 /tmp/ccZpD2xI.debug.temp.o
 .note.GNU-stack
                0x00000000        0x0 /tmp/ccZpD2xI.debug.temp.o

Memory Configuration

Name             Origin             Length             Attributes
FLASH            0x00000000         0x0000f800         xr
RAM              0x20000000         0x00005000         xrw
*default*        0x00000000         0xffffffff

Linker script and memory map

LOAD /tmp/ccmBmHU6.o
LOAD /tmp/ccf283Ys.ltrans0.ltrans.o
LOAD /tmp/ccxpmUU7.debug.temp.o
LOAD /tmp/ccZpD2xI.debug.temp.o
LOAD /tmp/ccMsg1YE.o
LOAD /opt/xpack/riscv-none-elf-gcc/bin/../lib/gcc/riscv-none-elf/14.2.0/libgcc.a

.init           0x00000000       0xe0
                0x00000000                        _sinit = .
                0x00000000                        . = ALIGN (0x4)
 *(SORT_NONE(.init))
 .init          0x00000000       0xde /tmp/ccf283Ys.ltrans0.ltrans.o
                0x00000000                InterruptVectorDefault
                0x00000000                InterruptVector
                0x000000e0                        . = ALIGN (0x4)
 *fill*         0x000000de        0x2 
                0x000000e0                        _einit = .

.text           0x000000e0     0x1350
                0x000000e0                        . = ALIGN (0x4)
 *(.text)
 *(.text.*)
 .text.mini_pad
                0x000000e0       0x8a /tmp/ccf283Ys.ltrans0.ltrans.o
 .text._puts    0x0000016a       0x42 /tmp/ccf283Ys.ltrans0.ltrans.o
 .text.PrintHex
                0x000001ac       0x58 /tmp/ccf283Ys.ltrans0.ltrans.o
 .text.mini_itoa.part.0
                0x00000204       0x90 /tmp/ccf283Ys.ltrans0.ltrans.o
 .text.USBFS_InternalFinishSetup
                0x00000294       0xa8 /tmp/ccf283Ys.ltrans0.ltrans.o
 .text.DelaySysTick.constprop.0
                0x0000033c       0x32 /tmp/ccf283Ys.ltrans0.ltrans.o
 .text.internal_handle_input.constprop.0
                0x0000036e        0xa /tmp/ccf283Ys.ltrans0.ltrans.o
 .text._write.constprop.0
                0x00000378       0xec /tmp/ccf283Ys.ltrans0.ltrans.o
 .text.__puts_uart
                0x00000464       0x14 /tmp/ccf283Ys.ltrans0.ltrans.o
 .text.handle_reset
                0x00000478       0x7a /tmp/ccf283Ys.ltrans0.ltrans.o
                0x00000478                handle_reset
 .text.vector_handler
                0x000004f2      0x6fc /tmp/ccf283Ys.ltrans0.ltrans.o
                0x000004f2                EXTI2_IRQHandler
                0x000004f2                TIM8_TRG_COM_IRQHandler
                0x000004f2                TIM8_CC_IRQHandler
                0x000004f2                UART8_IRQHandler
                0x000004f2                NFC_IRQHandler
                0x000004f2                TIM1_CC_IRQHandler
                0x000004f2                HardFault_Handler
                0x000004f2                GPIOB_IRQHandler
                0x000004f2                USBPD_IRQHandler
                0x000004f2                TIM6_IRQHandler
                0x000004f2                GPIOA_IRQHandler
                0x000004f2                PVD_IRQHandler
                0x000004f2                SDIO_IRQHandler
                0x000004f2                TIM9_BRK_IRQHandler
                0x000004f2                DMA2_Channel8_IRQHandler
                0x000004f2                CAN2_RX1_IRQHandler
                0x000004f2                EXTI3_IRQHandler
                0x000004f2                UART1_IRQHandler
                0x000004f2                USBHS_IRQHandler
                0x000004f2                DMA2_Channel9_IRQHandler
                0x000004f2                TIM10_CC_IRQHandler
                0x000004f2                EXTI25_16_IRQHandler
                0x000004f2                UART0_IRQHandler
                0x000004f2                EXTI0_IRQHandler
                0x000004f2                I2C2_EV_IRQHandler
                0x000004f2                TIM10_TRG_COM_IRQHandler
                0x000004f2                LPTIM_IRQHandler
                0x000004f2                CAN2_SCE_IRQHandler
                0x000004f2                ADC1_2_IRQHandler
                0x000004f2                BB_IRQHandler
                0x000004f2                Break_Point_Handler
                0x000004f2                TIM2_CC_IRQHandler
                0x000004f2                SPI1_IRQHandler
                0x000004f2                TAMPER_IRQHandler
                0x000004f2                TMR0_IRQHandler
                0x000004f2                AWU_IRQHandler
                0x000004f2                EXTI7_0_IRQHandler
                0x000004f2                CAN2_RX0_IRQHandler
                0x000004f2                OSCWakeUp_IRQHandler
                0x000004f2                TIM8_UP_IRQHandler
                0x000004f2                Ecall_M_Mode_Handler
                0x000004f2                DMA2_Channel2_IRQHandler
                0x000004f2                DMA1_Channel4_IRQHandler
                0x000004f2                ADC1_IRQHandler
                0x000004f2                TIM2_BRK_IRQHandler
                0x000004f2                TIM9_UP_IRQHandler
                0x000004f2                USART3_IRQHandler
                0x000004f2                RTC_IRQHandler
                0x000004f2                DMA1_Channel7_IRQHandler
                0x000004f2                LED_IRQHandler
                0x000004f2                CAN1_RX1_IRQHandler
                0x000004f2                DVP_IRQHandler
                0x000004f2                UART5_IRQHandler
                0x000004f2                EXTI15_8_IRQHandler
                0x000004f2                TIM4_IRQHandler
                0x000004f2                DMA2_Channel1_IRQHandler
                0x000004f2                USBPD_WKUP_IRQHandler
                0x000004f2                I2C1_EV_IRQHandler
                0x000004f2                UART2_IRQHandler
                0x000004f2                USART4_IRQHandler
                0x000004f2                PWMX_IRQHandler
                0x000004f2                DMA1_Channel6_IRQHandler
                0x000004f2                UART4_IRQHandler
                0x000004f2                DMA2_Channel4_IRQHandler
                0x000004f2                TIM3_IRQHandler
                0x000004f2                RCC_IRQHandler
                0x000004f2                TIM1_TRG_COM_IRQHandler
                0x000004f2                DMA1_Channel1_IRQHandler
                0x000004f2                DMA2_Channel7_IRQHandler
                0x000004f2                EXTI15_10_IRQHandler
                0x000004f2                ADC_IRQHandler
                0x000004f2                DMA1_Channel8_IRQHandler
                0x000004f2                TMR2_IRQHandler
                0x000004f2                DefaultIRQHandler
                0x000004f2                TIM7_IRQHandler
                0x000004f2                CAN2_TX_IRQHandler
                0x000004f2                TIM5_IRQHandler
                0x000004f2                USB_IRQHandler
                0x000004f2                EXTI9_5_IRQHandler
                0x000004f2                PIOC_IRQHandler
                0x000004f2                SPI2_IRQHandler
                0x000004f2                OSC32KCal_IRQHandler
                0x000004f2                I2C_IRQHandler
                0x000004f2                TIM10_BRK_IRQHandler
                0x000004f2                TIM9_CC_IRQHandler
                0x000004f2                DMA2_Channel5_IRQHandler
                0x000004f2                USB2_IRQHandler
                0x000004f2                USBHSWakeUp_IRQHandler
                0x000004f2                DMA1_Channel5_IRQHandler
                0x000004f2                EXTI4_IRQHandler
                0x000004f2                USB_LP_CAN1_RX0_IRQHandler
                0x000004f2                RNG_IRQHandler
                0x000004f2                USB_HP_CAN1_TX_IRQHandler
                0x000004f2                LLE_IRQHandler
                0x000004f2                CMPWakeUp_IRQHandler
                0x000004f2                DMA1_Channel3_IRQHandler
                0x000004f2                FSMC_IRQHandler
                0x000004f2                ETH_IRQHandler
                0x000004f2                TIM1_UP_IRQHandler
                0x000004f2                LPTIMWakeUp_IRQHandler
                0x000004f2                WWDG_IRQHandler
                0x000004f2                DMA2_Channel11_IRQHandler
                0x000004f2                WDOG_BAT_IRQHandler
                0x000004f2                Ecall_U_Mode_Handler
                0x000004f2                TMR3_IRQHandler
                0x000004f2                DMA2_Channel6_IRQHandler
                0x000004f2                TIM2_IRQHandler
                0x000004f2                SW_Handler
                0x000004f2                TIM1_BRK_IRQHandler
                0x000004f2                OPA_IRQHandler
                0x000004f2                DMA2_Channel10_IRQHandler
                0x000004f2                EXTI1_IRQHandler
                0x000004f2                SPI0_IRQHandler
                0x000004f2                USB2_HOST_IRQHandler
                0x000004f2                RTCAlarm_IRQHandler
                0x000004f2                TIM10_UP_IRQHandler
                0x000004f2                TIM9_TRG_COM_IRQHandler
                0x000004f2                UART7_IRQHandler
                0x000004f2                USART2_IRQHandler
                0x000004f2                UART6_IRQHandler
                0x000004f2                ETHWakeUp_IRQHandler
                0x000004f2                I2C2_ER_IRQHandler
                0x000004f2                DMA1_Channel2_IRQHandler
                0x000004f2                TIM8_BRK_IRQHandler
                0x000004f2                TIM2_TRG_IRQHandler
                0x000004f2                CAN1_SCE_IRQHandler
                0x000004f2                FLASH_IRQHandler
                0x000004f2                USBFSWakeUp_IRQHandler
                0x000004f2                USART1_IRQHandler
                0x000004f2                OTG_FS_IRQHandler
                0x000004f2                SPI3_IRQHandler
                0x000004f2                USBFS_WakeUp_IRQHandler
                0x000004f2                UART3_IRQHandler
                0x000004f2                I2C1_ER_IRQHandler
                0x000004f2                USB2_DEVICE_IRQHandler
                0x000004f2                TMR1_IRQHandler
                0x000004f2                USBWakeUp_IRQHandler
                0x000004f2                DMA2_Channel3_IRQHandler
                0x0000053e                NMI_Handler
                0x0000053e                NMI_RCC_CSS_IRQHandler
 .text.strlen   0x00000bee       0x12 /tmp/ccf283Ys.ltrans0.ltrans.o
                0x00000bee                strlen
 .text.mini_vpprintf
                0x00000c00      0x1d4 /tmp/ccf283Ys.ltrans0.ltrans.o
 .text.printf   0x00000dd4       0x26 /tmp/ccf283Ys.ltrans0.ltrans.o
                0x00000dd4                printf
 .text.memcpy   0x00000dfa       0x1c /tmp/ccf283Ys.ltrans0.ltrans.o
                0x00000dfa                memcpy
 .text.puts     0x00000e16       0x30 /tmp/ccf283Ys.ltrans0.ltrans.o
                0x00000e16                puts
 .text.SystemInit
                0x00000e46       0x32 /tmp/ccf283Ys.ltrans0.ltrans.o
                0x00000e46                SystemInit
 .text.startup.main
                0x00000e78      0x370 /tmp/ccf283Ys.ltrans0.ltrans.o
                0x00000e78                main
 .text.SysTick_Handler
                0x000011e8       0x7c /tmp/ccf283Ys.ltrans0.ltrans.o
 *(.rodata)
 .rodata        0x00001264       0x48 /tmp/ccf283Ys.ltrans0.ltrans.o
 *(.rodata*)
 .rodata.puts.str1.4
                0x000012ac       0xb2 /tmp/ccf283Ys.ltrans0.ltrans.o
                                  0x2 (size before relaxing)
 .rodata.main.str1.4
                0x0000135e        0x8 /tmp/ccf283Ys.ltrans0.ltrans.o
 .rodata.vector_handler.str1.4
                0x0000135e       0xaa /tmp/ccf283Ys.ltrans0.ltrans.o
 *fill*         0x0000135e        0x2 
 .rodata.vector_handler
                0x00001360       0x30 /tmp/ccf283Ys.ltrans0.ltrans.o
 .rodata.config_descriptor
                0x00001390       0x43 /tmp/ccf283Ys.ltrans0.ltrans.o
 *fill*         0x000013d3        0x1 
 .rodata.device_descriptor
                0x000013d4       0x12 /tmp/ccf283Ys.ltrans0.ltrans.o
 *fill*         0x000013e6        0x2 
 .rodata.descriptor_list
                0x000013e8       0x48 /tmp/ccf283Ys.ltrans0.ltrans.o
 *(.gnu.linkonce.t.*)
                0x00001430                        . = ALIGN (0x4)

.rela.dyn       0x00001430        0x0
 .rela.text.handle_reset
                0x00001430        0x0 /tmp/ccf283Ys.ltrans0.ltrans.o

.fini           0x00001430        0x0
 *(SORT_NONE(.fini))
                0x00001430                        . = ALIGN (0x4)
                [!provide]                        PROVIDE (_etext = .)
                [!provide]                        PROVIDE (_eitcm = .)

.preinit_array  0x00001430        0x0
                [!provide]                        PROVIDE (__preinit_array_start = .)
 *(.preinit_array)
                [!provide]                        PROVIDE (__preinit_array_end = .)

.init_array     0x00001430        0x0
                0x00001430                        PROVIDE (__init_array_start = .)
 *(SORT_BY_INIT_PRIORITY(.init_array.*) SORT_BY_INIT_PRIORITY(.ctors.*))
 *(.init_array EXCLUDE_FILE(*crtend?.o *crtend.o *crtbegin?.o *crtbegin.o) .ctors)
                0x00001430                        PROVIDE (__init_array_end = .)

.fini_array     0x00001430        0x0
                [!provide]                        PROVIDE (__fini_array_start = .)
 *(SORT_BY_INIT_PRIORITY(.fini_array.*) SORT_BY_INIT_PRIORITY(.dtors.*))
 *(.fini_array EXCLUDE_FILE(*crtend?.o *crtend.o *crtbegin?.o *crtbegin.o) .dtors)
                [!provide]                        PROVIDE (__fini_array_end = .)

.ctors
 *crtbegin.o(.ctors)
 *crtbegin?.o(.ctors)
 *(EXCLUDE_FILE(*crtend?.o *crtend.o) .ctors)
 *(SORT_BY_NAME(.ctors.*))
 *(.ctors)

.dtors
 *crtbegin.o(.dtors)
 *crtbegin?.o(.dtors)
 *(EXCLUDE_FILE(*crtend?.o *crtend.o) .dtors)
 *(SORT_BY_NAME(.dtors.*))
 *(.dtors)

.dalign         0x20000000        0x0 load address 0x00001430
                0x20000000                        . = ALIGN (0x4)
                0x20000000                        PROVIDE (_data_vma = .)

.dlalign        0x00001430        0x0
                0x00001430                        . = ALIGN (0x4)
                0x00001430                        PROVIDE (_data_lma = .)

.data           0x20000000        0x0 load address 0x00001430
                0x20000000                        . = ALIGN (0x4)
                0x200003fc                        __global_pointer$ = (. + 0x3fc)
 *(.gnu.linkonce.r.*)
 *(.data .data.*)
 *(.gnu.linkonce.d.*)
                0x20000000                        . = ALIGN (0x8)
 *(.sdata .sdata.*)
 *(.sdata2*)
 *(.gnu.linkonce.s.*)
                0x20000000                        . = ALIGN (0x8)
 *(.srodata.cst16)
 *(.srodata.cst8)
 *(.srodata.cst4)
 *(.srodata.cst2)
 *(.srodata .srodata.*)
                0x20000000                        . = ALIGN (0x4)
                0x20000000                        PROVIDE (_edata = .)

.bss            0x20000000      0xd70 load address 0x00001430
                0x20000000                        . = ALIGN (0x4)
                0x20000000                        PROVIDE (_sbss = .)
 *(.sbss*)
 .sbss.millis_cnt
                0x20000000        0x8 /tmp/ccf283Ys.ltrans0.ltrans.o
 .sbss.usb_debug
                0x20000008        0x1 /tmp/ccf283Ys.ltrans0.ltrans.o
 *(.gnu.linkonce.sb.*)
 *(.bss*)
 *fill*         0x20000009        0x3 
 .bss.uart_rx_buffer
                0x2000000c      0x800 /tmp/ccf283Ys.ltrans0.ltrans.o
 .bss.uart_tx_buffer
                0x2000080c      0x400 /tmp/ccf283Ys.ltrans0.ltrans.o
 .bss.cdc       0x20000c0c       0x38 /tmp/ccf283Ys.ltrans0.ltrans.o
 .bss.USBFSCTX  0x20000c44      0x12c /tmp/ccf283Ys.ltrans0.ltrans.o
 *(.gnu.linkonce.b.*)
 *(COMMON*)
                0x20000d70                        . = ALIGN (0x4)
                0x20000d70                        PROVIDE (_ebss = .)
                [!provide]                        PROVIDE (_end = _ebss)
                [!provide]                        PROVIDE (end = .)
                0x20005000                        PROVIDE (_eusrstack = (ORIGIN (RAM) + LENGTH (RAM)))

/DISCARD/
 *(.note .note.*)
 *(.eh_frame .eh_frame.*)
 *(.comment .comment.*)
 *(.ARM.extab* .gnu.linkonce.armextab.*)
 *(.ARM.exidx*)
OUTPUT(usbfs_cdc_uart.elf elf32-littleriscv)

.riscv.attributes
                0x00000000       0x4b
 .riscv.attributes
                0x00000000       0x4b /tmp/ccf283Ys.ltrans0.ltrans.o

.debug_info     0x00000000     0x3a95
 .debug_info    0x00000000     0x174f /tmp/ccf283Ys.ltrans0.ltrans.o
 .debug_info    0x0000174f     0x1122 /tmp/ccxpmUU7.debug.temp.o
                0x0000174f                ch32fun.c.5fdb2a71
 .debug_info    0x00002871     0x1224 /tmp/ccZpD2xI.debug.temp.o
                0x00002871                usbfs_cdc_uart.c.5b8701b2

.debug_abbrev   0x00000000      0x869
 .debug_abbrev  0x00000000      0x1d6 /tmp/ccf283Ys.ltrans0.ltrans.o
 .debug_abbrev  0x000001d6      0x2af /tmp/ccxpmUU7.debug.temp.o
 .debug_abbrev  0x00000485      0x3e4 /tmp/ccZpD2xI.debug.temp.o

.debug_loclists
                0x00000000     0x1a3d
 .debug_loclists
                0x00000000     0x1a3d /tmp/ccf283Ys.ltrans0.ltrans.o

.debug_aranges  0x00000000      0x168
 .debug_aranges
                0x00000000      0x168 /tmp/ccf283Ys.ltrans0.ltrans.o

.debug_rnglists
                0x00000000      0x2b7
 .debug_rnglists
                0x00000000      0x2b7 /tmp/ccf283Ys.ltrans0.ltrans.o

.debug_line     0x00000000     0x3f5a
 .debug_line    0x00000000     0x3e59 /tmp/ccf283Ys.ltrans0.ltrans.o
 .debug_line    0x00003e59       0x76 /tmp/ccxpmUU7.debug.temp.o
 .debug_line    0x00003ecf       0x8b /tmp/ccZpD2xI.debug.temp.o

.debug_str      0x00000000     0x12d2
 .debug_str     0x00000000     0x12d2 /tmp/ccf283Ys.ltrans0.ltrans.o
                                0x167 (size before relaxing)
 .debug_str     0x000012d2      0x70f /tmp/ccxpmUU7.debug.temp.o
 .debug_str     0x000012d2      0xdea /tmp/ccZpD2xI.debug.temp.o

.debug_line_str
                0x00000000      0x232
 .debug_line_str
                0x00000000      0x232 /tmp/ccf283Ys.ltrans0.ltrans.o
                                0x162 (size before relaxing)
 .debug_line_str
                0x00000232      0x1dc /tmp/ccxpmUU7.debug.temp.o
 .debug_line_str
                0x00000232      0x1e9 /tmp/ccZpD2xI.debug.temp.o

.debug_frame    0x00000000      0x4e8
 .debug_frame   0x00000000      0x4e8 /tmp/ccf283Ys.ltrans0.ltrans.o
