
Discarded input sections

 .text          0x00000000        0x0 /tmp/ccUoaCRw.ltrans0.ltrans.o
 .data          0x00000000        0x0 /tmp/ccUoaCRw.ltrans0.ltrans.o
 .bss           0x00000000        0x0 /tmp/ccUoaCRw.ltrans0.ltrans.o
 .text.mini_pad
                0x00000000       0x8a /tmp/ccUoaCRw.ltrans0.ltrans.o
 .text._puts    0x00000000       0x42 /tmp/ccUoaCRw.ltrans0.ltrans.o
 .text.mini_itoa.part.0
                0x00000000       0x90 /tmp/ccUoaCRw.ltrans0.ltrans.o
 .text.internal_handle_input.constprop.0
                0x00000000        0xa /tmp/ccUoaCRw.ltrans0.ltrans.o
 .text._write.constprop.0
                0x00000000       0xf8 /tmp/ccUoaCRw.ltrans0.ltrans.o
 .text.__puts_uart
                0x00000000       0x1a /tmp/ccUoaCRw.ltrans0.ltrans.o
 .text.strlen   0x00000000       0x12 /tmp/ccUoaCRw.ltrans0.ltrans.o
 .text.mini_vpprintf
                0x00000000      0x1ea /tmp/ccUoaCRw.ltrans0.ltrans.o
 .text.printf   0x00000000       0x30 /tmp/ccUoaCRw.ltrans0.ltrans.o
 .text.vprintf  0x00000000       0x16 /tmp/ccUoaCRw.ltrans0.ltrans.o
 .text.mini_vsnprintf
                0x00000000       0x42 /tmp/ccUoaCRw.ltrans0.ltrans.o
 .text.snprintf
                0x00000000       0x20 /tmp/ccUoaCRw.ltrans0.ltrans.o
 .text.sprintf  0x00000000       0x2a /tmp/ccUoaCRw.ltrans0.ltrans.o
 .text.memset   0x00000000       0x12 /tmp/ccUoaCRw.ltrans0.ltrans.o
 .text.strcpy   0x00000000       0x14 /tmp/ccUoaCRw.ltrans0.ltrans.o
 .text.strncpy  0x00000000       0x1c /tmp/ccUoaCRw.ltrans0.ltrans.o
 .text.strcmp   0x00000000       0x1a /tmp/ccUoaCRw.ltrans0.ltrans.o
 .text.strncmp  0x00000000       0x2e /tmp/ccUoaCRw.ltrans0.ltrans.o
 .text.strchr   0x00000000       0x16 /tmp/ccUoaCRw.ltrans0.ltrans.o
 .text.strrchr  0x00000000       0x3c /tmp/ccUoaCRw.ltrans0.ltrans.o
 .text.memcpy   0x00000000       0x1c /tmp/ccUoaCRw.ltrans0.ltrans.o
 .text.memcmp   0x00000000       0x20 /tmp/ccUoaCRw.ltrans0.ltrans.o
 .text.memmove  0x00000000       0x5e /tmp/ccUoaCRw.ltrans0.ltrans.o
 .text.memchr   0x00000000       0x1a /tmp/ccUoaCRw.ltrans0.ltrans.o
 .text.strnlen  0x00000000       0x2a /tmp/ccUoaCRw.ltrans0.ltrans.o
 .text.twoway_strstr
                0x00000000      0x256 /tmp/ccUoaCRw.ltrans0.ltrans.o
 .text.strstr   0x00000000      0x118 /tmp/ccUoaCRw.ltrans0.ltrans.o
 .rodata.puts.str1.4
                0x00000000        0x2 /tmp/ccUoaCRw.ltrans0.ltrans.o
 .text.puts     0x00000000       0x40 /tmp/ccUoaCRw.ltrans0.ltrans.o
 .text.setjmp   0x00000000       0x38 /tmp/ccUoaCRw.ltrans0.ltrans.o
 .text.longjmp  0x00000000       0x3c /tmp/ccUoaCRw.ltrans0.ltrans.o
 .text.putchar  0x00000000       0x68 /tmp/ccUoaCRw.ltrans0.ltrans.o
 .comment       0x00000000       0x34 /tmp/ccUoaCRw.ltrans0.ltrans.o
 .note.GNU-stack
                0x00000000        0x0 /tmp/ccUoaCRw.ltrans0.ltrans.o
 .comment       0x00000000       0x34 /tmp/cc5RmPWh.debug.temp.o
 .note.GNU-stack
                0x00000000        0x0 /tmp/cc5RmPWh.debug.temp.o
 .comment       0x00000000       0x34 /tmp/cce3Tw4i.debug.temp.o
 .note.GNU-stack
                0x00000000        0x0 /tmp/cce3Tw4i.debug.temp.o
 .comment       0x00000000       0x34 /tmp/ccq0Fqiw.debug.temp.o
 .note.GNU-stack
                0x00000000        0x0 /tmp/ccq0Fqiw.debug.temp.o

Memory Configuration

Name             Origin             Length             Attributes
FLASH            0x00000000         0x0000f800         xr
RAM              0x20000000         0x00005000         xrw
*default*        0x00000000         0xffffffff

Linker script and memory map

LOAD /tmp/ccQmXnVZ.o
LOAD /tmp/ccUoaCRw.ltrans0.ltrans.o
LOAD /tmp/cc5RmPWh.debug.temp.o
LOAD /tmp/cce3Tw4i.debug.temp.o
LOAD /tmp/ccq0Fqiw.debug.temp.o
LOAD /tmp/ccYLykh9.o
LOAD /tmp/ccpOSjrD.o
LOAD /opt/xpack/riscv-none-elf-gcc/bin/../lib/gcc/riscv-none-elf/14.2.0/libgcc.a

.init           0x00000000       0xe0
                0x00000000                        _sinit = .
                0x00000000                        . = ALIGN (0x4)
 *(SORT_NONE(.init))
 .init          0x00000000       0xde /tmp/ccUoaCRw.ltrans0.ltrans.o
                0x00000000                InterruptVectorDefault
                0x00000000                InterruptVector
                0x000000e0                        . = ALIGN (0x4)
 *fill*         0x000000de        0x2 
                0x000000e0                        _einit = .

.text           0x000000e0     0x33ac
                0x000000e0                        . = ALIGN (0x4)
 *(.text)
 *(.text.*)
 .text.PrintHex
                0x000000e0       0x58 /tmp/ccUoaCRw.ltrans0.ltrans.o
 .text.DelaySysTick
                0x00000138       0x32 /tmp/ccUoaCRw.ltrans0.ltrans.o
 .text.SPI_send_DMA
                0x0000016a       0x3e /tmp/ccUoaCRw.ltrans0.ltrans.o
 .text.SPI_send
                0x000001a8       0x12 /tmp/ccUoaCRw.ltrans0.ltrans.o
 .text.write_command_8
                0x000001ba       0x12 /tmp/ccUoaCRw.ltrans0.ltrans.o
 .text.write_data_16
                0x000001cc       0x28 /tmp/ccUoaCRw.ltrans0.ltrans.o
 .text.tft_set_window
                0x000001f4       0x42 /tmp/ccUoaCRw.ltrans0.ltrans.o
 .text.tft_print
                0x00000236      0x118 /tmp/ccUoaCRw.ltrans0.ltrans.o
 .text.tft_fill_rect.constprop.0
                0x0000034e       0x8e /tmp/ccUoaCRw.ltrans0.ltrans.o
 .text.handle_reset
                0x000003dc       0x74 /tmp/ccUoaCRw.ltrans0.ltrans.o
                0x000003dc                handle_reset
 .text.vector_handler
                0x00000450       0x5a /tmp/ccUoaCRw.ltrans0.ltrans.o
                0x00000450                EXTI2_IRQHandler
                0x00000450                TIM8_TRG_COM_IRQHandler
                0x00000450                TIM8_CC_IRQHandler
                0x00000450                UART8_IRQHandler
                0x00000450                NFC_IRQHandler
                0x00000450                TIM1_CC_IRQHandler
                0x00000450                HardFault_Handler
                0x00000450                GPIOB_IRQHandler
                0x00000450                USBPD_IRQHandler
                0x00000450                TIM6_IRQHandler
                0x00000450                GPIOA_IRQHandler
                0x00000450                SysTick_Handler
                0x00000450                PVD_IRQHandler
                0x00000450                SDIO_IRQHandler
                0x00000450                TIM9_BRK_IRQHandler
                0x00000450                DMA2_Channel8_IRQHandler
                0x00000450                CAN2_RX1_IRQHandler
                0x00000450                EXTI3_IRQHandler
                0x00000450                UART1_IRQHandler
                0x00000450                USBHS_IRQHandler
                0x00000450                DMA2_Channel9_IRQHandler
                0x00000450                TIM10_CC_IRQHandler
                0x00000450                EXTI25_16_IRQHandler
                0x00000450                USBFS_IRQHandler
                0x00000450                UART0_IRQHandler
                0x00000450                EXTI0_IRQHandler
                0x00000450                I2C2_EV_IRQHandler
                0x00000450                TIM10_TRG_COM_IRQHandler
                0x00000450                LPTIM_IRQHandler
                0x00000450                CAN2_SCE_IRQHandler
                0x00000450                ADC1_2_IRQHandler
                0x00000450                BB_IRQHandler
                0x00000450                Break_Point_Handler
                0x00000450                TIM2_CC_IRQHandler
                0x00000450                SPI1_IRQHandler
                0x00000450                TAMPER_IRQHandler
                0x00000450                TMR0_IRQHandler
                0x00000450                AWU_IRQHandler
                0x00000450                EXTI7_0_IRQHandler
                0x00000450                CAN2_RX0_IRQHandler
                0x00000450                OSCWakeUp_IRQHandler
                0x00000450                TIM8_UP_IRQHandler
                0x00000450                Ecall_M_Mode_Handler
                0x00000450                DMA2_Channel2_IRQHandler
                0x00000450                DMA1_Channel4_IRQHandler
                0x00000450                ADC1_IRQHandler
                0x00000450                TIM2_BRK_IRQHandler
                0x00000450                TIM9_UP_IRQHandler
                0x00000450                USART3_IRQHandler
                0x00000450                RTC_IRQHandler
                0x00000450                DMA1_Channel7_IRQHandler
                0x00000450                LED_IRQHandler
                0x00000450                CAN1_RX1_IRQHandler
                0x00000450                DVP_IRQHandler
                0x00000450                UART5_IRQHandler
                0x00000450                EXTI15_8_IRQHandler
                0x00000450                TIM4_IRQHandler
                0x00000450                DMA2_Channel1_IRQHandler
                0x00000450                USBPD_WKUP_IRQHandler
                0x00000450                I2C1_EV_IRQHandler
                0x00000450                UART2_IRQHandler
                0x00000450                USART4_IRQHandler
                0x00000450                PWMX_IRQHandler
                0x00000450                DMA1_Channel6_IRQHandler
                0x00000450                UART4_IRQHandler
                0x00000450                DMA2_Channel4_IRQHandler
                0x00000450                TIM3_IRQHandler
                0x00000450                RCC_IRQHandler
                0x00000450                TIM1_TRG_COM_IRQHandler
                0x00000450                DMA1_Channel1_IRQHandler
                0x00000450                DMA2_Channel7_IRQHandler
                0x00000450                EXTI15_10_IRQHandler
                0x00000450                ADC_IRQHandler
                0x00000450                DMA1_Channel8_IRQHandler
                0x00000450                TMR2_IRQHandler
                0x00000450                DefaultIRQHandler
                0x00000450                TIM7_IRQHandler
                0x00000450                CAN2_TX_IRQHandler
                0x00000450                TIM5_IRQHandler
                0x00000450                USB_IRQHandler
                0x00000450                EXTI9_5_IRQHandler
                0x00000450                PIOC_IRQHandler
                0x00000450                SPI2_IRQHandler
                0x00000450                OSC32KCal_IRQHandler
                0x00000450                I2C_IRQHandler
                0x00000450                TIM10_BRK_IRQHandler
                0x00000450                TIM9_CC_IRQHandler
                0x00000450                DMA2_Channel5_IRQHandler
                0x00000450                USB2_IRQHandler
                0x00000450                USBHSWakeUp_IRQHandler
                0x00000450                DMA1_Channel5_IRQHandler
                0x00000450                EXTI4_IRQHandler
                0x00000450                USB_LP_CAN1_RX0_IRQHandler
                0x00000450                RNG_IRQHandler
                0x00000450                USB_HP_CAN1_TX_IRQHandler
                0x00000450                LLE_IRQHandler
                0x00000450                CMPWakeUp_IRQHandler
                0x00000450                DMA1_Channel3_IRQHandler
                0x00000450                FSMC_IRQHandler
                0x00000450                ETH_IRQHandler
                0x00000450                TIM1_UP_IRQHandler
                0x00000450                LPTIMWakeUp_IRQHandler
                0x00000450                WWDG_IRQHandler
                0x00000450                DMA2_Channel11_IRQHandler
                0x00000450                WDOG_BAT_IRQHandler
                0x00000450                Ecall_U_Mode_Handler
                0x00000450                TMR3_IRQHandler
                0x00000450                DMA2_Channel6_IRQHandler
                0x00000450                TIM2_IRQHandler
                0x00000450                SW_Handler
                0x00000450                TIM1_BRK_IRQHandler
                0x00000450                OPA_IRQHandler
                0x00000450                DMA2_Channel10_IRQHandler
                0x00000450                EXTI1_IRQHandler
                0x00000450                SPI0_IRQHandler
                0x00000450                USB2_HOST_IRQHandler
                0x00000450                RTCAlarm_IRQHandler
                0x00000450                TIM10_UP_IRQHandler
                0x00000450                TIM9_TRG_COM_IRQHandler
                0x00000450                UART7_IRQHandler
                0x00000450                USART2_IRQHandler
                0x00000450                UART6_IRQHandler
                0x00000450                ETHWakeUp_IRQHandler
                0x00000450                I2C2_ER_IRQHandler
                0x00000450                DMA1_Channel2_IRQHandler
                0x00000450                TIM8_BRK_IRQHandler
                0x00000450                TIM2_TRG_IRQHandler
                0x00000450                CAN1_SCE_IRQHandler
                0x00000450                FLASH_IRQHandler
                0x00000450                USBFSWakeUp_IRQHandler
                0x00000450                USART1_IRQHandler
                0x00000450                OTG_FS_IRQHandler
                0x00000450                SPI3_IRQHandler
                0x00000450                USBFS_WakeUp_IRQHandler
                0x00000450                UART3_IRQHandler
                0x00000450                I2C1_ER_IRQHandler
                0x00000450                USB2_DEVICE_IRQHandler
                0x00000450                TMR1_IRQHandler
                0x00000450                USBWakeUp_IRQHandler
                0x00000450                DMA2_Channel3_IRQHandler
                0x0000049c                NMI_Handler
                0x0000049c                NMI_RCC_CSS_IRQHandler
 .text.SystemInit
                0x000004aa       0x32 /tmp/ccUoaCRw.ltrans0.ltrans.o
                0x000004aa                SystemInit
 .text.startup.main
                0x000004dc      0x392 /tmp/ccUoaCRw.ltrans0.ltrans.o
                0x000004dc                main
 *(.rodata)
 *(.rodata*)
 *fill*         0x0000086e        0x2 
 .rodata.main.str1.4
                0x00000870       0x4b /tmp/ccUoaCRw.ltrans0.ltrans.o
 *fill*         0x000008bb        0x1 
 .rodata.bitmap_mario_4
                0x000008bc      0xb40 /tmp/ccUoaCRw.ltrans0.ltrans.o
 .rodata.bitmap_mario_3
                0x000013fc      0x908 /tmp/ccUoaCRw.ltrans0.ltrans.o
 .rodata.bitmap_mario_2
                0x00001d04      0x800 /tmp/ccUoaCRw.ltrans0.ltrans.o
 .rodata.bitmap_mario_1
                0x00002504      0x690 /tmp/ccUoaCRw.ltrans0.ltrans.o
 .rodata.bitmap_mario_0
                0x00002b94      0x600 /tmp/ccUoaCRw.ltrans0.ltrans.o
 .rodata.font   0x00003194      0x280 /tmp/ccUoaCRw.ltrans0.ltrans.o
 .rodata.frames
                0x00003414       0x78 /tmp/ccUoaCRw.ltrans0.ltrans.o
 *(.gnu.linkonce.t.*)
                0x0000348c                        . = ALIGN (0x4)

.rela.dyn       0x0000348c        0x0
 .rela.text.handle_reset
                0x0000348c        0x0 /tmp/ccUoaCRw.ltrans0.ltrans.o

.fini           0x0000348c        0x0
 *(SORT_NONE(.fini))
                0x0000348c                        . = ALIGN (0x4)
                [!provide]                        PROVIDE (_etext = .)
                [!provide]                        PROVIDE (_eitcm = .)

.preinit_array  0x0000348c        0x0
                [!provide]                        PROVIDE (__preinit_array_start = .)
 *(.preinit_array)
                [!provide]                        PROVIDE (__preinit_array_end = .)

.init_array     0x0000348c        0x0
                0x0000348c                        PROVIDE (__init_array_start = .)
 *(SORT_BY_INIT_PRIORITY(.init_array.*) SORT_BY_INIT_PRIORITY(.ctors.*))
 *(.init_array EXCLUDE_FILE(*crtend?.o *crtend.o *crtbegin?.o *crtbegin.o) .ctors)
                0x0000348c                        PROVIDE (__init_array_end = .)

.fini_array     0x0000348c        0x0
                [!provide]                        PROVIDE (__fini_array_start = .)
 *(SORT_BY_INIT_PRIORITY(.fini_array.*) SORT_BY_INIT_PRIORITY(.dtors.*))
 *(.fini_array EXCLUDE_FILE(*crtend?.o *crtend.o *crtbegin?.o *crtbegin.o) .dtors)
                [!provide]                        PROVIDE (__fini_array_end = .)

.ctors
 *crtbegin.o(.ctors)
 *crtbegin?.o(.ctors)
 *(EXCLUDE_FILE(*crtend?.o *crtend.o) .ctors)
 *(SORT_BY_NAME(.ctors.*))
 *(.ctors)

.dtors
 *crtbegin.o(.dtors)
 *crtbegin?.o(.dtors)
 *(EXCLUDE_FILE(*crtend?.o *crtend.o) .dtors)
 *(SORT_BY_NAME(.dtors.*))
 *(.dtors)

.dalign         0x20000000        0x0 load address 0x0000348c
                0x20000000                        . = ALIGN (0x4)
                0x20000000                        PROVIDE (_data_vma = .)

.dlalign        0x0000348c        0x0
                0x0000348c                        . = ALIGN (0x4)
                0x0000348c                        PROVIDE (_data_lma = .)

.data           0x20000000        0x8 load address 0x0000348c
                0x20000000                        . = ALIGN (0x4)
                0x200003fc                        __global_pointer$ = (. + 0x3fc)
 *(.gnu.linkonce.r.*)
 *(.data .data.*)
 *(.gnu.linkonce.d.*)
                0x20000000                        . = ALIGN (0x8)
 *(.sdata .sdata.*)
 .sdata._color  0x20000000        0x2 /tmp/ccUoaCRw.ltrans0.ltrans.o
 *(.sdata2*)
 *(.gnu.linkonce.s.*)
                0x20000008                        . = ALIGN (0x8)
 *fill*         0x20000002        0x6 
 *(.srodata.cst16)
 *(.srodata.cst8)
 *(.srodata.cst4)
 *(.srodata.cst2)
 *(.srodata .srodata.*)
                0x20000008                        . = ALIGN (0x4)
                0x20000008                        PROVIDE (_edata = .)

.bss            0x20000008      0x1f4 load address 0x00003494
                0x20000008                        . = ALIGN (0x4)
                0x20000008                        PROVIDE (_sbss = .)
 *(.sbss*)
 .sbss._bg_color
                0x20000008        0x2 /tmp/ccUoaCRw.ltrans0.ltrans.o
 .sbss._cursor_y
                0x2000000a        0x2 /tmp/ccUoaCRw.ltrans0.ltrans.o
 .sbss._cursor_x
                0x2000000c        0x2 /tmp/ccUoaCRw.ltrans0.ltrans.o
 *(.gnu.linkonce.sb.*)
 *(.bss*)
 *fill*         0x2000000e        0x2 
 .bss._buffer   0x20000010      0x1e0 /tmp/ccUoaCRw.ltrans0.ltrans.o
 .bss.str.0     0x200001f0        0xc /tmp/ccUoaCRw.ltrans0.ltrans.o
 *(.gnu.linkonce.b.*)
 *(COMMON*)
                0x200001fc                        . = ALIGN (0x4)
                0x200001fc                        PROVIDE (_ebss = .)
                [!provide]                        PROVIDE (_end = _ebss)
                [!provide]                        PROVIDE (end = .)
                0x20005000                        PROVIDE (_eusrstack = (ORIGIN (RAM) + LENGTH (RAM)))

/DISCARD/
 *(.note .note.*)
 *(.eh_frame .eh_frame.*)
 *(.comment .comment.*)
 *(.ARM.extab* .gnu.linkonce.armextab.*)
 *(.ARM.exidx*)
OUTPUT(main.elf elf32-littleriscv)

.riscv.attributes
                0x00000000       0x4b
 .riscv.attributes
                0x00000000       0x4b /tmp/ccUoaCRw.ltrans0.ltrans.o

.debug_info     0x00000000     0x3588
 .debug_info    0x00000000     0x1884 /tmp/ccUoaCRw.ltrans0.ltrans.o
 .debug_info    0x00001884     0x1122 /tmp/cc5RmPWh.debug.temp.o
                0x00001884                ch32fun.c.c8fbc502
 .debug_info    0x000029a6      0x313 /tmp/cce3Tw4i.debug.temp.o
                0x000029a6                main.c.af105a94
 .debug_info    0x00002cb9      0x8cf /tmp/ccq0Fqiw.debug.temp.o
                0x00002cb9                st7789.c.344d8640

.debug_abbrev   0x00000000      0x752
 .debug_abbrev  0x00000000      0x192 /tmp/ccUoaCRw.ltrans0.ltrans.o
 .debug_abbrev  0x00000192      0x2af /tmp/cc5RmPWh.debug.temp.o
 .debug_abbrev  0x00000441      0x133 /tmp/cce3Tw4i.debug.temp.o
 .debug_abbrev  0x00000574      0x1de /tmp/ccq0Fqiw.debug.temp.o

.debug_loclists
                0x00000000     0x1938
 .debug_loclists
                0x00000000     0x1938 /tmp/ccUoaCRw.ltrans0.ltrans.o

.debug_aranges  0x00000000      0x188
 .debug_aranges
                0x00000000      0x188 /tmp/ccUoaCRw.ltrans0.ltrans.o

.debug_rnglists
                0x00000000      0x366
 .debug_rnglists
                0x00000000      0x366 /tmp/ccUoaCRw.ltrans0.ltrans.o

.debug_line     0x00000000     0x34e3
 .debug_line    0x00000000     0x33bc /tmp/ccUoaCRw.ltrans0.ltrans.o
 .debug_line    0x000033bc       0x76 /tmp/cc5RmPWh.debug.temp.o
 .debug_line    0x00003432       0x56 /tmp/cce3Tw4i.debug.temp.o
 .debug_line    0x00003488       0x5b /tmp/ccq0Fqiw.debug.temp.o

.debug_str      0x00000000      0xadb
 .debug_str     0x00000000      0xadb /tmp/ccUoaCRw.ltrans0.ltrans.o
                                0x17a (size before relaxing)
 .debug_str     0x00000adb      0x70f /tmp/cc5RmPWh.debug.temp.o
 .debug_str     0x00000adb      0x2b0 /tmp/cce3Tw4i.debug.temp.o
 .debug_str     0x00000adb      0x530 /tmp/ccq0Fqiw.debug.temp.o

.debug_line_str
                0x00000000      0x20d
 .debug_line_str
                0x00000000      0x20d /tmp/ccUoaCRw.ltrans0.ltrans.o
                                0x153 (size before relaxing)
 .debug_line_str
                0x0000020d      0x1dc /tmp/cc5RmPWh.debug.temp.o
 .debug_line_str
                0x0000020d      0x111 /tmp/cce3Tw4i.debug.temp.o
 .debug_line_str
                0x0000020d      0x121 /tmp/ccq0Fqiw.debug.temp.o

.debug_frame    0x00000000      0x508
 .debug_frame   0x00000000      0x508 /tmp/ccUoaCRw.ltrans0.ltrans.o
