
Discarded input sections

 .text          0x00000000        0x0 /tmp/cc4hn80W.ltrans0.ltrans.o
 .data          0x00000000        0x0 /tmp/cc4hn80W.ltrans0.ltrans.o
 .bss           0x00000000        0x0 /tmp/cc4hn80W.ltrans0.ltrans.o
 .text.vprintf  0x00000000       0x16 /tmp/cc4hn80W.ltrans0.ltrans.o
 .text.mini_vsnprintf
                0x00000000       0x42 /tmp/cc4hn80W.ltrans0.ltrans.o
 .text.snprintf
                0x00000000       0x20 /tmp/cc4hn80W.ltrans0.ltrans.o
 .text.sprintf  0x00000000       0x2a /tmp/cc4hn80W.ltrans0.ltrans.o
 .text.memset   0x00000000       0x12 /tmp/cc4hn80W.ltrans0.ltrans.o
 .text.strcpy   0x00000000       0x14 /tmp/cc4hn80W.ltrans0.ltrans.o
 .text.strncpy  0x00000000       0x1c /tmp/cc4hn80W.ltrans0.ltrans.o
 .text.strcmp   0x00000000       0x1a /tmp/cc4hn80W.ltrans0.ltrans.o
 .text.strncmp  0x00000000       0x2e /tmp/cc4hn80W.ltrans0.ltrans.o
 .text.strchr   0x00000000       0x16 /tmp/cc4hn80W.ltrans0.ltrans.o
 .text.strrchr  0x00000000       0x3c /tmp/cc4hn80W.ltrans0.ltrans.o
 .text.memcmp   0x00000000       0x20 /tmp/cc4hn80W.ltrans0.ltrans.o
 .text.memmove  0x00000000       0x5e /tmp/cc4hn80W.ltrans0.ltrans.o
 .text.memchr   0x00000000       0x1a /tmp/cc4hn80W.ltrans0.ltrans.o
 .text.strnlen  0x00000000       0x2a /tmp/cc4hn80W.ltrans0.ltrans.o
 .text.twoway_strstr
                0x00000000      0x256 /tmp/cc4hn80W.ltrans0.ltrans.o
 .text.strstr   0x00000000      0x118 /tmp/cc4hn80W.ltrans0.ltrans.o
 .text.setjmp   0x00000000       0x38 /tmp/cc4hn80W.ltrans0.ltrans.o
 .text.longjmp  0x00000000       0x3c /tmp/cc4hn80W.ltrans0.ltrans.o
 .text.putchar  0x00000000       0x68 /tmp/cc4hn80W.ltrans0.ltrans.o
 .comment       0x00000000       0x34 /tmp/cc4hn80W.ltrans0.ltrans.o
 .note.GNU-stack
                0x00000000        0x0 /tmp/cc4hn80W.ltrans0.ltrans.o
 .comment       0x00000000       0x34 /tmp/ccb4Jq3G.debug.temp.o
 .note.GNU-stack
                0x00000000        0x0 /tmp/ccb4Jq3G.debug.temp.o
 .comment       0x00000000       0x34 /tmp/cc1KJwXl.debug.temp.o
 .note.GNU-stack
                0x00000000        0x0 /tmp/cc1KJwXl.debug.temp.o

Memory Configuration

Name             Origin             Length             Attributes
FLASH            0x00000000         0x0000f800         xr
RAM              0x20000000         0x00005000         xrw
*default*        0x00000000         0xffffffff

Linker script and memory map

LOAD /tmp/ccb78wfk.o
LOAD /tmp/cc4hn80W.ltrans0.ltrans.o
LOAD /tmp/ccb4Jq3G.debug.temp.o
LOAD /tmp/cc1KJwXl.debug.temp.o
LOAD /tmp/ccQ6DBj6.o
LOAD /opt/xpack/riscv-none-elf-gcc/bin/../lib/gcc/riscv-none-elf/14.2.0/libgcc.a

.init           0x00000000       0xe0
                0x00000000                        _sinit = .
                0x00000000                        . = ALIGN (0x4)
 *(SORT_NONE(.init))
 .init          0x00000000       0xde /tmp/cc4hn80W.ltrans0.ltrans.o
                0x00000000                InterruptVectorDefault
                0x00000000                InterruptVector
                0x000000e0                        . = ALIGN (0x4)
 *fill*         0x000000de        0x2 
                0x000000e0                        _einit = .

.text           0x000000e0     0x18a8
                0x000000e0                        . = ALIGN (0x4)
 *(.text)
 *(.text.*)
 .text.mini_pad
                0x000000e0       0x8a /tmp/cc4hn80W.ltrans0.ltrans.o
 .text._puts    0x0000016a       0x42 /tmp/cc4hn80W.ltrans0.ltrans.o
 .text.PrintHex
                0x000001ac       0x58 /tmp/cc4hn80W.ltrans0.ltrans.o
 .text.mini_itoa.part.0
                0x00000204       0x90 /tmp/cc4hn80W.ltrans0.ltrans.o
 .text.USBFS_InternalFinishSetup
                0x00000294       0xa8 /tmp/cc4hn80W.ltrans0.ltrans.o
 .text.DelaySysTick.constprop.0
                0x0000033c       0x32 /tmp/cc4hn80W.ltrans0.ltrans.o
 .text.internal_handle_input.constprop.0
                0x0000036e       0x22 /tmp/cc4hn80W.ltrans0.ltrans.o
 .text._write.constprop.0
                0x00000390       0xec /tmp/cc4hn80W.ltrans0.ltrans.o
 .text.__puts_uart
                0x0000047c       0x14 /tmp/cc4hn80W.ltrans0.ltrans.o
 .text.handle_reset
                0x00000490       0x7a /tmp/cc4hn80W.ltrans0.ltrans.o
                0x00000490                handle_reset
 .text.vector_handler
                0x0000050a      0x78c /tmp/cc4hn80W.ltrans0.ltrans.o
                0x0000050a                EXTI2_IRQHandler
                0x0000050a                TIM8_TRG_COM_IRQHandler
                0x0000050a                TIM8_CC_IRQHandler
                0x0000050a                UART8_IRQHandler
                0x0000050a                NFC_IRQHandler
                0x0000050a                TIM1_CC_IRQHandler
                0x0000050a                HardFault_Handler
                0x0000050a                GPIOB_IRQHandler
                0x0000050a                USBPD_IRQHandler
                0x0000050a                TIM6_IRQHandler
                0x0000050a                GPIOA_IRQHandler
                0x0000050a                PVD_IRQHandler
                0x0000050a                SDIO_IRQHandler
                0x0000050a                TIM9_BRK_IRQHandler
                0x0000050a                DMA2_Channel8_IRQHandler
                0x0000050a                CAN2_RX1_IRQHandler
                0x0000050a                EXTI3_IRQHandler
                0x0000050a                UART1_IRQHandler
                0x0000050a                USBHS_IRQHandler
                0x0000050a                DMA2_Channel9_IRQHandler
                0x0000050a                TIM10_CC_IRQHandler
                0x0000050a                EXTI25_16_IRQHandler
                0x0000050a                UART0_IRQHandler
                0x0000050a                EXTI0_IRQHandler
                0x0000050a                I2C2_EV_IRQHandler
                0x0000050a                TIM10_TRG_COM_IRQHandler
                0x0000050a                LPTIM_IRQHandler
                0x0000050a                CAN2_SCE_IRQHandler
                0x0000050a                ADC1_2_IRQHandler
                0x0000050a                BB_IRQHandler
                0x0000050a                Break_Point_Handler
                0x0000050a                TIM2_CC_IRQHandler
                0x0000050a                SPI1_IRQHandler
                0x0000050a                TAMPER_IRQHandler
                0x0000050a                TMR0_IRQHandler
                0x0000050a                AWU_IRQHandler
                0x0000050a                EXTI7_0_IRQHandler
                0x0000050a                CAN2_RX0_IRQHandler
                0x0000050a                OSCWakeUp_IRQHandler
                0x0000050a                TIM8_UP_IRQHandler
                0x0000050a                Ecall_M_Mode_Handler
                0x0000050a                DMA2_Channel2_IRQHandler
                0x0000050a                DMA1_Channel4_IRQHandler
                0x0000050a                ADC1_IRQHandler
                0x0000050a                TIM2_BRK_IRQHandler
                0x0000050a                TIM9_UP_IRQHandler
                0x0000050a                USART3_IRQHandler
                0x0000050a                RTC_IRQHandler
                0x0000050a                DMA1_Channel7_IRQHandler
                0x0000050a                LED_IRQHandler
                0x0000050a                CAN1_RX1_IRQHandler
                0x0000050a                DVP_IRQHandler
                0x0000050a                UART5_IRQHandler
                0x0000050a                EXTI15_8_IRQHandler
                0x0000050a                TIM4_IRQHandler
                0x0000050a                DMA2_Channel1_IRQHandler
                0x0000050a                USBPD_WKUP_IRQHandler
                0x0000050a                I2C1_EV_IRQHandler
                0x0000050a                UART2_IRQHandler
                0x0000050a                USART4_IRQHandler
                0x0000050a                PWMX_IRQHandler
                0x0000050a                DMA1_Channel6_IRQHandler
                0x0000050a                UART4_IRQHandler
                0x0000050a                DMA2_Channel4_IRQHandler
                0x0000050a                TIM3_IRQHandler
                0x0000050a                RCC_IRQHandler
                0x0000050a                TIM1_TRG_COM_IRQHandler
                0x0000050a                DMA1_Channel1_IRQHandler
                0x0000050a                DMA2_Channel7_IRQHandler
                0x0000050a                EXTI15_10_IRQHandler
                0x0000050a                ADC_IRQHandler
                0x0000050a                DMA1_Channel8_IRQHandler
                0x0000050a                TMR2_IRQHandler
                0x0000050a                DefaultIRQHandler
                0x0000050a                TIM7_IRQHandler
                0x0000050a                CAN2_TX_IRQHandler
                0x0000050a                TIM5_IRQHandler
                0x0000050a                USB_IRQHandler
                0x0000050a                EXTI9_5_IRQHandler
                0x0000050a                PIOC_IRQHandler
                0x0000050a                SPI2_IRQHandler
                0x0000050a                OSC32KCal_IRQHandler
                0x0000050a                I2C_IRQHandler
                0x0000050a                TIM10_BRK_IRQHandler
                0x0000050a                TIM9_CC_IRQHandler
                0x0000050a                DMA2_Channel5_IRQHandler
                0x0000050a                USB2_IRQHandler
                0x0000050a                USBHSWakeUp_IRQHandler
                0x0000050a                DMA1_Channel5_IRQHandler
                0x0000050a                EXTI4_IRQHandler
                0x0000050a                USB_LP_CAN1_RX0_IRQHandler
                0x0000050a                RNG_IRQHandler
                0x0000050a                USB_HP_CAN1_TX_IRQHandler
                0x0000050a                LLE_IRQHandler
                0x0000050a                CMPWakeUp_IRQHandler
                0x0000050a                DMA1_Channel3_IRQHandler
                0x0000050a                FSMC_IRQHandler
                0x0000050a                ETH_IRQHandler
                0x0000050a                TIM1_UP_IRQHandler
                0x0000050a                LPTIMWakeUp_IRQHandler
                0x0000050a                WWDG_IRQHandler
                0x0000050a                DMA2_Channel11_IRQHandler
                0x0000050a                WDOG_BAT_IRQHandler
                0x0000050a                Ecall_U_Mode_Handler
                0x0000050a                TMR3_IRQHandler
                0x0000050a                DMA2_Channel6_IRQHandler
                0x0000050a                TIM2_IRQHandler
                0x0000050a                SW_Handler
                0x0000050a                TIM1_BRK_IRQHandler
                0x0000050a                OPA_IRQHandler
                0x0000050a                DMA2_Channel10_IRQHandler
                0x0000050a                EXTI1_IRQHandler
                0x0000050a                SPI0_IRQHandler
                0x0000050a                USB2_HOST_IRQHandler
                0x0000050a                RTCAlarm_IRQHandler
                0x0000050a                TIM10_UP_IRQHandler
                0x0000050a                TIM9_TRG_COM_IRQHandler
                0x0000050a                UART7_IRQHandler
                0x0000050a                USART2_IRQHandler
                0x0000050a                UART6_IRQHandler
                0x0000050a                ETHWakeUp_IRQHandler
                0x0000050a                I2C2_ER_IRQHandler
                0x0000050a                DMA1_Channel2_IRQHandler
                0x0000050a                TIM8_BRK_IRQHandler
                0x0000050a                TIM2_TRG_IRQHandler
                0x0000050a                CAN1_SCE_IRQHandler
                0x0000050a                FLASH_IRQHandler
                0x0000050a                USBFSWakeUp_IRQHandler
                0x0000050a                USART1_IRQHandler
                0x0000050a                OTG_FS_IRQHandler
                0x0000050a                SPI3_IRQHandler
                0x0000050a                USBFS_WakeUp_IRQHandler
                0x0000050a                UART3_IRQHandler
                0x0000050a                I2C1_ER_IRQHandler
                0x0000050a                USB2_DEVICE_IRQHandler
                0x0000050a                TMR1_IRQHandler
                0x0000050a                USBWakeUp_IRQHandler
                0x0000050a                DMA2_Channel3_IRQHandler
                0x00000556                NMI_Handler
                0x00000556                NMI_RCC_CSS_IRQHandler
 .text.strlen   0x00000c96       0x12 /tmp/cc4hn80W.ltrans0.ltrans.o
                0x00000c96                strlen
 .text.mini_vpprintf
                0x00000ca8      0x1d4 /tmp/cc4hn80W.ltrans0.ltrans.o
 .text.printf   0x00000e7c       0x26 /tmp/cc4hn80W.ltrans0.ltrans.o
                0x00000e7c                printf
 .text.memcpy   0x00000ea2       0x1c /tmp/cc4hn80W.ltrans0.ltrans.o
                0x00000ea2                memcpy
 .text.puts     0x00000ebe       0x30 /tmp/cc4hn80W.ltrans0.ltrans.o
                0x00000ebe                puts
 .text.SystemInit
                0x00000eee       0x32 /tmp/cc4hn80W.ltrans0.ltrans.o
                0x00000eee                SystemInit
 .text.startup.main
                0x00000f20      0x5c2 /tmp/cc4hn80W.ltrans0.ltrans.o
                0x00000f20                main
 .text.SysTick_Handler
                0x000014e2       0x7c /tmp/cc4hn80W.ltrans0.ltrans.o
 *(.rodata)
 *fill*         0x0000155e        0x2 
 .rodata        0x00001560       0x44 /tmp/cc4hn80W.ltrans0.ltrans.o
 *(.rodata*)
 .rodata.puts.str1.4
                0x000015a4      0x312 /tmp/cc4hn80W.ltrans0.ltrans.o
                                  0x2 (size before relaxing)
 .rodata.main.str1.4
                0x000018b6      0x1db /tmp/cc4hn80W.ltrans0.ltrans.o
 .rodata.vector_handler.str1.4
                0x000018b6      0x12e /tmp/cc4hn80W.ltrans0.ltrans.o
 *fill*         0x000018b6        0x2 
 .rodata.vector_handler
                0x000018b8       0x30 /tmp/cc4hn80W.ltrans0.ltrans.o
 .rodata.config_descriptor
                0x000018e8       0x43 /tmp/cc4hn80W.ltrans0.ltrans.o
 *fill*         0x0000192b        0x1 
 .rodata.device_descriptor
                0x0000192c       0x12 /tmp/cc4hn80W.ltrans0.ltrans.o
 *fill*         0x0000193e        0x2 
 .rodata.descriptor_list
                0x00001940       0x48 /tmp/cc4hn80W.ltrans0.ltrans.o
 *(.gnu.linkonce.t.*)
                0x00001988                        . = ALIGN (0x4)

.rela.dyn       0x00001988        0x0
 .rela.text.handle_reset
                0x00001988        0x0 /tmp/cc4hn80W.ltrans0.ltrans.o

.fini           0x00001988        0x0
 *(SORT_NONE(.fini))
                0x00001988                        . = ALIGN (0x4)
                [!provide]                        PROVIDE (_etext = .)
                [!provide]                        PROVIDE (_eitcm = .)

.preinit_array  0x00001988        0x0
                [!provide]                        PROVIDE (__preinit_array_start = .)
 *(.preinit_array)
                [!provide]                        PROVIDE (__preinit_array_end = .)

.init_array     0x00001988        0x0
                0x00001988                        PROVIDE (__init_array_start = .)
 *(SORT_BY_INIT_PRIORITY(.init_array.*) SORT_BY_INIT_PRIORITY(.ctors.*))
 *(.init_array EXCLUDE_FILE(*crtend?.o *crtend.o *crtbegin?.o *crtbegin.o) .ctors)
                0x00001988                        PROVIDE (__init_array_end = .)

.fini_array     0x00001988        0x0
                [!provide]                        PROVIDE (__fini_array_start = .)
 *(SORT_BY_INIT_PRIORITY(.fini_array.*) SORT_BY_INIT_PRIORITY(.dtors.*))
 *(.fini_array EXCLUDE_FILE(*crtend?.o *crtend.o *crtbegin?.o *crtbegin.o) .dtors)
                [!provide]                        PROVIDE (__fini_array_end = .)

.ctors
 *crtbegin.o(.ctors)
 *crtbegin?.o(.ctors)
 *(EXCLUDE_FILE(*crtend?.o *crtend.o) .ctors)
 *(SORT_BY_NAME(.ctors.*))
 *(.ctors)

.dtors
 *crtbegin.o(.dtors)
 *crtbegin?.o(.dtors)
 *(EXCLUDE_FILE(*crtend?.o *crtend.o) .dtors)
 *(SORT_BY_NAME(.dtors.*))
 *(.dtors)

.dalign         0x20000000        0x0 load address 0x00001988
                0x20000000                        . = ALIGN (0x4)
                0x20000000                        PROVIDE (_data_vma = .)

.dlalign        0x00001988        0x0
                0x00001988                        . = ALIGN (0x4)
                0x00001988                        PROVIDE (_data_lma = .)

.data           0x20000000        0x0 load address 0x00001988
                0x20000000                        . = ALIGN (0x4)
                0x200003fc                        __global_pointer$ = (. + 0x3fc)
 *(.gnu.linkonce.r.*)
 *(.data .data.*)
 *(.gnu.linkonce.d.*)
                0x20000000                        . = ALIGN (0x8)
 *(.sdata .sdata.*)
 *(.sdata2*)
 *(.gnu.linkonce.s.*)
                0x20000000                        . = ALIGN (0x8)
 *(.srodata.cst16)
 *(.srodata.cst8)
 *(.srodata.cst4)
 *(.srodata.cst2)
 *(.srodata .srodata.*)
                0x20000000                        . = ALIGN (0x4)
                0x20000000                        PROVIDE (_edata = .)

.bss            0x20000000      0xd8c load address 0x00001988
                0x20000000                        . = ALIGN (0x4)
                0x20000000                        PROVIDE (_sbss = .)
 *(.sbss*)
 .sbss.uart_debug
                0x20000000        0x1 /tmp/cc4hn80W.ltrans0.ltrans.o
 .sbss.terminal_input
                0x20000001        0x1 /tmp/cc4hn80W.ltrans0.ltrans.o
 *fill*         0x20000002        0x6 
 .sbss.millis_cnt
                0x20000008        0x8 /tmp/cc4hn80W.ltrans0.ltrans.o
 .sbss.usb_debug
                0x20000010        0x1 /tmp/cc4hn80W.ltrans0.ltrans.o
 *(.gnu.linkonce.sb.*)
 *(.bss*)
 *fill*         0x20000011        0x3 
 .bss.uart      0x20000014       0x10 /tmp/cc4hn80W.ltrans0.ltrans.o
 .bss.uart_rx_buffer
                0x20000024      0x800 /tmp/cc4hn80W.ltrans0.ltrans.o
 .bss.uart_tx_buffer
                0x20000824      0x400 /tmp/cc4hn80W.ltrans0.ltrans.o
 .bss.cdc       0x20000c24       0x3c /tmp/cc4hn80W.ltrans0.ltrans.o
 .bss.USBFSCTX  0x20000c60      0x12c /tmp/cc4hn80W.ltrans0.ltrans.o
 *(.gnu.linkonce.b.*)
 *(COMMON*)
                0x20000d8c                        . = ALIGN (0x4)
                0x20000d8c                        PROVIDE (_ebss = .)
                [!provide]                        PROVIDE (_end = _ebss)
                [!provide]                        PROVIDE (end = .)
                0x20005000                        PROVIDE (_eusrstack = (ORIGIN (RAM) + LENGTH (RAM)))

/DISCARD/
 *(.note .note.*)
 *(.eh_frame .eh_frame.*)
 *(.comment .comment.*)
 *(.ARM.extab* .gnu.linkonce.armextab.*)
 *(.ARM.exidx*)
OUTPUT(usbfs_cdc_uart.elf elf32-littleriscv)

.riscv.attributes
                0x00000000       0x4b
 .riscv.attributes
                0x00000000       0x4b /tmp/cc4hn80W.ltrans0.ltrans.o

.debug_info     0x00000000     0x3e4c
 .debug_info    0x00000000     0x198c /tmp/cc4hn80W.ltrans0.ltrans.o
 .debug_info    0x0000198c     0x1122 /tmp/ccb4Jq3G.debug.temp.o
                0x0000198c                ch32fun.c.3e4c3f38
 .debug_info    0x00002aae     0x139e /tmp/cc1KJwXl.debug.temp.o
                0x00002aae                usbfs_cdc_uart.c.ce918201

.debug_abbrev   0x00000000      0x87b
 .debug_abbrev  0x00000000      0x1e8 /tmp/cc4hn80W.ltrans0.ltrans.o
 .debug_abbrev  0x000001e8      0x2af /tmp/ccb4Jq3G.debug.temp.o
 .debug_abbrev  0x00000497      0x3e4 /tmp/cc1KJwXl.debug.temp.o

.debug_loclists
                0x00000000     0x1b40
 .debug_loclists
                0x00000000     0x1b40 /tmp/cc4hn80W.ltrans0.ltrans.o

.debug_aranges  0x00000000      0x168
 .debug_aranges
                0x00000000      0x168 /tmp/cc4hn80W.ltrans0.ltrans.o

.debug_rnglists
                0x00000000      0x2df
 .debug_rnglists
                0x00000000      0x2df /tmp/cc4hn80W.ltrans0.ltrans.o

.debug_line     0x00000000     0x43dd
 .debug_line    0x00000000     0x42e5 /tmp/cc4hn80W.ltrans0.ltrans.o
 .debug_line    0x000042e5       0x76 /tmp/ccb4Jq3G.debug.temp.o
 .debug_line    0x0000435b       0x82 /tmp/cc1KJwXl.debug.temp.o

.debug_str      0x00000000     0x1362
 .debug_str     0x00000000     0x1362 /tmp/cc4hn80W.ltrans0.ltrans.o
                                0x167 (size before relaxing)
 .debug_str     0x00001362      0x70f /tmp/ccb4Jq3G.debug.temp.o
 .debug_str     0x00001362      0xeb7 /tmp/cc1KJwXl.debug.temp.o

.debug_line_str
                0x00000000      0x22c
 .debug_line_str
                0x00000000      0x22c /tmp/cc4hn80W.ltrans0.ltrans.o
                                0x161 (size before relaxing)
 .debug_line_str
                0x0000022c      0x1db /tmp/ccb4Jq3G.debug.temp.o
 .debug_line_str
                0x0000022c      0x19d /tmp/cc1KJwXl.debug.temp.o

.debug_frame    0x00000000      0x4e4
 .debug_frame   0x00000000      0x4e4 /tmp/cc4hn80W.ltrans0.ltrans.o
